Component: ARM Compiler 5.06 update 6 (build 750) Tool: armlink [4d35ed]

==============================================================================

Section Cross References

    main.o(.text) refers to misc.o(.text) for NVIC_PriorityGroupConfig
    main.o(.text) refers to delay.o(.text) for delay_init
    main.o(.text) refers to key.o(.text) for KEY_Init
    main.o(.text) refers to oled.o(.text) for OLED_Init
    main.o(.text) refers to ec11.o(.text) for EC11_Init
    main.o(.text) refers to power.o(.text) for POWER_Init
    main.o(.text) refers to rocker.o(.text) for ROCKER_Init
    main.o(.text) refers to 24l01.o(.text) for NRF24L01_Init
    main.o(.text) refers to timer.o(.text) for TIM6_init
    main.o(.text) refers to stm32f4xx_gpio.o(.text) for GPIO_ReadInputDataBit
    main.o(.text) refers to memseta.o(.text) for __aeabi_memclr4
    main.o(.text) refers to printf1.o(i.__0sprintf$1) for __2sprintf
    main.o(.text) refers to key.o(.data) for key_value
    main.o(.text) refers to main.o(.data) for gps_count
    main.o(.text) refers to 24l01.o(.bss) for tmp_buf
    main.o(.text) refers to ec11.o(.data) for EC11_Num1
    main.o(.text) refers to rocker.o(.data) for adcx1
    system_stm32f4xx.o(.text) refers to system_stm32f4xx.o(.data) for SystemCoreClock
    startup_stm32f40_41xxx.o(RESET) refers to startup_stm32f40_41xxx.o(STACK) for __initial_sp
    startup_stm32f40_41xxx.o(RESET) refers to startup_stm32f40_41xxx.o(.text) for Reset_Handler
    startup_stm32f40_41xxx.o(RESET) refers to stm32f4xx_it.o(.text) for NMI_Handler
    startup_stm32f40_41xxx.o(RESET) refers to ec11.o(.text) for TIM3_IRQHandler
    startup_stm32f40_41xxx.o(RESET) refers to jy62.o(.text) for USART1_IRQHandler
    startup_stm32f40_41xxx.o(RESET) refers to timer.o(.text) for TIM6_DAC_IRQHandler
    startup_stm32f40_41xxx.o(.text) refers to system_stm32f4xx.o(.text) for SystemInit
    startup_stm32f40_41xxx.o(.text) refers to entry.o(.ARM.Collect$$$$00000000) for __main
    stm32f4xx_adc.o(.text) refers to stm32f4xx_rcc.o(.text) for RCC_APB2PeriphResetCmd
    stm32f4xx_can.o(.text) refers to stm32f4xx_rcc.o(.text) for RCC_APB1PeriphResetCmd
    stm32f4xx_cryp.o(.text) refers to stm32f4xx_rcc.o(.text) for RCC_AHB2PeriphResetCmd
    stm32f4xx_cryp_aes.o(.text) refers to stm32f4xx_cryp.o(.text) for CRYP_KeyStructInit
    stm32f4xx_cryp_des.o(.text) refers to stm32f4xx_cryp.o(.text) for CRYP_KeyStructInit
    stm32f4xx_cryp_tdes.o(.text) refers to stm32f4xx_cryp.o(.text) for CRYP_KeyStructInit
    stm32f4xx_dac.o(.text) refers to stm32f4xx_rcc.o(.text) for RCC_APB1PeriphResetCmd
    stm32f4xx_dma2d.o(.text) refers to stm32f4xx_rcc.o(.text) for RCC_AHB1PeriphResetCmd
    stm32f4xx_fsmc.o(.text) refers to stm32f4xx_fsmc.o(.constdata) for FSMC_DefaultTimingStruct
    stm32f4xx_gpio.o(.text) refers to stm32f4xx_rcc.o(.text) for RCC_AHB1PeriphResetCmd
    stm32f4xx_hash.o(.text) refers to stm32f4xx_rcc.o(.text) for RCC_AHB2PeriphResetCmd
    stm32f4xx_hash_md5.o(.text) refers to stm32f4xx_hash.o(.text) for HASH_DeInit
    stm32f4xx_hash_sha1.o(.text) refers to stm32f4xx_hash.o(.text) for HASH_DeInit
    stm32f4xx_i2c.o(.text) refers to stm32f4xx_rcc.o(.text) for RCC_APB1PeriphResetCmd
    stm32f4xx_ltdc.o(.text) refers to stm32f4xx_rcc.o(.text) for RCC_APB2PeriphResetCmd
    stm32f4xx_pwr.o(.text) refers to stm32f4xx_rcc.o(.text) for RCC_APB1PeriphResetCmd
    stm32f4xx_rcc.o(.text) refers to stm32f4xx_rcc.o(.data) for APBAHBPrescTable
    stm32f4xx_rng.o(.text) refers to stm32f4xx_rcc.o(.text) for RCC_AHB2PeriphResetCmd
    stm32f4xx_sai.o(.text) refers to stm32f4xx_rcc.o(.text) for RCC_APB2PeriphResetCmd
    stm32f4xx_sdio.o(.text) refers to stm32f4xx_rcc.o(.text) for RCC_APB2PeriphResetCmd
    stm32f4xx_spi.o(.text) refers to stm32f4xx_rcc.o(.text) for RCC_APB2PeriphResetCmd
    stm32f4xx_syscfg.o(.text) refers to stm32f4xx_rcc.o(.text) for RCC_APB2PeriphResetCmd
    stm32f4xx_tim.o(.text) refers to stm32f4xx_rcc.o(.text) for RCC_APB2PeriphResetCmd
    stm32f4xx_usart.o(.text) refers to stm32f4xx_rcc.o(.text) for RCC_APB2PeriphResetCmd
    stm32f4xx_wwdg.o(.text) refers to stm32f4xx_rcc.o(.text) for RCC_APB1PeriphResetCmd
    delay.o(.text) refers to misc.o(.text) for SysTick_CLKSourceConfig
    delay.o(.text) refers to delay.o(.data) for fac_us
    beep.o(.text) refers to stm32f4xx_rcc.o(.text) for RCC_AHB1PeriphClockCmd
    beep.o(.text) refers to stm32f4xx_gpio.o(.text) for GPIO_Init
    key.o(.text) refers to stm32f4xx_rcc.o(.text) for RCC_AHB1PeriphClockCmd
    key.o(.text) refers to stm32f4xx_gpio.o(.text) for GPIO_Init
    key.o(.text) refers to delay.o(.text) for delay_ms
    key.o(.text) refers to key.o(.data) for key_up
    oled.o(.text) refers to stm32f4xx_gpio.o(.text) for GPIO_SetBits
    oled.o(.text) refers to oled.o(.bss) for OLED_GRAM
    oled.o(.text) refers to oled.o(.constdata) for asc2_0806
    oled.o(.text) refers to stm32f4xx_rcc.o(.text) for RCC_AHB1PeriphClockCmd
[...]
    Removing stm32f4xx_sai.o(.revsh_text), (4 bytes).
    Removing stm32f4xx_sai.o(.text), (524 bytes).
    Removing stm32f4xx_sdio.o(.rev16_text), (4 bytes).
    Removing stm32f4xx_sdio.o(.revsh_text), (4 bytes).
    Removing stm32f4xx_sdio.o(.text), (476 bytes).
    Removing stm32f4xx_spi.o(.rev16_text), (4 bytes).
    Removing stm32f4xx_spi.o(.revsh_text), (4 bytes).
    Removing stm32f4xx_syscfg.o(.rev16_text), (4 bytes).
    Removing stm32f4xx_syscfg.o(.revsh_text), (4 bytes).
    Removing stm32f4xx_syscfg.o(.text), (148 bytes).
    Removing stm32f4xx_tim.o(.rev16_text), (4 bytes).
    Removing stm32f4xx_tim.o(.revsh_text), (4 bytes).
    Removing stm32f4xx_usart.o(.rev16_text), (4 bytes).
    Removing stm32f4xx_usart.o(.revsh_text), (4 bytes).
    Removing stm32f4xx_wwdg.o(.rev16_text), (4 bytes).
    Removing stm32f4xx_wwdg.o(.revsh_text), (4 bytes).
    Removing stm32f4xx_wwdg.o(.text), (144 bytes).
    Removing delay.o(.rev16_text), (4 bytes).
    Removing delay.o(.revsh_text), (4 bytes).
    Removing sys.o(.rev16_text), (4 bytes).
    Removing sys.o(.revsh_text), (4 bytes).
    Removing sys.o(.emb_text), (16 bytes).
    Removing beep.o(.rev16_text), (4 bytes).
    Removing beep.o(.revsh_text), (4 bytes).
    Removing beep.o(.text), (56 bytes).
    Removing key.o(.rev16_text), (4 bytes).
    Removing key.o(.revsh_text), (4 bytes).
    Removing oled.o(.rev16_text), (4 bytes).
    Removing oled.o(.revsh_text), (4 bytes).
    Removing led.o(.rev16_text), (4 bytes).
    Removing led.o(.revsh_text), (4 bytes).
    Removing led.o(.text), (56 bytes).
    Removing ec11.o(.rev16_text), (4 bytes).
    Removing ec11.o(.revsh_text), (4 bytes).
    Removing jy62.o(.rev16_text), (4 bytes).
    Removing jy62.o(.revsh_text), (4 bytes).
    Removing power.o(.rev16_text), (4 bytes).
    Removing power.o(.revsh_text), (4 bytes).
    Removing rocker.o(.rev16_text), (4 bytes).
    Removing rocker.o(.revsh_text), (4 bytes).
    Removing tfcard.o(.rev16_text), (4 bytes).
    Removing tfcard.o(.revsh_text), (4 bytes).
    Removing kalman.o(.rev16_text), (4 bytes).
    Removing kalman.o(.revsh_text), (4 bytes).
    Removing timer.o(.rev16_text), (4 bytes).
    Removing timer.o(.revsh_text), (4 bytes).
    Removing timer.o(.data), (6 bytes).
    Removing spi.o(.rev16_text), (4 bytes).
    Removing spi.o(.revsh_text), (4 bytes).
    Removing 24l01.o(.rev16_text), (4 bytes).
    Removing 24l01.o(.revsh_text), (4 bytes).
    Removing dfixul.o(.text), (48 bytes).
    Removing cdrcmple.o(.text), (48 bytes).

142 unused section(s) (total 26396 bytes) removed from the image.

==============================================================================

Image Symbol Table

    Local Symbols

    Symbol Name                              Value     Ov Type        Size  Object(Section)

    ../clib/microlib/division.c              0x00000000   Number         0  uidiv.o ABSOLUTE
    ../clib/microlib/division.c              0x00000000   Number         0  uldiv.o ABSOLUTE
    ../clib/microlib/init/entry.s            0x00000000   Number         0  entry.o ABSOLUTE
    ../clib/microlib/init/entry.s            0x00000000   Number         0  entry10b.o ABSOLUTE
    ../clib/microlib/init/entry.s            0x00000000   Number         0  entry11a.o ABSOLUTE
    ../clib/microlib/init/entry.s            0x00000000   Number         0  entry11b.o ABSOLUTE
    ../clib/microlib/init/entry.s            0x00000000   Number         0  entry2.o ABSOLUTE
    ../clib/microlib/init/entry.s            0x00000000   Number         0  entry10a.o ABSOLUTE
    ../clib/microlib/init/entry.s            0x00000000   Number         0  entry9b.o ABSOLUTE
    ../clib/microlib/init/entry.s            0x00000000   Number         0  entry9a.o ABSOLUTE
    ../clib/microlib/init/entry.s            0x00000000   Number         0  entry5.o ABSOLUTE
    ../clib/microlib/init/entry.s            0x00000000   Number         0  entry8b.o ABSOLUTE
    ../clib/microlib/init/entry.s            0x00000000   Number         0  entry8a.o ABSOLUTE
    ../clib/microlib/init/entry.s            0x00000000   Number         0  entry7b.o ABSOLUTE
    ../clib/microlib/init/entry.s            0x00000000   Number         0  entry7a.o ABSOLUTE
    ../clib/microlib/longlong.c              0x00000000   Number         0  llsshr.o ABSOLUTE
    ../clib/microlib/longlong.c              0x00000000   Number         0  llushr.o ABSOLUTE
    ../clib/microlib/longlong.c              0x00000000   Number         0  llshl.o ABSOLUTE
    ../clib/microlib/printf/printf.c         0x00000000   Number         0  printf7.o ABSOLUTE
    ../clib/microlib/printf/printf.c         0x00000000   Number         0  printfb.o ABSOLUTE
    ../clib/microlib/printf/printf.c         0x00000000   Number         0  printf0.o ABSOLUTE
    ../clib/microlib/printf/printf.c         0x00000000   Number         0  printf1.o ABSOLUTE
    ../clib/microlib/printf/printf.c         0x00000000   Number         0  printf2.o ABSOLUTE
    ../clib/microlib/printf/printf.c         0x00000000   Number         0  printf3.o ABSOLUTE
    ../clib/microlib/printf/printf.c         0x00000000   Number         0  printf5.o ABSOLUTE
    ../clib/microlib/printf/printf.c         0x00000000   Number         0  printf6.o ABSOLUTE
    ../clib/microlib/printf/printf.c         0x00000000   Number         0  printf4.o ABSOLUTE
    ../clib/microlib/printf/printf.c         0x00000000   Number         0  printf8.o ABSOLUTE
    ../clib/microlib/printf/printf.c         0x00000000   Number         0  printfa.o ABSOLUTE
    ../clib/microlib/printf/stubs.s          0x00000000   Number         0  stubs.o ABSOLUTE
    ../clib/microlib/stdio/streams.c         0x00000000   Number         0  stdout.o ABSOLUTE
    ../clib/microlib/string/memset.c         0x00000000   Number         0  memseta.o ABSOLUTE
    ../clib/microlib/stubs.s                 0x00000000   Number         0  iusefp.o ABSOLUTE
    ../fplib/microlib/d2f.c                  0x00000000   Number         0  d2f.o ABSOLUTE
    ../fplib/microlib/f2d.c                  0x00000000   Number         0  f2d.o ABSOLUTE
    ../fplib/microlib/fpadd.c                0x00000000   Number         0  dadd.o ABSOLUTE
    ../fplib/microlib/fpdiv.c                0x00000000   Number         0  ddiv.o ABSOLUTE
    ../fplib/microlib/fpepilogue.c           0x00000000   Number         0  fepilogue.o ABSOLUTE
    ../fplib/microlib/fpepilogue.c           0x00000000   Number         0  depilogue.o ABSOLUTE
    ../fplib/microlib/fpfix.c                0x00000000   Number         0  dfixul.o ABSOLUTE
    ../fplib/microlib/fpfix.c                0x00000000   Number         0  dfixi.o ABSOLUTE
    ../fplib/microlib/fpflt.c                0x00000000   Number         0  dfltui.o ABSOLUTE
    ../fplib/microlib/fpmul.c                0x00000000   Number         0  dmul.o ABSOLUTE
    ..\CORE\startup_stm32f40_41xxx.s         0x00000000   Number         0  startup_stm32f40_41xxx.o ABSOLUTE
    ..\FWLIB\src\misc.c                      0x00000000   Number         0  misc.o ABSOLUTE
    ..\FWLIB\src\stm32f4xx_adc.c             0x00000000   Number         0  stm32f4xx_adc.o ABSOLUTE
    ..\FWLIB\src\stm32f4xx_can.c             0x00000000   Number         0  stm32f4xx_can.o ABSOLUTE
    ..\FWLIB\src\stm32f4xx_crc.c             0x00000000   Number         0  stm32f4xx_crc.o ABSOLUTE
    ..\FWLIB\src\stm32f4xx_cryp.c            0x00000000   Number         0  stm32f4xx_cryp.o ABSOLUTE
    ..\FWLIB\src\stm32f4xx_cryp_aes.c        0x00000000   Number         0  stm32f4xx_cryp_aes.o ABSOLUTE
    ..\FWLIB\src\stm32f4xx_cryp_des.c        0x00000000   Number         0  stm32f4xx_cryp_des.o ABSOLUTE
    ..\FWLIB\src\stm32f4xx_cryp_tdes.c       0x00000000   Number         0  stm32f4xx_cryp_tdes.o ABSOLUTE
    ..\FWLIB\src\stm32f4xx_dac.c             0x00000000   Number         0  stm32f4xx_dac.o ABSOLUTE
    ..\FWLIB\src\stm32f4xx_dbgmcu.c          0x00000000   Number         0  stm32f4xx_dbgmcu.o ABSOLUTE
    ..\FWLIB\src\stm32f4xx_dcmi.c            0x00000000   Number         0  stm32f4xx_dcmi.o ABSOLUTE
    ..\FWLIB\src\stm32f4xx_dma.c             0x00000000   Number         0  stm32f4xx_dma.o ABSOLUTE
    ..\FWLIB\src\stm32f4xx_dma2d.c           0x00000000   Number         0  stm32f4xx_dma2d.o ABSOLUTE
    ..\FWLIB\src\stm32f4xx_exti.c            0x00000000   Number         0  stm32f4xx_exti.o ABSOLUTE
    ..\FWLIB\src\stm32f4xx_flash.c           0x00000000   Number         0  stm32f4xx_flash.o ABSOLUTE
    ..\FWLIB\src\stm32f4xx_flash_ramfunc.c   0x00000000   Number         0  stm32f4xx_flash_ramfunc.o ABSOLUTE
    ..\FWLIB\src\stm32f4xx_fsmc.c            0x00000000   Number         0  stm32f4xx_fsmc.o ABSOLUTE
    ..\FWLIB\src\stm32f4xx_gpio.c            0x00000000   Number         0  stm32f4xx_gpio.o ABSOLUTE
    ..\FWLIB\src\stm32f4xx_hash.c            0x00000000   Number         0  stm32f4xx_hash.o ABSOLUTE
    ..\FWLIB\src\stm32f4xx_hash_md5.c        0x00000000   Number         0  stm32f4xx_hash_md5.o ABSOLUTE
    ..\FWLIB\src\stm32f4xx_hash_sha1.c       0x00000000   Number         0  stm32f4xx_hash_sha1.o ABSOLUTE
    ..\FWLIB\src\stm32f4xx_i2c.c             0x00000000   Number         0  stm32f4xx_i2c.o ABSOLUTE
    ..\FWLIB\src\stm32f4xx_iwdg.c            0x00000000   Number         0  stm32f4xx_iwdg.o ABSOLUTE
    ..\FWLIB\src\stm32f4xx_ltdc.c            0x00000000   Number         0  stm32f4xx_ltdc.o ABSOLUTE
    ..\FWLIB\src\stm32f4xx_pwr.c             0x00000000   Number         0  stm32f4xx_pwr.o ABSOLUTE
    ..\FWLIB\src\stm32f4xx_rcc.c             0x00000000   Number         0  stm32f4xx_rcc.o ABSOLUTE
    ..\FWLIB\src\stm32f4xx_rng.c             0x00000000   Number         0  stm32f4xx_rng.o ABSOLUTE
    ..\FWLIB\src\stm32f4xx_rtc.c             0x00000000   Number         0  stm32f4xx_rtc.o ABSOLUTE
    ..\FWLIB\src\stm32f4xx_sai.c             0x00000000   Number         0  stm32f4xx_sai.o ABSOLUTE
    ..\FWLIB\src\stm32f4xx_sdio.c            0x00000000   Number         0  stm32f4xx_sdio.o ABSOLUTE
    ..\FWLIB\src\stm32f4xx_spi.c             0x00000000   Number         0  stm32f4xx_spi.o ABSOLUTE
    ..\FWLIB\src\stm32f4xx_syscfg.c          0x00000000   Number         0  stm32f4xx_syscfg.o ABSOLUTE
    ..\FWLIB\src\stm32f4xx_tim.c             0x00000000   Number         0  stm32f4xx_tim.o ABSOLUTE
    ..\FWLIB\src\stm32f4xx_usart.c           0x00000000   Number         0  stm32f4xx_usart.o ABSOLUTE
    ..\FWLIB\src\stm32f4xx_wwdg.c            0x00000000   Number         0  stm32f4xx_wwdg.o ABSOLUTE
    ..\HARDWARE\EC11\ec11.c                  0x00000000   Number         0  ec11.o ABSOLUTE
    ..\HARDWARE\JY62\jy62.c                  0x00000000   Number         0  jy62.o ABSOLUTE
    ..\HARDWARE\KALMAN\kalman.c              0x00000000   Number         0  kalman.o ABSOLUTE
    ..\HARDWARE\LED\led.c                    0x00000000   Number         0  led.o ABSOLUTE
    ..\HARDWARE\NRF24L01\24l01.c             0x00000000   Number         0  24l01.o ABSOLUTE
    ..\HARDWARE\NRF24L01\spi.c               0x00000000   Number         0  spi.o ABSOLUTE
    ..\HARDWARE\POWER\power.c                0x00000000   Number         0  power.o ABSOLUTE
    ..\HARDWARE\ROCKER\rocker.c              0x00000000   Number         0  rocker.o ABSOLUTE
    ..\HARDWARE\TFCARD\tfcard.c              0x00000000   Number         0  tfcard.o ABSOLUTE
    ..\HARDWARE\TIMER\timer.c                0x00000000   Number         0  timer.o ABSOLUTE
    ..\HARDWARE\beep\beep.c                  0x00000000   Number         0  beep.o ABSOLUTE
    ..\HARDWARE\key\key.c                    0x00000000   Number         0  key.o ABSOLUTE
    ..\HARDWARE\oled\oled.c                  0x00000000   Number         0  oled.o ABSOLUTE
    ..\SYSTEM\delay\delay.c                  0x00000000   Number         0  delay.o ABSOLUTE
    ..\SYSTEM\sys\sys.c                      0x00000000   Number         0  sys.o ABSOLUTE
    ..\\FWLIB\\src\\misc.c                   0x00000000   Number         0  misc.o ABSOLUTE
    ..\\FWLIB\\src\\stm32f4xx_adc.c          0x00000000   Number         0  stm32f4xx_adc.o ABSOLUTE
    ..\\FWLIB\\src\\stm32f4xx_can.c          0x00000000   Number         0  stm32f4xx_can.o ABSOLUTE
    ..\\FWLIB\\src\\stm32f4xx_crc.c          0x00000000   Number         0  stm32f4xx_crc.o ABSOLUTE
    ..\\FWLIB\\src\\stm32f4xx_cryp.c         0x00000000   Number         0  stm32f4xx_cryp.o ABSOLUTE
    ..\\FWLIB\\src\\stm32f4xx_cryp_aes.c     0x00000000   Number         0  stm32f4xx_cryp_aes.o ABSOLUTE
    ..\\FWLIB\\src\\stm32f4xx_cryp_des.c     0x00000000   Number         0  stm32f4xx_cryp_des.o ABSOLUTE
    ..\\FWLIB\\src\\stm32f4xx_cryp_tdes.c    0x00000000   Number         0  stm32f4xx_cryp_tdes.o ABSOLUTE
    ..\\FWLIB\\src\\stm32f4xx_dac.c          0x00000000   Number         0  stm32f4xx_dac.o ABSOLUTE
    ..\\FWLIB\\src\\stm32f4xx_dbgmcu.c       0x00000000   Number         0  stm32f4xx_dbgmcu.o ABSOLUTE
    ..\\FWLIB\\src\\stm32f4xx_dcmi.c         0x00000000   Number         0  stm32f4xx_dcmi.o ABSOLUTE
    ..\\FWLIB\\src\\stm32f4xx_dma.c          0x00000000   Number         0  stm32f4xx_dma.o ABSOLUTE
    ..\\FWLIB\\src\\stm32f4xx_dma2d.c        0x00000000   Number         0  stm32f4xx_dma2d.o ABSOLUTE
    ..\\FWLIB\\src\\stm32f4xx_exti.c         0x00000000   Number         0  stm32f4xx_exti.o ABSOLUTE
    ..\\FWLIB\\src\\stm32f4xx_flash.c        0x00000000   Number         0  stm32f4xx_flash.o ABSOLUTE
    ..\\FWLIB\\src\\stm32f4xx_flash_ramfunc.c 0x00000000   Number         0  stm32f4xx_flash_ramfunc.o ABSOLUTE
    ..\\FWLIB\\src\\stm32f4xx_fsmc.c         0x00000000   Number         0  stm32f4xx_fsmc.o ABSOLUTE
    ..\\FWLIB\\src\\stm32f4xx_gpio.c         0x00000000   Number         0  stm32f4xx_gpio.o ABSOLUTE
    ..\\FWLIB\\src\\stm32f4xx_hash.c         0x00000000   Number         0  stm32f4xx_hash.o ABSOLUTE
    ..\\FWLIB\\src\\stm32f4xx_hash_md5.c     0x00000000   Number         0  stm32f4xx_hash_md5.o ABSOLUTE
    ..\\FWLIB\\src\\stm32f4xx_hash_sha1.c    0x00000000   Number         0  stm32f4xx_hash_sha1.o ABSOLUTE
    ..\\FWLIB\\src\\stm32f4xx_i2c.c          0x00000000   Number         0  stm32f4xx_i2c.o ABSOLUTE
    ..\\FWLIB\\src\\stm32f4xx_iwdg.c         0x00000000   Number         0  stm32f4xx_iwdg.o ABSOLUTE
    ..\\FWLIB\\src\\stm32f4xx_ltdc.c         0x00000000   Number         0  stm32f4xx_ltdc.o ABSOLUTE
    ..\\FWLIB\\src\\stm32f4xx_pwr.c          0x00000000   Number         0  stm32f4xx_pwr.o ABSOLUTE
    ..\\FWLIB\\src\\stm32f4xx_rcc.c          0x00000000   Number         0  stm32f4xx_rcc.o ABSOLUTE
    ..\\FWLIB\\src\\stm32f4xx_rng.c          0x00000000   Number         0  stm32f4xx_rng.o ABSOLUTE
    ..\\FWLIB\\src\\stm32f4xx_rtc.c          0x00000000   Number         0  stm32f4xx_rtc.o ABSOLUTE
    ..\\FWLIB\\src\\stm32f4xx_sai.c          0x00000000   Number         0  stm32f4xx_sai.o ABSOLUTE
    ..\\FWLIB\\src\\stm32f4xx_sdio.c         0x00000000   Number         0  stm32f4xx_sdio.o ABSOLUTE
    ..\\FWLIB\\src\\stm32f4xx_spi.c          0x00000000   Number         0  stm32f4xx_spi.o ABSOLUTE
    ..\\FWLIB\\src\\stm32f4xx_syscfg.c       0x00000000   Number         0  stm32f4xx_syscfg.o ABSOLUTE
    ..\\FWLIB\\src\\stm32f4xx_tim.c          0x00000000   Number         0  stm32f4xx_tim.o ABSOLUTE
    ..\\FWLIB\\src\\stm32f4xx_usart.c        0x00000000   Number         0  stm32f4xx_usart.o ABSOLUTE
    ..\\FWLIB\\src\\stm32f4xx_wwdg.c         0x00000000   Number         0  stm32f4xx_wwdg.o ABSOLUTE
    ..\\HARDWARE\\EC11\\ec11.c               0x00000000   Number         0  ec11.o ABSOLUTE
    ..\\HARDWARE\\JY62\\jy62.c               0x00000000   Number         0  jy62.o ABSOLUTE
    ..\\HARDWARE\\KALMAN\\kalman.c           0x00000000   Number         0  kalman.o ABSOLUTE
    ..\\HARDWARE\\LED\\led.c                 0x00000000   Number         0  led.o ABSOLUTE
    ..\\HARDWARE\\NRF24L01\\24l01.c          0x00000000   Number         0  24l01.o ABSOLUTE
    ..\\HARDWARE\\NRF24L01\\spi.c            0x00000000   Number         0  spi.o ABSOLUTE
    ..\\HARDWARE\\POWER\\power.c             0x00000000   Number         0  power.o ABSOLUTE
    ..\\HARDWARE\\ROCKER\\rocker.c           0x00000000   Number         0  rocker.o ABSOLUTE
    ..\\HARDWARE\\TFCARD\\tfcard.c           0x00000000   Number         0  tfcard.o ABSOLUTE
    ..\\HARDWARE\\TIMER\\timer.c             0x00000000   Number         0  timer.o ABSOLUTE
    ..\\HARDWARE\\beep\\beep.c               0x00000000   Number         0  beep.o ABSOLUTE
    ..\\HARDWARE\\key\\key.c                 0x00000000   Number         0  key.o ABSOLUTE
    ..\\HARDWARE\\oled\\oled.c               0x00000000   Number         0  oled.o ABSOLUTE
    ..\\SYSTEM\\delay\\delay.c               0x00000000   Number         0  delay.o ABSOLUTE
    ..\\SYSTEM\\sys\\sys.c                   0x00000000   Number         0  sys.o ABSOLUTE
    cdrcmple.s                               0x00000000   Number         0  cdrcmple.o ABSOLUTE
    dc.s                                     0x00000000   Number         0  dc.o ABSOLUTE
    handlers.s                               0x00000000   Number         0  handlers.o ABSOLUTE
    init.s                                   0x00000000   Number         0  init.o ABSOLUTE
    main.c                                   0x00000000   Number         0  main.o ABSOLUTE
    main.c                                   0x00000000   Number         0  main.o ABSOLUTE
    stm32f4xx_it.c                           0x00000000   Number         0  stm32f4xx_it.o ABSOLUTE
    stm32f4xx_it.c                           0x00000000   Number         0  stm32f4xx_it.o ABSOLUTE
    system_stm32f4xx.c                       0x00000000   Number         0  system_stm32f4xx.o ABSOLUTE
    system_stm32f4xx.c                       0x00000000   Number         0  system_stm32f4xx.o ABSOLUTE
    RESET                                    0x08000000   Section      392  startup_stm32f40_41xxx.o(RESET)
    .ARM.Collect$$$$00000000                 0x08000188   Section        0  entry.o(.ARM.Collect$$$$00000000)
    .ARM.Collect$$$$00000001                 0x08000188   Section        4  entry2.o(.ARM.Collect$$$$00000001)
    .ARM.Collect$$$$00000004                 0x0800018c   Section        4  entry5.o(.ARM.Collect$$$$00000004)
    .ARM.Collect$$$$00000008                 0x08000190   Section        0  entry7b.o(.ARM.Collect$$$$00000008)
    .ARM.Collect$$$$0000000A                 0x08000190   Section        0  entry8b.o(.ARM.Collect$$$$0000000A)
    .ARM.Collect$$$$0000000B                 0x08000190   Section        8  entry9a.o(.ARM.Collect$$$$0000000B)
    .ARM.Collect$$$$0000000D                 0x08000198   Section        0  entry10a.o(.ARM.Collect$$$$0000000D)
    .ARM.Collect$$$$0000000F                 0x08000198   Section        0  entry11a.o(.ARM.Collect$$$$0000000F)
    .ARM.Collect$$$$00002712                 0x08000198   Section        4  entry2.o(.ARM.Collect$$$$00002712)
    __lit__00000000                          0x08000198   Data           4  entry2.o(.ARM.Collect$$$$00002712)
    .text                                    0x0800019c   Section        0  main.o(.text)
    .text                                    0x08000334   Section        0  stm32f4xx_it.o(.text)
    .text                                    0x08000350   Section        0  system_stm32f4xx.o(.text)
    SetSysClock                              0x08000351   Thumb Code   220  system_stm32f4xx.o(.text)
    .text                                    0x08000560   Section       36  startup_stm32f40_41xxx.o(.text)
    $v0                                      0x08000560   Number         0  startup_stm32f40_41xxx.o(.text)
    .text                                    0x08000584   Section        0  misc.o(.text)
    .text                                    0x08000664   Section        0  stm32f4xx_adc.o(.text)
    .text                                    0x08000ac8   Section        0  stm32f4xx_gpio.o(.text)
    .text                                    0x08000d5c   Section        0  stm32f4xx_rcc.o(.text)
    .text                                    0x080013b8   Section        0  stm32f4xx_spi.o(.text)
    .text                                    0x08001838   Section        0  stm32f4xx_tim.o(.text)
    TI4_Config                               0x08001fd7   Thumb Code    80  stm32f4xx_tim.o(.text)
    TI3_Config                               0x08002039   Thumb Code    72  stm32f4xx_tim.o(.text)
    TI2_Config                               0x0800209b   Thumb Code    90  stm32f4xx_tim.o(.text)
    TI1_Config                               0x08002107   Thumb Code    58  stm32f4xx_tim.o(.text)
    .text                                    0x080024dc   Section        0  stm32f4xx_usart.o(.text)
    .text                                    0x08002930   Section        0  delay.o(.text)
    .text                                    0x08002a34   Section        0  key.o(.text)
    .text                                    0x08002c28   Section        0  oled.o(.text)
    .text                                    0x08003894   Section        0  ec11.o(.text)
    .text                                    0x08003bb8   Section        0  jy62.o(.text)
    .text                                    0x08003e00   Section        0  power.o(.text)
    Get_Adc                                  0x08003e93   Thumb Code    44  power.o(.text)
    .text                                    0x08004010   Section        0  rocker.o(.text)
    Get_Adc                                  0x080040a1   Thumb Code    44  rocker.o(.text)
    Get_Adc_Average                          0x080040cd   Thumb Code    46  rocker.o(.text)
    .text                                    0x080041f0   Section        0  kalman.o(.text)
    .text                                    0x08004324   Section        0  timer.o(.text)
    .text                                    0x08004418   Section        0  spi.o(.text)
    .text                                    0x08004530   Section        0  24l01.o(.text)
    .text                                    0x080048b4   Section        0  memseta.o(.text)
    .text                                    0x080048d8   Section        0  dadd.o(.text)
    .text                                    0x08004a26   Section        0  dmul.o(.text)
    .text                                    0x08004b0a   Section        0  ddiv.o(.text)
    .text                                    0x08004be8   Section        0  dfltui.o(.text)
    .text                                    0x08004c02   Section        0  dfixi.o(.text)
    .text                                    0x08004c40   Section        0  f2d.o(.text)
    .text                                    0x08004c66   Section        0  d2f.o(.text)
    .text                                    0x08004c9e   Section        0  uidiv.o(.text)
    .text                                    0x08004cca   Section        0  llshl.o(.text)
    .text                                    0x08004ce8   Section        0  llushr.o(.text)
    .text                                    0x08004d08   Section        0  llsshr.o(.text)
    .text                                    0x08004d2c   Section        0  fepilogue.o(.text)
    .text                                    0x08004d2c   Section        0  iusefp.o(.text)
    .text                                    0x08004d9a   Section        0  depilogue.o(.text)
    .text                                    0x08004e54   Section       36  init.o(.text)
    i.__0sprintf$1                           0x08004e78   Section        0  printf1.o(i.__0sprintf$1)
    i.__scatterload_copy                     0x08004ea0   Section       14  handlers.o(i.__scatterload_copy)
    i.__scatterload_null                     0x08004eae   Section        2  handlers.o(i.__scatterload_null)
    i.__scatterload_zeroinit                 0x08004eb0   Section       14  handlers.o(i.__scatterload_zeroinit)
    i._printf_core                           0x08004ec0   Section        0  printf1.o(i._printf_core)
    _printf_core                             0x08004ec1   Thumb Code   336  printf1.o(i._printf_core)
    i._sputc                                 0x08005014   Section        0  printf1.o(i._sputc)
    _sputc                                   0x08005015   Thumb Code    10  printf1.o(i._sputc)
    .constdata                               0x0800501e   Section     7856  oled.o(.constdata)
    .constdata                               0x08006ece   Section       10  24l01.o(.constdata)
    .data                                    0x20000000   Section       10  main.o(.data)
    EC11_A1_Last                             0x20000000   Data           1  main.o(.data)
    EC11_B1_Last                             0x20000001   Data           1  main.o(.data)
    EC11_KEY1_Last                           0x20000002   Data           1  main.o(.data)
    EC11_A2_Last                             0x20000003   Data           1  main.o(.data)
    EC11_B2_Last                             0x20000004   Data           1  main.o(.data)
    EC11_KEY2_Last                           0x20000005   Data           1  main.o(.data)
    .data                                    0x2000000c   Section       20  system_stm32f4xx.o(.data)
    .data                                    0x20000020   Section       16  stm32f4xx_rcc.o(.data)
    APBAHBPrescTable                         0x20000020   Data          16  stm32f4xx_rcc.o(.data)
    .data                                    0x20000030   Section        4  delay.o(.data)
    fac_us                                   0x20000030   Data           1  delay.o(.data)
    fac_ms                                   0x20000032   Data           2  delay.o(.data)
    .data                                    0x20000034   Section        2  key.o(.data)
    key_up                                   0x20000035   Data           1  key.o(.data)
    .data                                    0x20000036   Section        8  ec11.o(.data)
    EC11_A1_Last                             0x20000036   Data           1  ec11.o(.data)
    EC11_B1_Last                             0x20000037   Data           1  ec11.o(.data)
    EC11_KEY1_Last                           0x20000038   Data           1  ec11.o(.data)
    EC11_A2_Last                             0x20000039   Data           1  ec11.o(.data)
    EC11_B2_Last                             0x2000003a   Data           1  ec11.o(.data)
    EC11_KEY2_Last                           0x2000003b   Data           1  ec11.o(.data)
    .data                                    0x20000040   Section       16  jy62.o(.data)
    RxCounter                                0x20000040   Data           4  jy62.o(.data)
    .data                                    0x20000050   Section       16  rocker.o(.data)
    .bss                                     0x20000060   Section     1152  oled.o(.bss)
    .bss                                     0x200004e0   Section       11  jy62.o(.bss)
    RxBuffer                                 0x200004e0   Data          11  jy62.o(.bss)
    .bss                                     0x200004f0   Section       40  power.o(.bss)
    .bss                                     0x20000518   Section       33  24l01.o(.bss)
    STACK                                    0x20000540   Section     1024  startup_stm32f40_41xxx.o(STACK)

    Global Symbols

    Symbol Name                              Value     Ov Type        Size  Object(Section)

    BuildAttributes$$THM_ISAv4$E$P$D$K$B$S$7EM$VFPi3$EXTD16$VFPS$VFMA$PE$A:L22UL41UL21$X:L11$S22US41US21$IEEE1$IW$USESV6$~STKCKD$USESV7$~SHL$OTIME$ROPI$EBA8$MICROLIB$REQ8$PRES8$EABIv2 0x00000000   Number         0  anon$$obj.o ABSOLUTE
    __ARM_use_no_argv                        0x00000000   Number         0  main.o ABSOLUTE
    _printf_a                                0x00000000   Number         0  stubs.o ABSOLUTE
    _printf_c                                0x00000000   Number         0  stubs.o ABSOLUTE
    _printf_charcount                        0x00000000   Number         0  stubs.o ABSOLUTE
    _printf_d                                0x00000000   Number         0  stubs.o ABSOLUTE
    _printf_e                                0x00000000   Number         0  stubs.o ABSOLUTE
    _printf_f                                0x00000000   Number         0  stubs.o ABSOLUTE
    _printf_flags                            0x00000000   Number         0  stubs.o ABSOLUTE
    _printf_fp_dec                           0x00000000   Number         0  stubs.o ABSOLUTE
    _printf_fp_hex                           0x00000000   Number         0  stubs.o ABSOLUTE
    _printf_g                                0x00000000   Number         0  stubs.o ABSOLUTE
    _printf_i                                0x00000000   Number         0  stubs.o ABSOLUTE
    _printf_int_dec                          0x00000000   Number         0  stubs.o ABSOLUTE
    _printf_l                                0x00000000   Number         0  stubs.o ABSOLUTE
    _printf_lc                               0x00000000   Number         0  stubs.o ABSOLUTE
    _printf_ll                               0x00000000   Number         0  stubs.o ABSOLUTE
    _printf_lld                              0x00000000   Number         0  stubs.o ABSOLUTE
    _printf_lli                              0x00000000   Number         0  stubs.o ABSOLUTE
    _printf_llo                              0x00000000   Number         0  stubs.o ABSOLUTE
    _printf_llu                              0x00000000   Number         0  stubs.o ABSOLUTE
    _printf_llx                              0x00000000   Number         0  stubs.o ABSOLUTE
    _printf_longlong_dec                     0x00000000   Number         0  stubs.o ABSOLUTE
    _printf_longlong_hex                     0x00000000   Number         0  stubs.o ABSOLUTE
    _printf_longlong_oct                     0x00000000   Number         0  stubs.o ABSOLUTE
    _printf_ls                               0x00000000   Number         0  stubs.o ABSOLUTE
    _printf_mbtowc                           0x00000000   Number         0  stubs.o ABSOLUTE
    _printf_n                                0x00000000   Number         0  stubs.o ABSOLUTE
    _printf_o                                0x00000000   Number         0  stubs.o ABSOLUTE
    _printf_p                                0x00000000   Number         0  stubs.o ABSOLUTE
    _printf_percent                          0x00000000   Number         0  stubs.o ABSOLUTE
    _printf_pre_padding                      0x00000000   Number         0  stubs.o ABSOLUTE
    _printf_return_value                     0x00000000   Number         0  stubs.o ABSOLUTE
    _printf_s                                0x00000000   Number         0  stubs.o ABSOLUTE
    _printf_sizespec                         0x00000000   Number         0  stubs.o ABSOLUTE
    _printf_str                              0x00000000   Number         0  stubs.o ABSOLUTE
    _printf_truncate_signed                  0x00000000   Number         0  stubs.o ABSOLUTE
    _printf_truncate_unsigned                0x00000000   Number         0  stubs.o ABSOLUTE
    _printf_u                                0x00000000   Number         0  stubs.o ABSOLUTE
    _printf_wc                               0x00000000   Number         0  stubs.o ABSOLUTE
    _printf_wctomb                           0x00000000   Number         0  stubs.o ABSOLUTE
    _printf_widthprec                        0x00000000   Number         0  stubs.o ABSOLUTE
    _printf_x                                0x00000000   Number         0  stubs.o ABSOLUTE
    __cpp_initialize__aeabi_                  - Undefined Weak Reference
    __cxa_finalize                            - Undefined Weak Reference
    __decompress                              - Undefined Weak Reference
    _clock_init                               - Undefined Weak Reference
    _microlib_exit                            - Undefined Weak Reference
    __Vectors_Size                           0x00000188   Number         0  startup_stm32f40_41xxx.o ABSOLUTE
    __Vectors                                0x08000000   Data           4  startup_stm32f40_41xxx.o(RESET)
    __Vectors_End                            0x08000188   Data           0  startup_stm32f40_41xxx.o(RESET)
    __main                                   0x08000189   Thumb Code     0  entry.o(.ARM.Collect$$$$00000000)
    _main_stk                                0x08000189   Thumb Code     0  entry2.o(.ARM.Collect$$$$00000001)
    _main_scatterload                        0x0800018d   Thumb Code     0  entry5.o(.ARM.Collect$$$$00000004)
    __main_after_scatterload                 0x08000191   Thumb Code     0  entry5.o(.ARM.Collect$$$$00000004)
    _main_clock                              0x08000191   Thumb Code     0  entry7b.o(.ARM.Collect$$$$00000008)
    _main_cpp_init                           0x08000191   Thumb Code     0  entry8b.o(.ARM.Collect$$$$0000000A)
    _main_init                               0x08000191   Thumb Code     0  entry9a.o(.ARM.Collect$$$$0000000B)
    __rt_final_cpp                           0x08000199   Thumb Code     0  entry10a.o(.ARM.Collect$$$$0000000D)
    __rt_final_exit                          0x08000199   Thumb Code     0  entry11a.o(.ARM.Collect$$$$0000000F)
    main                                     0x0800019d   Thumb Code   350  main.o(.text)
    NMI_Handler                              0x08000335   Thumb Code     2  stm32f4xx_it.o(.text)
    HardFault_Handler                        0x08000337   Thumb Code     4  stm32f4xx_it.o(.text)
    MemManage_Handler                        0x0800033b   Thumb Code     4  stm32f4xx_it.o(.text)
    BusFault_Handler                         0x0800033f   Thumb Code     4  stm32f4xx_it.o(.text)
    UsageFault_Handler                       0x08000343   Thumb Code     4  stm32f4xx_it.o(.text)
    SVC_Handler                              0x08000347   Thumb Code     2  stm32f4xx_it.o(.text)
    DebugMon_Handler                         0x08000349   Thumb Code     2  stm32f4xx_it.o(.text)
    PendSV_Handler                           0x0800034b   Thumb Code     2  stm32f4xx_it.o(.text)
    SysTick_Handler                          0x0800034d   Thumb Code     2  stm32f4xx_it.o(.text)
    SystemInit                               0x0800042d   Thumb Code    88  system_stm32f4xx.o(.text)
    SystemCoreClockUpdate                    0x08000485   Thumb Code   174  system_stm32f4xx.o(.text)
    Reset_Handler                            0x08000561   Thumb Code     8  startup_stm32f40_41xxx.o(.text)
    ADC_IRQHandler                           0x0800057b   Thumb Code     0  startup_stm32f40_41xxx.o(.text)
    CAN1_RX0_IRQHandler                      0x0800057b   Thumb Code     0  startup_stm32f40_41xxx.o(.text)
    CAN1_RX1_IRQHandler                      0x0800057b   Thumb Code     0  startup_stm32f40_41xxx.o(.text)
    CAN1_SCE_IRQHandler                      0x0800057b   Thumb Code     0  startup_stm32f40_41xxx.o(.text)
    CAN1_TX_IRQHandler                       0x0800057b   Thumb Code     0  startup_stm32f40_41xxx.o(.text)
    CAN2_RX0_IRQHandler                      0x0800057b   Thumb Code     0  startup_stm32f40_41xxx.o(.text)
    CAN2_RX1_IRQHandler                      0x0800057b   Thumb Code     0  startup_stm32f40_41xxx.o(.text)
    CAN2_SCE_IRQHandler                      0x0800057b   Thumb Code     0  startup_stm32f40_41xxx.o(.text)
    CAN2_TX_IRQHandler                       0x0800057b   Thumb Code     0  startup_stm32f40_41xxx.o(.text)
    CRYP_IRQHandler                          0x0800057b   Thumb Code     0  startup_stm32f40_41xxx.o(.text)
    DCMI_IRQHandler                          0x0800057b   Thumb Code     0  startup_stm32f40_41xxx.o(.text)
    DMA1_Stream0_IRQHandler                  0x0800057b   Thumb Code     0  startup_stm32f40_41xxx.o(.text)
    DMA1_Stream1_IRQHandler                  0x0800057b   Thumb Code     0  startup_stm32f40_41xxx.o(.text)
    DMA1_Stream2_IRQHandler                  0x0800057b   Thumb Code     0  startup_stm32f40_41xxx.o(.text)
    DMA1_Stream3_IRQHandler                  0x0800057b   Thumb Code     0  startup_stm32f40_41xxx.o(.text)
    DMA1_Stream4_IRQHandler                  0x0800057b   Thumb Code     0  startup_stm32f40_41xxx.o(.text)
    DMA1_Stream5_IRQHandler                  0x0800057b   Thumb Code     0  startup_stm32f40_41xxx.o(.text)
    DMA1_Stream6_IRQHandler                  0x0800057b   Thumb Code     0  startup_stm32f40_41xxx.o(.text)
    DMA1_Stream7_IRQHandler                  0x0800057b   Thumb Code     0  startup_stm32f40_41xxx.o(.text)
    DMA2_Stream0_IRQHandler                  0x0800057b   Thumb Code     0  startup_stm32f40_41xxx.o(.text)
    DMA2_Stream1_IRQHandler                  0x0800057b   Thumb Code     0  startup_stm32f40_41xxx.o(.text)
    DMA2_Stream2_IRQHandler                  0x0800057b   Thumb Code     0  startup_stm32f40_41xxx.o(.text)
    DMA2_Stream3_IRQHandler                  0x0800057b   Thumb Code     0  startup_stm32f40_41xxx.o(.text)
    DMA2_Stream4_IRQHandler                  0x0800057b   Thumb Code     0  startup_stm32f40_41xxx.o(.text)
    DMA2_Stream5_IRQHandler                  0x0800057b   Thumb Code     0  startup_stm32f40_41xxx.o(.text)
    DMA2_Stream6_IRQHandler                  0x0800057b   Thumb Code     0  startup_stm32f40_41xxx.o(.text)
    DMA2_Stream7_IRQHandler                  0x0800057b   Thumb Code     0  startup_stm32f40_41xxx.o(.text)
    ETH_IRQHandler                           0x0800057b   Thumb Code     0  startup_stm32f40_41xxx.o(.text)
    ETH_WKUP_IRQHandler                      0x0800057b   Thumb Code     0  startup_stm32f40_41xxx.o(.text)
    EXTI0_IRQHandler                         0x0800057b   Thumb Code     0  startup_stm32f40_41xxx.o(.text)
    EXTI15_10_IRQHandler                     0x0800057b   Thumb Code     0  startup_stm32f40_41xxx.o(.text)
    EXTI1_IRQHandler                         0x0800057b   Thumb Code     0  startup_stm32f40_41xxx.o(.text)
    EXTI2_IRQHandler                         0x0800057b   Thumb Code     0  startup_stm32f40_41xxx.o(.text)
    EXTI3_IRQHandler                         0x0800057b   Thumb Code     0  startup_stm32f40_41xxx.o(.text)
    EXTI4_IRQHandler                         0x0800057b   Thumb Code     0  startup_stm32f40_41xxx.o(.text)
    EXTI9_5_IRQHandler                       0x0800057b   Thumb Code     0  startup_stm32f40_41xxx.o(.text)
    FLASH_IRQHandler                         0x0800057b   Thumb Code     0  startup_stm32f40_41xxx.o(.text)
    FPU_IRQHandler                           0x0800057b   Thumb Code     0  startup_stm32f40_41xxx.o(.text)
    FSMC_IRQHandler                          0x0800057b   Thumb Code     0  startup_stm32f40_41xxx.o(.text)
    HASH_RNG_IRQHandler                      0x0800057b   Thumb Code     0  startup_stm32f40_41xxx.o(.text)
    I2C1_ER_IRQHandler                       0x0800057b   Thumb Code     0  startup_stm32f40_41xxx.o(.text)
    I2C1_EV_IRQHandler                       0x0800057b   Thumb Code     0  startup_stm32f40_41xxx.o(.text)
    I2C2_ER_IRQHandler                       0x0800057b   Thumb Code     0  startup_stm32f40_41xxx.o(.text)
    I2C2_EV_IRQHandler                       0x0800057b   Thumb Code     0  startup_stm32f40_41xxx.o(.text)
    I2C3_ER_IRQHandler                       0x0800057b   Thumb Code     0  startup_stm32f40_41xxx.o(.text)
    I2C3_EV_IRQHandler                       0x0800057b   Thumb Code     0  startup_stm32f40_41xxx.o(.text)
    OTG_FS_IRQHandler                        0x0800057b   Thumb Code     0  startup_stm32f40_41xxx.o(.text)
    OTG_FS_WKUP_IRQHandler                   0x0800057b   Thumb Code     0  startup_stm32f40_41xxx.o(.text)
    OTG_HS_EP1_IN_IRQHandler                 0x0800057b   Thumb Code     0  startup_stm32f40_41xxx.o(.text)
    OTG_HS_EP1_OUT_IRQHandler                0x0800057b   Thumb Code     0  startup_stm32f40_41xxx.o(.text)
    OTG_HS_IRQHandler                        0x0800057b   Thumb Code     0  startup_stm32f40_41xxx.o(.text)
    OTG_HS_WKUP_IRQHandler                   0x0800057b   Thumb Code     0  startup_stm32f40_41xxx.o(.text)
    PVD_IRQHandler                           0x0800057b   Thumb Code     0  startup_stm32f40_41xxx.o(.text)
    RCC_IRQHandler                           0x0800057b   Thumb Code     0  startup_stm32f40_41xxx.o(.text)
    RTC_Alarm_IRQHandler                     0x0800057b   Thumb Code     0  startup_stm32f40_41xxx.o(.text)
    RTC_WKUP_IRQHandler                      0x0800057b   Thumb Code     0  startup_stm32f40_41xxx.o(.text)
    SDIO_IRQHandler                          0x0800057b   Thumb Code     0  startup_stm32f40_41xxx.o(.text)
    SPI1_IRQHandler                          0x0800057b   Thumb Code     0  startup_stm32f40_41xxx.o(.text)
    SPI2_IRQHandler                          0x0800057b   Thumb Code     0  startup_stm32f40_41xxx.o(.text)
    SPI3_IRQHandler                          0x0800057b   Thumb Code     0  startup_stm32f40_41xxx.o(.text)
    TAMP_STAMP_IRQHandler                    0x0800057b   Thumb Code     0  startup_stm32f40_41xxx.o(.text)
    TIM1_BRK_TIM9_IRQHandler                 0x0800057b   Thumb Code     0  startup_stm32f40_41xxx.o(.text)
    TIM1_CC_IRQHandler                       0x0800057b   Thumb Code     0  startup_stm32f40_41xxx.o(.text)
    TIM1_TRG_COM_TIM11_IRQHandler            0x0800057b   Thumb Code     0  startup_stm32f40_41xxx.o(.text)
    TIM1_UP_TIM10_IRQHandler                 0x0800057b   Thumb Code     0  startup_stm32f40_41xxx.o(.text)
    TIM2_IRQHandler                          0x0800057b   Thumb Code     0  startup_stm32f40_41xxx.o(.text)
    TIM5_IRQHandler                          0x0800057b   Thumb Code     0  startup_stm32f40_41xxx.o(.text)
    TIM8_BRK_TIM12_IRQHandler                0x0800057b   Thumb Code     0  startup_stm32f40_41xxx.o(.text)
    TIM8_CC_IRQHandler                       0x0800057b   Thumb Code     0  startup_stm32f40_41xxx.o(.text)
    TIM8_TRG_COM_TIM14_IRQHandler            0x0800057b   Thumb Code     0  startup_stm32f40_41xxx.o(.text)
    TIM8_UP_TIM13_IRQHandler                 0x0800057b   Thumb Code     0  startup_stm32f40_41xxx.o(.text)
    UART4_IRQHandler                         0x0800057b   Thumb Code     0  startup_stm32f40_41xxx.o(.text)
    UART5_IRQHandler                         0x0800057b   Thumb Code     0  startup_stm32f40_41xxx.o(.text)
    USART2_IRQHandler                        0x0800057b   Thumb Code     0  startup_stm32f40_41xxx.o(.text)
    USART3_IRQHandler                        0x0800057b   Thumb Code     0  startup_stm32f40_41xxx.o(.text)
    USART6_IRQHandler                        0x0800057b   Thumb Code     0  startup_stm32f40_41xxx.o(.text)
    WWDG_IRQHandler                          0x0800057b   Thumb Code     0  startup_stm32f40_41xxx.o(.text)
    NVIC_PriorityGroupConfig                 0x08000585   Thumb Code    10  misc.o(.text)
    NVIC_Init                                0x0800058f   Thumb Code   106  misc.o(.text)
    NVIC_SetVectorTable                      0x080005f9   Thumb Code    14  misc.o(.text)
    NVIC_SystemLPConfig                      0x08000607   Thumb Code    34  misc.o(.text)
    SysTick_CLKSourceConfig                  0x08000629   Thumb Code    40  misc.o(.text)
    ADC_DeInit                               0x08000665   Thumb Code    22  stm32f4xx_adc.o(.text)
    ADC_Init                                 0x0800067b   Thumb Code    74  stm32f4xx_adc.o(.text)
    ADC_StructInit                           0x080006c5   Thumb Code    20  stm32f4xx_adc.o(.text)
    ADC_CommonInit                           0x080006d9   Thumb Code    34  stm32f4xx_adc.o(.text)
    ADC_CommonStructInit                     0x080006fb   Thumb Code    12  stm32f4xx_adc.o(.text)
    ADC_Cmd                                  0x08000707   Thumb Code    22  stm32f4xx_adc.o(.text)
    ADC_AnalogWatchdogCmd                    0x0800071d   Thumb Code    16  stm32f4xx_adc.o(.text)
    ADC_AnalogWatchdogThresholdsConfig       0x0800072d   Thumb Code     6  stm32f4xx_adc.o(.text)
    ADC_AnalogWatchdogSingleChannelConfig    0x08000733   Thumb Code    16  stm32f4xx_adc.o(.text)
    ADC_TempSensorVrefintCmd                 0x08000743   Thumb Code    34  stm32f4xx_adc.o(.text)
    ADC_VBATCmd                              0x08000765   Thumb Code    34  stm32f4xx_adc.o(.text)
    ADC_RegularChannelConfig                 0x08000787   Thumb Code   184  stm32f4xx_adc.o(.text)
    ADC_SoftwareStartConv                    0x0800083f   Thumb Code    10  stm32f4xx_adc.o(.text)
    ADC_GetSoftwareStartConvStatus           0x08000849   Thumb Code    20  stm32f4xx_adc.o(.text)
    ADC_EOCOnEachRegularChannelCmd           0x0800085d   Thumb Code    22  stm32f4xx_adc.o(.text)
    ADC_ContinuousModeCmd                    0x08000873   Thumb Code    22  stm32f4xx_adc.o(.text)
    ADC_DiscModeChannelCountConfig           0x08000889   Thumb Code    24  stm32f4xx_adc.o(.text)
    ADC_DiscModeCmd                          0x080008a1   Thumb Code    22  stm32f4xx_adc.o(.text)
    ADC_GetConversionValue                   0x080008b7   Thumb Code     8  stm32f4xx_adc.o(.text)
    ADC_GetMultiModeConversionValue          0x080008bf   Thumb Code     8  stm32f4xx_adc.o(.text)
    ADC_DMACmd                               0x080008c7   Thumb Code    22  stm32f4xx_adc.o(.text)
    ADC_DMARequestAfterLastTransferCmd       0x080008dd   Thumb Code    22  stm32f4xx_adc.o(.text)
    ADC_MultiModeDMARequestAfterLastTransferCmd 0x080008f3   Thumb Code    34  stm32f4xx_adc.o(.text)
    ADC_InjectedChannelConfig                0x08000915   Thumb Code   130  stm32f4xx_adc.o(.text)
    ADC_InjectedSequencerLengthConfig        0x08000997   Thumb Code    24  stm32f4xx_adc.o(.text)
    ADC_SetInjectedOffset                    0x080009af   Thumb Code    20  stm32f4xx_adc.o(.text)
    ADC_ExternalTrigInjectedConvConfig       0x080009c3   Thumb Code    16  stm32f4xx_adc.o(.text)
    ADC_ExternalTrigInjectedConvEdgeConfig   0x080009d3   Thumb Code    16  stm32f4xx_adc.o(.text)
    ADC_SoftwareStartInjectedConv            0x080009e3   Thumb Code    10  stm32f4xx_adc.o(.text)
    ADC_GetSoftwareStartInjectedConvCmdStatus 0x080009ed   Thumb Code    20  stm32f4xx_adc.o(.text)
    ADC_AutoInjectedConvCmd                  0x08000a01   Thumb Code    22  stm32f4xx_adc.o(.text)
    ADC_InjectedDiscModeCmd                  0x08000a17   Thumb Code    22  stm32f4xx_adc.o(.text)
    ADC_GetInjectedConversionValue           0x08000a2d   Thumb Code    28  stm32f4xx_adc.o(.text)
    ADC_ITConfig                             0x08000a49   Thumb Code    56  stm32f4xx_adc.o(.text)
    ADC_GetFlagStatus                        0x08000a81   Thumb Code    18  stm32f4xx_adc.o(.text)
    ADC_ClearFlag                            0x08000a93   Thumb Code     6  stm32f4xx_adc.o(.text)
    ADC_GetITStatus                          0x08000a99   Thumb Code    38  stm32f4xx_adc.o(.text)
    ADC_ClearITPendingBit                    0x08000abf   Thumb Code    10  stm32f4xx_adc.o(.text)
    GPIO_DeInit                              0x08000ac9   Thumb Code   268  stm32f4xx_gpio.o(.text)
    GPIO_Init                                0x08000bd5   Thumb Code   144  stm32f4xx_gpio.o(.text)
    GPIO_StructInit                          0x08000c65   Thumb Code    18  stm32f4xx_gpio.o(.text)
    GPIO_PinLockConfig                       0x08000c77   Thumb Code    34  stm32f4xx_gpio.o(.text)
    GPIO_ReadInputDataBit                    0x08000c99   Thumb Code    18  stm32f4xx_gpio.o(.text)
    GPIO_ReadInputData                       0x08000cab   Thumb Code     8  stm32f4xx_gpio.o(.text)
    GPIO_ReadOutputDataBit                   0x08000cb3   Thumb Code    18  stm32f4xx_gpio.o(.text)
    GPIO_ReadOutputData                      0x08000cc5   Thumb Code     8  stm32f4xx_gpio.o(.text)
    GPIO_SetBits                             0x08000ccd   Thumb Code     4  stm32f4xx_gpio.o(.text)
    GPIO_ResetBits                           0x08000cd1   Thumb Code     4  stm32f4xx_gpio.o(.text)
    GPIO_WriteBit                            0x08000cd5   Thumb Code    10  stm32f4xx_gpio.o(.text)
    GPIO_Write                               0x08000cdf   Thumb Code     4  stm32f4xx_gpio.o(.text)
    GPIO_ToggleBits                          0x08000ce3   Thumb Code     8  stm32f4xx_gpio.o(.text)
    GPIO_PinAFConfig                         0x08000ceb   Thumb Code    70  stm32f4xx_gpio.o(.text)
    RCC_DeInit                               0x08000d5d   Thumb Code    82  stm32f4xx_rcc.o(.text)
    RCC_HSEConfig                            0x08000daf   Thumb Code    14  stm32f4xx_rcc.o(.text)
    RCC_GetFlagStatus                        0x08000dbd   Thumb Code    60  stm32f4xx_rcc.o(.text)
    RCC_WaitForHSEStartUp                    0x08000df9   Thumb Code    56  stm32f4xx_rcc.o(.text)
    RCC_AdjustHSICalibrationValue            0x08000e31   Thumb Code    20  stm32f4xx_rcc.o(.text)
    RCC_HSICmd                               0x08000e45   Thumb Code     6  stm32f4xx_rcc.o(.text)
    RCC_LSEConfig                            0x08000e4b   Thumb Code    46  stm32f4xx_rcc.o(.text)
    RCC_LSICmd                               0x08000e79   Thumb Code     6  stm32f4xx_rcc.o(.text)
    RCC_PLLConfig                            0x08000e7f   Thumb Code    32  stm32f4xx_rcc.o(.text)
    RCC_PLLCmd                               0x08000e9f   Thumb Code     6  stm32f4xx_rcc.o(.text)
    RCC_PLLI2SConfig                         0x08000ea5   Thumb Code    14  stm32f4xx_rcc.o(.text)
    RCC_PLLI2SCmd                            0x08000eb3   Thumb Code     6  stm32f4xx_rcc.o(.text)
    RCC_PLLSAIConfig                         0x08000eb9   Thumb Code    20  stm32f4xx_rcc.o(.text)
    RCC_PLLSAICmd                            0x08000ecd   Thumb Code     6  stm32f4xx_rcc.o(.text)
    RCC_ClockSecuritySystemCmd               0x08000ed3   Thumb Code     6  stm32f4xx_rcc.o(.text)
    RCC_MCO1Config                           0x08000ed9   Thumb Code    28  stm32f4xx_rcc.o(.text)
    RCC_MCO2Config                           0x08000ef5   Thumb Code    28  stm32f4xx_rcc.o(.text)
    RCC_SYSCLKConfig                         0x08000f11   Thumb Code    20  stm32f4xx_rcc.o(.text)
    RCC_GetSYSCLKSource                      0x08000f25   Thumb Code    12  stm32f4xx_rcc.o(.text)
    RCC_HCLKConfig                           0x08000f31   Thumb Code    20  stm32f4xx_rcc.o(.text)
    RCC_PCLK1Config                          0x08000f45   Thumb Code    20  stm32f4xx_rcc.o(.text)
    RCC_PCLK2Config                          0x08000f59   Thumb Code    22  stm32f4xx_rcc.o(.text)
    RCC_GetClocksFreq                        0x08000f6f   Thumb Code   222  stm32f4xx_rcc.o(.text)
    RCC_RTCCLKConfig                         0x0800104d   Thumb Code    54  stm32f4xx_rcc.o(.text)
    RCC_RTCCLKCmd                            0x08001083   Thumb Code     8  stm32f4xx_rcc.o(.text)
    RCC_BackupResetCmd                       0x0800108b   Thumb Code     8  stm32f4xx_rcc.o(.text)
    RCC_I2SCLKConfig                         0x08001093   Thumb Code     6  stm32f4xx_rcc.o(.text)
    RCC_SAIPLLI2SClkDivConfig                0x08001099   Thumb Code    26  stm32f4xx_rcc.o(.text)
    RCC_SAIPLLSAIClkDivConfig                0x080010b3   Thumb Code    28  stm32f4xx_rcc.o(.text)
    RCC_SAIBlockACLKConfig                   0x080010cf   Thumb Code    20  stm32f4xx_rcc.o(.text)
    RCC_SAIBlockBCLKConfig                   0x080010e3   Thumb Code    20  stm32f4xx_rcc.o(.text)
    RCC_LTDCCLKDivConfig                     0x080010f7   Thumb Code    20  stm32f4xx_rcc.o(.text)
    RCC_TIMCLKPresConfig                     0x0800110b   Thumb Code     6  stm32f4xx_rcc.o(.text)
    RCC_AHB1PeriphClockCmd                   0x08001111   Thumb Code    34  stm32f4xx_rcc.o(.text)
    RCC_AHB2PeriphClockCmd                   0x08001133   Thumb Code    78  stm32f4xx_rcc.o(.text)
    RCC_AHB3PeriphClockCmd                   0x08001181   Thumb Code    34  stm32f4xx_rcc.o(.text)
    RCC_APB1PeriphClockCmd                   0x080011a3   Thumb Code    34  stm32f4xx_rcc.o(.text)
    RCC_APB2PeriphClockCmd                   0x080011c5   Thumb Code    34  stm32f4xx_rcc.o(.text)
    RCC_AHB1PeriphResetCmd                   0x080011e7   Thumb Code    34  stm32f4xx_rcc.o(.text)
    RCC_AHB2PeriphResetCmd                   0x08001209   Thumb Code    34  stm32f4xx_rcc.o(.text)
    RCC_AHB3PeriphResetCmd                   0x0800122b   Thumb Code    34  stm32f4xx_rcc.o(.text)
    RCC_APB1PeriphResetCmd                   0x0800124d   Thumb Code    34  stm32f4xx_rcc.o(.text)
    RCC_APB2PeriphResetCmd                   0x0800126f   Thumb Code    34  stm32f4xx_rcc.o(.text)
    RCC_AHB1PeriphClockLPModeCmd             0x08001291   Thumb Code    34  stm32f4xx_rcc.o(.text)
    RCC_AHB2PeriphClockLPModeCmd             0x080012b3   Thumb Code    34  stm32f4xx_rcc.o(.text)
    RCC_AHB3PeriphClockLPModeCmd             0x080012d5   Thumb Code    34  stm32f4xx_rcc.o(.text)
    RCC_APB1PeriphClockLPModeCmd             0x080012f7   Thumb Code    34  stm32f4xx_rcc.o(.text)
    RCC_APB2PeriphClockLPModeCmd             0x08001319   Thumb Code    34  stm32f4xx_rcc.o(.text)
    RCC_LSEModeConfig                        0x0800133b   Thumb Code    40  stm32f4xx_rcc.o(.text)
    RCC_ITConfig                             0x08001363   Thumb Code    34  stm32f4xx_rcc.o(.text)
    RCC_ClearFlag                            0x08001385   Thumb Code    18  stm32f4xx_rcc.o(.text)
    RCC_GetITStatus                          0x08001397   Thumb Code    22  stm32f4xx_rcc.o(.text)
    RCC_ClearITPendingBit                    0x080013ad   Thumb Code     8  stm32f4xx_rcc.o(.text)
    SPI_I2S_DeInit                           0x080013b9   Thumb Code   152  stm32f4xx_spi.o(.text)
    SPI_Init                                 0x08001451   Thumb Code    60  stm32f4xx_spi.o(.text)
    I2S_Init                                 0x0800148d   Thumb Code   396  stm32f4xx_spi.o(.text)
    SPI_StructInit                           0x08001619   Thumb Code    24  stm32f4xx_spi.o(.text)
    I2S_StructInit                           0x08001631   Thumb Code    20  stm32f4xx_spi.o(.text)
    SPI_Cmd                                  0x08001645   Thumb Code    24  stm32f4xx_spi.o(.text)
    I2S_Cmd                                  0x0800165d   Thumb Code    24  stm32f4xx_spi.o(.text)
    SPI_DataSizeConfig                       0x08001675   Thumb Code    18  stm32f4xx_spi.o(.text)
    SPI_BiDirectionalLineConfig              0x08001687   Thumb Code    28  stm32f4xx_spi.o(.text)
    SPI_NSSInternalSoftwareConfig            0x080016a3   Thumb Code    30  stm32f4xx_spi.o(.text)
    SPI_SSOutputCmd                          0x080016c1   Thumb Code    24  stm32f4xx_spi.o(.text)
    SPI_TIModeCmd                            0x080016d9   Thumb Code    24  stm32f4xx_spi.o(.text)
    I2S_FullDuplexConfig                     0x080016f1   Thumb Code    80  stm32f4xx_spi.o(.text)
    SPI_I2S_ReceiveData                      0x08001741   Thumb Code     6  stm32f4xx_spi.o(.text)
    SPI_I2S_SendData                         0x08001747   Thumb Code     4  stm32f4xx_spi.o(.text)
    SPI_CalculateCRC                         0x0800174b   Thumb Code    24  stm32f4xx_spi.o(.text)
    SPI_TransmitCRC                          0x08001763   Thumb Code    10  stm32f4xx_spi.o(.text)
    SPI_GetCRC                               0x0800176d   Thumb Code    16  stm32f4xx_spi.o(.text)
    SPI_GetCRCPolynomial                     0x0800177d   Thumb Code     6  stm32f4xx_spi.o(.text)
    SPI_I2S_DMACmd                           0x08001783   Thumb Code    18  stm32f4xx_spi.o(.text)
    SPI_I2S_ITConfig                         0x08001795   Thumb Code    68  stm32f4xx_spi.o(.text)
    SPI_I2S_GetFlagStatus                    0x080017d9   Thumb Code    18  stm32f4xx_spi.o(.text)
    SPI_I2S_ClearFlag                        0x080017eb   Thumb Code     6  stm32f4xx_spi.o(.text)
    SPI_I2S_GetITStatus                      0x080017f1   Thumb Code    52  stm32f4xx_spi.o(.text)
    SPI_I2S_ClearITPendingBit                0x08001825   Thumb Code    20  stm32f4xx_spi.o(.text)
    TIM_DeInit                               0x08001839   Thumb Code   346  stm32f4xx_tim.o(.text)
    TIM_TimeBaseInit                         0x08001993   Thumb Code   104  stm32f4xx_tim.o(.text)
    TIM_TimeBaseStructInit                   0x080019fb   Thumb Code    18  stm32f4xx_tim.o(.text)
    TIM_PrescalerConfig                      0x08001a0d   Thumb Code     6  stm32f4xx_tim.o(.text)
    TIM_CounterModeConfig                    0x08001a13   Thumb Code    18  stm32f4xx_tim.o(.text)
    TIM_SetCounter                           0x08001a25   Thumb Code     4  stm32f4xx_tim.o(.text)
    TIM_SetAutoreload                        0x08001a29   Thumb Code     4  stm32f4xx_tim.o(.text)
    TIM_GetCounter                           0x08001a2d   Thumb Code     6  stm32f4xx_tim.o(.text)
    TIM_GetPrescaler                         0x08001a33   Thumb Code     6  stm32f4xx_tim.o(.text)
    TIM_UpdateDisableConfig                  0x08001a39   Thumb Code    24  stm32f4xx_tim.o(.text)
    TIM_UpdateRequestConfig                  0x08001a51   Thumb Code    24  stm32f4xx_tim.o(.text)
    TIM_ARRPreloadConfig                     0x08001a69   Thumb Code    24  stm32f4xx_tim.o(.text)
    TIM_SelectOnePulseMode                   0x08001a81   Thumb Code    18  stm32f4xx_tim.o(.text)
    TIM_SetClockDivision                     0x08001a93   Thumb Code    18  stm32f4xx_tim.o(.text)
    TIM_Cmd                                  0x08001aa5   Thumb Code    24  stm32f4xx_tim.o(.text)
    TIM_OC1Init                              0x08001abd   Thumb Code   114  stm32f4xx_tim.o(.text)
    TIM_OC2Init                              0x08001b2f   Thumb Code   154  stm32f4xx_tim.o(.text)
    TIM_OC3Init                              0x08001bc9   Thumb Code   204  stm32f4xx_tim.o(.text)
    TIM_OC4Init                              0x08001c95   Thumb Code   112  stm32f4xx_tim.o(.text)
    TIM_OCStructInit                         0x08001d05   Thumb Code    20  stm32f4xx_tim.o(.text)
    TIM_SelectOCxM                           0x08001d19   Thumb Code    86  stm32f4xx_tim.o(.text)
    TIM_SetCompare1                          0x08001d6f   Thumb Code     4  stm32f4xx_tim.o(.text)
    TIM_SetCompare2                          0x08001d73   Thumb Code     4  stm32f4xx_tim.o(.text)
    TIM_SetCompare3                          0x08001d77   Thumb Code     4  stm32f4xx_tim.o(.text)
    TIM_SetCompare4                          0x08001d7b   Thumb Code     4  stm32f4xx_tim.o(.text)
    TIM_ForcedOC1Config                      0x08001d7f   Thumb Code    18  stm32f4xx_tim.o(.text)
    TIM_ForcedOC2Config                      0x08001d91   Thumb Code    26  stm32f4xx_tim.o(.text)
    TIM_ForcedOC3Config                      0x08001dab   Thumb Code    18  stm32f4xx_tim.o(.text)
    TIM_ForcedOC4Config                      0x08001dbd   Thumb Code    26  stm32f4xx_tim.o(.text)
    TIM_OC1PreloadConfig                     0x08001dd7   Thumb Code    18  stm32f4xx_tim.o(.text)
    TIM_OC2PreloadConfig                     0x08001de9   Thumb Code    26  stm32f4xx_tim.o(.text)
    TIM_OC3PreloadConfig                     0x08001e03   Thumb Code    18  stm32f4xx_tim.o(.text)
    TIM_OC4PreloadConfig                     0x08001e15   Thumb Code    26  stm32f4xx_tim.o(.text)
    TIM_OC1FastConfig                        0x08001e2f   Thumb Code    18  stm32f4xx_tim.o(.text)
    TIM_OC2FastConfig                        0x08001e41   Thumb Code    26  stm32f4xx_tim.o(.text)
    TIM_OC3FastConfig                        0x08001e5b   Thumb Code    18  stm32f4xx_tim.o(.text)
    TIM_OC4FastConfig                        0x08001e6d   Thumb Code    26  stm32f4xx_tim.o(.text)
    TIM_ClearOC1Ref                          0x08001e87   Thumb Code    18  stm32f4xx_tim.o(.text)
    TIM_ClearOC2Ref                          0x08001e99   Thumb Code    24  stm32f4xx_tim.o(.text)
    TIM_ClearOC3Ref                          0x08001eb1   Thumb Code    18  stm32f4xx_tim.o(.text)
    TIM_ClearOC4Ref                          0x08001ec3   Thumb Code    24  stm32f4xx_tim.o(.text)
    TIM_OC1PolarityConfig                    0x08001edb   Thumb Code    18  stm32f4xx_tim.o(.text)
    TIM_OC1NPolarityConfig                   0x08001eed   Thumb Code    18  stm32f4xx_tim.o(.text)
    TIM_OC2PolarityConfig                    0x08001eff   Thumb Code    26  stm32f4xx_tim.o(.text)
    TIM_OC2NPolarityConfig                   0x08001f19   Thumb Code    26  stm32f4xx_tim.o(.text)
    TIM_OC3PolarityConfig                    0x08001f33   Thumb Code    26  stm32f4xx_tim.o(.text)
    TIM_OC3NPolarityConfig                   0x08001f4d   Thumb Code    26  stm32f4xx_tim.o(.text)
    TIM_OC4PolarityConfig                    0x08001f67   Thumb Code    26  stm32f4xx_tim.o(.text)
    TIM_CCxCmd                               0x08001f81   Thumb Code    30  stm32f4xx_tim.o(.text)
    TIM_CCxNCmd                              0x08001f9f   Thumb Code    30  stm32f4xx_tim.o(.text)
    TIM_SetIC4Prescaler                      0x08001fbd   Thumb Code    26  stm32f4xx_tim.o(.text)
    TIM_SetIC3Prescaler                      0x08002027   Thumb Code    18  stm32f4xx_tim.o(.text)
    TIM_SetIC2Prescaler                      0x08002081   Thumb Code    26  stm32f4xx_tim.o(.text)
    TIM_SetIC1Prescaler                      0x080020f5   Thumb Code    18  stm32f4xx_tim.o(.text)
    TIM_ICInit                               0x08002141   Thumb Code   110  stm32f4xx_tim.o(.text)
    TIM_ICStructInit                         0x080021af   Thumb Code    18  stm32f4xx_tim.o(.text)
    TIM_PWMIConfig                           0x080021c1   Thumb Code   124  stm32f4xx_tim.o(.text)
    TIM_GetCapture1                          0x0800223d   Thumb Code     6  stm32f4xx_tim.o(.text)
    TIM_GetCapture2                          0x08002243   Thumb Code     6  stm32f4xx_tim.o(.text)
    TIM_GetCapture3                          0x08002249   Thumb Code     6  stm32f4xx_tim.o(.text)
    TIM_GetCapture4                          0x0800224f   Thumb Code     6  stm32f4xx_tim.o(.text)
    TIM_BDTRConfig                           0x08002255   Thumb Code    32  stm32f4xx_tim.o(.text)
    TIM_BDTRStructInit                       0x08002275   Thumb Code    18  stm32f4xx_tim.o(.text)
    TIM_CtrlPWMOutputs                       0x08002287   Thumb Code    30  stm32f4xx_tim.o(.text)
    TIM_SelectCOM                            0x080022a5   Thumb Code    24  stm32f4xx_tim.o(.text)
    TIM_CCPreloadControl                     0x080022bd   Thumb Code    24  stm32f4xx_tim.o(.text)
    TIM_ITConfig                             0x080022d5   Thumb Code    18  stm32f4xx_tim.o(.text)
    TIM_GenerateEvent                        0x080022e7   Thumb Code     4  stm32f4xx_tim.o(.text)
    TIM_GetFlagStatus                        0x080022eb   Thumb Code    18  stm32f4xx_tim.o(.text)
    TIM_ClearFlag                            0x080022fd   Thumb Code     6  stm32f4xx_tim.o(.text)
    TIM_GetITStatus                          0x08002303   Thumb Code    34  stm32f4xx_tim.o(.text)
    TIM_ClearITPendingBit                    0x08002325   Thumb Code     6  stm32f4xx_tim.o(.text)
    TIM_DMAConfig                            0x0800232b   Thumb Code    10  stm32f4xx_tim.o(.text)
    TIM_DMACmd                               0x08002335   Thumb Code    18  stm32f4xx_tim.o(.text)
    TIM_SelectCCDMA                          0x08002347   Thumb Code    24  stm32f4xx_tim.o(.text)
    TIM_InternalClockConfig                  0x0800235f   Thumb Code    12  stm32f4xx_tim.o(.text)
    TIM_SelectInputTrigger                   0x0800236b   Thumb Code    18  stm32f4xx_tim.o(.text)
    TIM_ITRxExternalClockConfig              0x0800237d   Thumb Code    24  stm32f4xx_tim.o(.text)
    TIM_TIxExternalClockConfig               0x08002395   Thumb Code    62  stm32f4xx_tim.o(.text)
    TIM_ETRConfig                            0x080023d3   Thumb Code    28  stm32f4xx_tim.o(.text)
    TIM_ETRClockMode1Config                  0x080023ef   Thumb Code    54  stm32f4xx_tim.o(.text)
    TIM_ETRClockMode2Config                  0x08002425   Thumb Code    32  stm32f4xx_tim.o(.text)
    TIM_SelectOutputTrigger                  0x08002445   Thumb Code    18  stm32f4xx_tim.o(.text)
    TIM_SelectSlaveMode                      0x08002457   Thumb Code    18  stm32f4xx_tim.o(.text)
    TIM_SelectMasterSlaveMode                0x08002469   Thumb Code    18  stm32f4xx_tim.o(.text)
    TIM_EncoderInterfaceConfig               0x0800247b   Thumb Code    66  stm32f4xx_tim.o(.text)
    TIM_SelectHallSensor                     0x080024bd   Thumb Code    24  stm32f4xx_tim.o(.text)
    TIM_RemapConfig                          0x080024d5   Thumb Code     6  stm32f4xx_tim.o(.text)
    USART_DeInit                             0x080024dd   Thumb Code   206  stm32f4xx_usart.o(.text)
    USART_Init                               0x080025ab   Thumb Code   204  stm32f4xx_usart.o(.text)
    USART_StructInit                         0x08002677   Thumb Code    24  stm32f4xx_usart.o(.text)
    USART_ClockInit                          0x0800268f   Thumb Code    32  stm32f4xx_usart.o(.text)
    USART_ClockStructInit                    0x080026af   Thumb Code    12  stm32f4xx_usart.o(.text)
    USART_Cmd                                0x080026bb   Thumb Code    24  stm32f4xx_usart.o(.text)
    USART_SetPrescaler                       0x080026d3   Thumb Code    16  stm32f4xx_usart.o(.text)
    USART_OverSampling8Cmd                   0x080026e3   Thumb Code    22  stm32f4xx_usart.o(.text)
    USART_OneBitMethodCmd                    0x080026f9   Thumb Code    24  stm32f4xx_usart.o(.text)
    USART_SendData                           0x08002711   Thumb Code     8  stm32f4xx_usart.o(.text)
    USART_ReceiveData                        0x08002719   Thumb Code    10  stm32f4xx_usart.o(.text)
    USART_SetAddress                         0x08002723   Thumb Code    18  stm32f4xx_usart.o(.text)
    USART_ReceiverWakeUpCmd                  0x08002735   Thumb Code    24  stm32f4xx_usart.o(.text)
    USART_WakeUpConfig                       0x0800274d   Thumb Code    18  stm32f4xx_usart.o(.text)
    USART_LINBreakDetectLengthConfig         0x0800275f   Thumb Code    18  stm32f4xx_usart.o(.text)
    USART_LINCmd                             0x08002771   Thumb Code    24  stm32f4xx_usart.o(.text)
    USART_SendBreak                          0x08002789   Thumb Code    10  stm32f4xx_usart.o(.text)
    USART_HalfDuplexCmd                      0x08002793   Thumb Code    24  stm32f4xx_usart.o(.text)
    USART_SetGuardTime                       0x080027ab   Thumb Code    16  stm32f4xx_usart.o(.text)
    USART_SmartCardCmd                       0x080027bb   Thumb Code    24  stm32f4xx_usart.o(.text)
    USART_SmartCardNACKCmd                   0x080027d3   Thumb Code    24  stm32f4xx_usart.o(.text)
    USART_IrDAConfig                         0x080027eb   Thumb Code    18  stm32f4xx_usart.o(.text)
    USART_IrDACmd                            0x080027fd   Thumb Code    24  stm32f4xx_usart.o(.text)
    USART_DMACmd                             0x08002815   Thumb Code    18  stm32f4xx_usart.o(.text)
    USART_ITConfig                           0x08002827   Thumb Code    74  stm32f4xx_usart.o(.text)
    USART_GetFlagStatus                      0x08002871   Thumb Code    26  stm32f4xx_usart.o(.text)
    USART_ClearFlag                          0x0800288b   Thumb Code    18  stm32f4xx_usart.o(.text)
    USART_GetITStatus                        0x0800289d   Thumb Code   118  stm32f4xx_usart.o(.text)
    USART_ClearITPendingBit                  0x08002913   Thumb Code    30  stm32f4xx_usart.o(.text)
    delay_init                               0x08002931   Thumb Code    52  delay.o(.text)
    delay_us                                 0x08002965   Thumb Code    72  delay.o(.text)
    delay_xms                                0x080029ad   Thumb Code    72  delay.o(.text)
    delay_ms                                 0x080029f5   Thumb Code    56  delay.o(.text)
    KEY_Init                                 0x08002a35   Thumb Code    86  key.o(.text)
    KEY_Scan                                 0x08002a8b   Thumb Code   386  key.o(.text)
    OLED_WR_Byte                             0x08002c29   Thumb Code   126  oled.o(.text)
    OLED_ColorTurn                           0x08002ca7   Thumb Code    28  oled.o(.text)
    OLED_DisplayTurn                         0x08002cc3   Thumb Code    44  oled.o(.text)
    OLED_DisPlay_On                          0x08002cef   Thumb Code    28  oled.o(.text)
    OLED_DisPlay_Off                         0x08002d0b   Thumb Code    28  oled.o(.text)
    OLED_Refresh                             0x08002d27   Thumb Code    70  oled.o(.text)
    OLED_Clear                               0x08002d6d   Thumb Code    42  oled.o(.text)
    OLED_DrawPoint                           0x08002d97   Thumb Code   114  oled.o(.text)
    OLED_DrawLine                            0x08002e09   Thumb Code   172  oled.o(.text)
    OLED_DrawCircle                          0x08002eb5   Thumb Code   168  oled.o(.text)
    OLED_ShowChar                            0x08002f5d   Thumb Code   326  oled.o(.text)
    OLED_ShowString                          0x080030a3   Thumb Code    74  oled.o(.text)
    OLED_Pow                                 0x080030ed   Thumb Code    22  oled.o(.text)
    OLED_ShowNum                             0x08003103   Thumb Code   140  oled.o(.text)
    OLED_ShowIntNum                          0x0800318f   Thumb Code    90  oled.o(.text)
    OLED_Show3FNum                           0x080031e9   Thumb Code   676  oled.o(.text)
    OLED_ShowChinese                         0x0800348d   Thumb Code   276  oled.o(.text)
    OLED_ScrollDisplay                       0x080035a1   Thumb Code   168  oled.o(.text)
    OLED_ShowPicture                         0x08003649   Thumb Code   214  oled.o(.text)
    OLED_Init                                0x0800371f   Thumb Code   362  oled.o(.text)
    EC11_KEY1_click_do                       0x08003895   Thumb Code     2  ec11.o(.text)
    EC11_KEY2_click_do                       0x08003897   Thumb Code     2  ec11.o(.text)
    TIM3_Int_Init                            0x08003899   Thumb Code    86  ec11.o(.text)
    TIM4_Int_Init                            0x080038ef   Thumb Code    86  ec11.o(.text)
    Encoder_EC11_Scan1                       0x08003945   Thumb Code    94  ec11.o(.text)
    EC11_Hander1                             0x080039a3   Thumb Code    44  ec11.o(.text)
    TIM3_IRQHandler                          0x080039cf   Thumb Code    32  ec11.o(.text)
    Encoder_EC11_Scan2                       0x080039ef   Thumb Code    94  ec11.o(.text)
    EC11_Hander2                             0x08003a4d   Thumb Code    44  ec11.o(.text)
    TIM4_IRQHandler                          0x08003a79   Thumb Code    32  ec11.o(.text)
    EC11_Init                                0x08003a99   Thumb Code   208  ec11.o(.text)
    MPU_UART1_init                           0x08003bb9   Thumb Code   162  jy62.o(.text)
    UART1_Put_Char                           0x08003c5b   Thumb Code    36  jy62.o(.text)
    UART1_Put_String                         0x08003c7f   Thumb Code    46  jy62.o(.text)
    fputc                                    0x08003cad   Thumb Code    22  jy62.o(.text)
    Data_process                             0x08003cc3   Thumb Code   212  jy62.o(.text)
    USART1_IRQHandler                        0x08003d97   Thumb Code    46  jy62.o(.text)
    show_angle                               0x08003dc5   Thumb Code    30  jy62.o(.text)
    POWER_Init                               0x08003e01   Thumb Code   146  power.o(.text)
    Get_voltage                              0x08003ebf   Thumb Code    62  power.o(.text)
    show_voltage                             0x08003efd   Thumb Code   224  power.o(.text)
    ROCKER_Init                              0x08004011   Thumb Code   144  rocker.o(.text)
    Get_rocker_xy                            0x080040fb   Thumb Code    92  rocker.o(.text)
    show_rocker_xy                           0x08004157   Thumb Code   126  rocker.o(.text)
    KalmanFilter_Init                        0x080041f1   Thumb Code    26  kalman.o(.text)
    KalmanFilter_Update                      0x0800420b   Thumb Code   266  kalman.o(.text)
    TIM6_init                                0x08004325   Thumb Code    84  timer.o(.text)
    TIM6_DAC_IRQHandler                      0x08004379   Thumb Code    20  timer.o(.text)
    TIM7_init                                0x0800438d   Thumb Code    84  timer.o(.text)
    TIM7_IRQHandler                          0x080043e1   Thumb Code    44  timer.o(.text)
    SPI1_ReadWriteByte                       0x08004419   Thumb Code    50  spi.o(.text)
    SPI1_Init                                0x0800444b   Thumb Code   186  spi.o(.text)
    SPI1_SetSpeed                            0x08004505   Thumb Code    36  spi.o(.text)
    NRF24L01_SPI_Init                        0x08004531   Thumb Code    86  24l01.o(.text)
    NRF24L01_Write_Reg                       0x08004587   Thumb Code    38  24l01.o(.text)
    NRF24L01_Write_Buf                       0x080045ad   Thumb Code    56  24l01.o(.text)
    NRF24L01_TX_Mode                         0x080045e5   Thumb Code   112  24l01.o(.text)
    NRF24L01_Read_Buf                        0x08004655   Thumb Code    56  24l01.o(.text)
    NRF24L01_Check                           0x0800468d   Thumb Code    72  24l01.o(.text)
    NRF24L01_Init                            0x080046d5   Thumb Code   158  24l01.o(.text)
    NRF24L01_Read_Reg                        0x08004773   Thumb Code    36  24l01.o(.text)
    NRF24L01_TxPacket                        0x08004797   Thumb Code   102  24l01.o(.text)
    NRF24L01_RxPacket                        0x080047fd   Thumb Code    58  24l01.o(.text)
    NRF24L01_RX_Mode                         0x08004837   Thumb Code    78  24l01.o(.text)
    __aeabi_memset                           0x080048b5   Thumb Code    14  memseta.o(.text)
    __aeabi_memset4                          0x080048b5   Thumb Code     0  memseta.o(.text)
    __aeabi_memset8                          0x080048b5   Thumb Code     0  memseta.o(.text)
    __aeabi_memclr                           0x080048c3   Thumb Code     4  memseta.o(.text)
    __aeabi_memclr4                          0x080048c3   Thumb Code     0  memseta.o(.text)
    __aeabi_memclr8                          0x080048c3   Thumb Code     0  memseta.o(.text)
    _memset$wrapper                          0x080048c7   Thumb Code    18  memseta.o(.text)
    __aeabi_dadd                             0x080048d9   Thumb Code   322  dadd.o(.text)
    __aeabi_dsub                             0x08004a1b   Thumb Code     6  dadd.o(.text)
    __aeabi_drsub                            0x08004a21   Thumb Code     6  dadd.o(.text)
    __aeabi_dmul                             0x08004a27   Thumb Code   228  dmul.o(.text)
    __aeabi_ddiv                             0x08004b0b   Thumb Code   222  ddiv.o(.text)
    __aeabi_ui2d                             0x08004be9   Thumb Code    26  dfltui.o(.text)
    __aeabi_d2iz                             0x08004c03   Thumb Code    62  dfixi.o(.text)
    __aeabi_f2d                              0x08004c41   Thumb Code    38  f2d.o(.text)
    __aeabi_d2f                              0x08004c67   Thumb Code    56  d2f.o(.text)
    __aeabi_uidiv                            0x08004c9f   Thumb Code     0  uidiv.o(.text)
    __aeabi_uidivmod                         0x08004c9f   Thumb Code    44  uidiv.o(.text)
    __aeabi_llsl                             0x08004ccb   Thumb Code    30  llshl.o(.text)
    _ll_shift_l                              0x08004ccb   Thumb Code     0  llshl.o(.text)
    __aeabi_llsr                             0x08004ce9   Thumb Code    32  llushr.o(.text)
    _ll_ushift_r                             0x08004ce9   Thumb Code     0  llushr.o(.text)
    __aeabi_lasr                             0x08004d09   Thumb Code    36  llsshr.o(.text)
    _ll_sshift_r                             0x08004d09   Thumb Code     0  llsshr.o(.text)
    __I$use$fp                               0x08004d2d   Thumb Code     0  iusefp.o(.text)
    _float_round                             0x08004d2d   Thumb Code    18  fepilogue.o(.text)
    _float_epilogue                          0x08004d3f   Thumb Code    92  fepilogue.o(.text)
    _double_round                            0x08004d9b   Thumb Code    30  depilogue.o(.text)
    _double_epilogue                         0x08004db9   Thumb Code   156  depilogue.o(.text)
    __scatterload                            0x08004e55   Thumb Code    28  init.o(.text)
    __scatterload_rt2                        0x08004e55   Thumb Code     0  init.o(.text)
    __0sprintf$1                             0x08004e79   Thumb Code    34  printf1.o(i.__0sprintf$1)
    __1sprintf$1                             0x08004e79   Thumb Code     0  printf1.o(i.__0sprintf$1)
    __2sprintf                               0x08004e79   Thumb Code     0  printf1.o(i.__0sprintf$1)
    __scatterload_copy                       0x08004ea1   Thumb Code    14  handlers.o(i.__scatterload_copy)
    __scatterload_null                       0x08004eaf   Thumb Code     2  handlers.o(i.__scatterload_null)
    __scatterload_zeroinit                   0x08004eb1   Thumb Code    14  handlers.o(i.__scatterload_zeroinit)
    asc2_0806                                0x0800501e   Data         552  oled.o(.constdata)
    asc2_1206                                0x08005246   Data        1140  oled.o(.constdata)
    asc2_1608                                0x080056ba   Data        1520  oled.o(.constdata)
    asc2_2412                                0x08005caa   Data        3420  oled.o(.constdata)
    Hzk1                                     0x08006a06   Data         512  oled.o(.constdata)
    Hzk2                                     0x08006c06   Data          72  oled.o(.constdata)
    Hzk3                                     0x08006c4e   Data         128  oled.o(.constdata)
    Hzk4                                     0x08006cce   Data         512  oled.o(.constdata)
    TX_ADDRESS                               0x08006ece   Data           5  24l01.o(.constdata)
    RX_ADDRESS                               0x08006ed3   Data           5  24l01.o(.constdata)
    Region$$Table$$Base                      0x08006ed8   Number         0  anon$$obj.o(Region$$Table)
    Region$$Table$$Limit                     0x08006ef8   Number         0  anon$$obj.o(Region$$Table)
    key                                      0x20000006   Data           1  main.o(.data)
    mode                                     0x20000007   Data           1  main.o(.data)
    gps_count                                0x20000008   Data           1  main.o(.data)
    waiting_ack                              0x20000009   Data           1  main.o(.data)
    SystemCoreClock                          0x2000000c   Data           4  system_stm32f4xx.o(.data)
    AHBPrescTable                            0x20000010   Data          16  system_stm32f4xx.o(.data)
    key_value                                0x20000034   Data           1  key.o(.data)
    EC11_Num1                                0x2000003c   Data           1  ec11.o(.data)
    EC11_Num2                                0x2000003d   Data           1  ec11.o(.data)
    roll                                     0x20000044   Data           4  jy62.o(.data)
    pitch                                    0x20000048   Data           4  jy62.o(.data)
    yaw                                      0x2000004c   Data           4  jy62.o(.data)
    adcx1                                    0x20000050   Data           4  rocker.o(.data)
    adcy1                                    0x20000054   Data           4  rocker.o(.data)
    adcx2                                    0x20000058   Data           4  rocker.o(.data)
    adcy2                                    0x2000005c   Data           4  rocker.o(.data)
    OLED_GRAM                                0x20000060   Data        1152  oled.o(.bss)
    kf                                       0x200004f0   Data          40  power.o(.bss)
    tmp_buf                                  0x20000518   Data          33  24l01.o(.bss)
    __initial_sp                             0x20000940   Data           0  startup_stm32f40_41xxx.o(STACK)



==============================================================================

Memory Map of the image

  Image Entry point : 0x08000189

  Load Region LR_IROM1 (Base: 0x08000000, Size: 0x00006f58, Max: 0x00100000, ABSOLUTE)

    Execution Region ER_IROM1 (Exec base: 0x08000000, Load base: 0x08000000, Size: 0x00006ef8, Max: 0x00100000, ABSOLUTE)

    Exec Addr    Load Addr    Size         Type   Attr      Idx    E Section Name        Object

    0x08000000   0x08000000   0x00000188   Data   RO          343    RESET               startup_stm32f40_41xxx.o
    0x08000188   0x08000188   0x00000000   Code   RO         1470  * .ARM.Collect$$$$00000000  mc_w.l(entry.o)
    0x08000188   0x08000188   0x00000004   Code   RO         1750    .ARM.Collect$$$$00000001  mc_w.l(entry2.o)
    0x0800018c   0x0800018c   0x00000004   Code   RO         1753    .ARM.Collect$$$$00000004  mc_w.l(entry5.o)
    0x08000190   0x08000190   0x00000000   Code   RO         1755    .ARM.Collect$$$$00000008  mc_w.l(entry7b.o)
    0x08000190   0x08000190   0x00000000   Code   RO         1757    .ARM.Collect$$$$0000000A  mc_w.l(entry8b.o)
    0x08000190   0x08000190   0x00000008   Code   RO         1758    .ARM.Collect$$$$0000000B  mc_w.l(entry9a.o)
    0x08000198   0x08000198   0x00000000   Code   RO         1760    .ARM.Collect$$$$0000000D  mc_w.l(entry10a.o)
    0x08000198   0x08000198   0x00000000   Code   RO         1762    .ARM.Collect$$$$0000000F  mc_w.l(entry11a.o)
    0x08000198   0x08000198   0x00000004   Code   RO         1751    .ARM.Collect$$$$00002712  mc_w.l(entry2.o)
    0x0800019c   0x0800019c   0x00000198   Code   RO            3    .text               main.o
    0x08000334   0x08000334   0x0000001a   Code   RO          193    .text               stm32f4xx_it.o
    0x0800034e   0x0800034e   0x00000002   PAD
    0x08000350   0x08000350   0x00000210   Code   RO          317    .text               system_stm32f4xx.o
    0x08000560   0x08000560   0x00000024   Code   RO          344    .text               startup_stm32f40_41xxx.o
    0x08000584   0x08000584   0x000000e0   Code   RO          350    .text               misc.o
    0x08000664   0x08000664   0x00000464   Code   RO          396    .text               stm32f4xx_adc.o
    0x08000ac8   0x08000ac8   0x00000294   Code   RO          725    .text               stm32f4xx_gpio.o
    0x08000d5c   0x08000d5c   0x0000065c   Code   RO          888    .text               stm32f4xx_rcc.o
    0x080013b8   0x080013b8   0x00000480   Code   RO          993    .text               stm32f4xx_spi.o
    0x08001838   0x08001838   0x00000ca2   Code   RO         1033    .text               stm32f4xx_tim.o
    0x080024da   0x080024da   0x00000002   PAD
    0x080024dc   0x080024dc   0x00000454   Code   RO         1053    .text               stm32f4xx_usart.o
    0x08002930   0x08002930   0x00000104   Code   RO         1093    .text               delay.o
    0x08002a34   0x08002a34   0x000001f4   Code   RO         1162    .text               key.o
    0x08002c28   0x08002c28   0x00000c6c   Code   RO         1188    .text               oled.o
    0x08003894   0x08003894   0x00000324   Code   RO         1241    .text               ec11.o
    0x08003bb8   0x08003bb8   0x00000248   Code   RO         1270    .text               jy62.o
    0x08003e00   0x08003e00   0x00000210   Code   RO         1304    .text               power.o
    0x08004010   0x08004010   0x000001e0   Code   RO         1333    .text               rocker.o
    0x080041f0   0x080041f0   0x00000134   Code   RO         1376    .text               kalman.o
    0x08004324   0x08004324   0x000000f4   Code   RO         1396    .text               timer.o
    0x08004418   0x08004418   0x00000118   Code   RO         1422    .text               spi.o
    0x08004530   0x08004530   0x00000384   Code   RO         1445    .text               24l01.o
    0x080048b4   0x080048b4   0x00000024   Code   RO         1473    .text               mc_w.l(memseta.o)
    0x080048d8   0x080048d8   0x0000014e   Code   RO         1736    .text               mf_w.l(dadd.o)
    0x08004a26   0x08004a26   0x000000e4   Code   RO         1738    .text               mf_w.l(dmul.o)
    0x08004b0a   0x08004b0a   0x000000de   Code   RO         1740    .text               mf_w.l(ddiv.o)
    0x08004be8   0x08004be8   0x0000001a   Code   RO         1742    .text               mf_w.l(dfltui.o)
    0x08004c02   0x08004c02   0x0000003e   Code   RO         1744    .text               mf_w.l(dfixi.o)
    0x08004c40   0x08004c40   0x00000026   Code   RO         1746    .text               mf_w.l(f2d.o)
    0x08004c66   0x08004c66   0x00000038   Code   RO         1748    .text               mf_w.l(d2f.o)
    0x08004c9e   0x08004c9e   0x0000002c   Code   RO         1765    .text               mc_w.l(uidiv.o)
    0x08004cca   0x08004cca   0x0000001e   Code   RO         1769    .text               mc_w.l(llshl.o)
    0x08004ce8   0x08004ce8   0x00000020   Code   RO         1771    .text               mc_w.l(llushr.o)
    0x08004d08   0x08004d08   0x00000024   Code   RO         1773    .text               mc_w.l(llsshr.o)
    0x08004d2c   0x08004d2c   0x00000000   Code   RO         1775    .text               mc_w.l(iusefp.o)
    0x08004d2c   0x08004d2c   0x0000006e   Code   RO         1776    .text               mf_w.l(fepilogue.o)
    0x08004d9a   0x08004d9a   0x000000ba   Code   RO         1778    .text               mf_w.l(depilogue.o)
    0x08004e54   0x08004e54   0x00000024   Code   RO         1784    .text               mc_w.l(init.o)
    0x08004e78   0x08004e78   0x00000028   Code   RO         1522    i.__0sprintf$1      mc_w.l(printf1.o)
    0x08004ea0   0x08004ea0   0x0000000e   Code   RO         1788    i.__scatterload_copy  mc_w.l(handlers.o)
    0x08004eae   0x08004eae   0x00000002   Code   RO         1789    i.__scatterload_null  mc_w.l(handlers.o)
    0x08004eb0   0x08004eb0   0x0000000e   Code   RO         1790    i.__scatterload_zeroinit  mc_w.l(handlers.o)
    0x08004ebe   0x08004ebe   0x00000002   PAD
    0x08004ec0   0x08004ec0   0x00000154   Code   RO         1527    i._printf_core      mc_w.l(printf1.o)
    0x08005014   0x08005014   0x0000000a   Code   RO         1529    i._sputc            mc_w.l(printf1.o)
    0x0800501e   0x0800501e   0x00001eb0   Data   RO         1190    .constdata          oled.o
    0x08006ece   0x08006ece   0x0000000a   Data   RO         1447    .constdata          24l01.o
    0x08006ed8   0x08006ed8   0x00000020   Data   RO         1786    Region$$Table       anon$$obj.o


    Execution Region RW_IRAM1 (Exec base: 0x20000000, Load base: 0x08006ef8, Size: 0x00000940, Max: 0x00020000, ABSOLUTE)

    Exec Addr    Load Addr    Size         Type   Attr      Idx    E Section Name        Object

    0x20000000   0x08006ef8   0x0000000a   Data   RW            4    .data               main.o
    0x2000000a   0x08006f02   0x00000002   PAD
    0x2000000c   0x08006f04   0x00000014   Data   RW          318    .data               system_stm32f4xx.o
    0x20000020   0x08006f18   0x00000010   Data   RW          889    .data               stm32f4xx_rcc.o
    0x20000030   0x08006f28   0x00000004   Data   RW         1094    .data               delay.o
    0x20000034   0x08006f2c   0x00000002   Data   RW         1163    .data               key.o
    0x20000036   0x08006f2e   0x00000008   Data   RW         1242    .data               ec11.o
    0x2000003e   0x08006f36   0x00000002   PAD
    0x20000040   0x08006f38   0x00000010   Data   RW         1272    .data               jy62.o
    0x20000050   0x08006f48   0x00000010   Data   RW         1334    .data               rocker.o
    0x20000060        -       0x00000480   Zero   RW         1189    .bss                oled.o
    0x200004e0        -       0x0000000b   Zero   RW         1271    .bss                jy62.o
    0x200004eb   0x08006f58   0x00000005   PAD
    0x200004f0        -       0x00000028   Zero   RW         1305    .bss                power.o
    0x20000518        -       0x00000021   Zero   RW         1446    .bss                24l01.o
    0x20000539   0x08006f58   0x00000007   PAD
    0x20000540        -       0x00000400   Zero   RW          341    STACK               startup_stm32f40_41xxx.o


==============================================================================

Image component sizes


      Code (inc. data)   RO Data    RW Data    ZI Data      Debug   Object Name

       900         48         10          0         33       3973   24l01.o
       260          8          0          4          0       1565   delay.o
       804         80          0          8          0       3260   ec11.o
       584         30          0         16         11       4026   jy62.o
       308         16          0          0          0       1476   kalman.o
       500         28          0          2          0       1380   key.o
       408         58          0         10          0     269780   main.o
       224         20          0          0          0     245001   misc.o
      3180         70       7856          0       1152      10047   oled.o
       528         52          0          0         40       2167   power.o
       480         28          0         16          0       2013   rocker.o
       280          8          0          0          0       1129   spi.o
        36          8        392          0       1024        868   startup_stm32f40_41xxx.o
      1124         24          0          0          0      10770   stm32f4xx_adc.o
       660         44          0          0          0       4241   stm32f4xx_gpio.o
        26          0          0          0          0      57498   stm32f4xx_it.o
      1628         52          0         16          0      13160   stm32f4xx_rcc.o
      1152         36          0          0          0       6989   stm32f4xx_spi.o
      3234         60          0          0          0      23096   stm32f4xx_tim.o
      1108         34          0          0          0       7964   stm32f4xx_usart.o
       528         46          0         20          0       1903   system_stm32f4xx.o
       244         12          0          0          0       1274   timer.o

    ----------------------------------------------------------------------
     18200        762       8290         96       2272     673580   Object Totals
         0          0         32          0          0          0   (incl. Generated)
         4          0          0          4         12          0   (incl. Padding)

    ----------------------------------------------------------------------

      Code (inc. data)   RO Data    RW Data    ZI Data      Debug   Library Member Name

         0          0          0          0          0          0   entry.o
         0          0          0          0          0          0   entry10a.o
         0          0          0          0          0          0   entry11a.o
         8          4          0          0          0          0   entry2.o
         4          0          0          0          0          0   entry5.o
         0          0          0          0          0          0   entry7b.o
         0          0          0          0          0          0   entry8b.o
         8          4          0          0          0          0   entry9a.o
        30          0          0          0          0          0   handlers.o
        36          8          0          0          0         68   init.o
         0          0          0          0          0          0   iusefp.o
        30          0          0          0          0         68   llshl.o
        36          0          0          0          0         68   llsshr.o
        32          0          0          0          0         68   llushr.o
        36          0          0          0          0        108   memseta.o
       390         10          0          0          0        252   printf1.o
        44          0          0          0          0         80   uidiv.o
        56          0          0          0          0         88   d2f.o
       334          0          0          0          0        148   dadd.o
       222          0          0          0          0        100   ddiv.o
       186          0          0          0          0        176   depilogue.o
        62          0          0          0          0         80   dfixi.o
        26          0          0          0          0         76   dfltui.o
       228          0          0          0          0         96   dmul.o
        38          0          0          0          0         68   f2d.o
       110          0          0          0          0        168   fepilogue.o

    ----------------------------------------------------------------------
      1918         26          0          0          0       1712   Library Totals
         2          0          0          0          0          0   (incl. Padding)

    ----------------------------------------------------------------------

      Code (inc. data)   RO Data    RW Data    ZI Data      Debug   Library Name

       654         26          0          0          0        712   mc_w.l
      1262          0          0          0          0       1000   mf_w.l

    ----------------------------------------------------------------------
      1918         26          0          0          0       1712   Library Totals

    ----------------------------------------------------------------------

==============================================================================


      Code (inc. data)   RO Data    RW Data    ZI Data      Debug   

     20118        788       8290         96       2272     670616   Grand Totals
     20118        788       8290         96       2272     670616   ELF Image Totals
     20118        788       8290         96          0          0   ROM Totals

==============================================================================

    Total RO  Size (Code + RO Data)                28408 (  27.74kB)
    Total RW  Size (RW Data + ZI Data)              2368 (   2.31kB)
    Total ROM Size (Code + RO Data + RW Data)      28504 (  27.84kB)

==============================================================================

