Component: ARM Compiler 5.06 update 6 (build 750) Tool: armlink [4d35ed]

==============================================================================

Section Cross References

    main.o(.text) refers to misc.o(.text) for NVIC_PriorityGroupConfig
    main.o(.text) refers to delay.o(.text) for delay_init
    main.o(.text) refers to key.o(.text) for KEY_Init
    main.o(.text) refers to oled.o(.text) for OLED_Init
    main.o(.text) refers to ec11.o(.text) for EC11_Init
    main.o(.text) refers to power.o(.text) for POWER_Init
    main.o(.text) refers to rocker.o(.text) for ROCKER_Init
    main.o(.text) refers to 24l01.o(.text) for NRF24L01_Init
    main.o(.text) refers to timer.o(.text) for TIM6_init
    main.o(.text) refers to key.o(.data) for key_value
    main.o(.text) refers to 24l01.o(.bss) for tmp_buf
    main.o(.text) refers to ec11.o(.data) for EC11_Num1
    main.o(.text) refers to rocker.o(.data) for adcx1
    system_stm32f4xx.o(.text) refers to system_stm32f4xx.o(.data) for SystemCoreClock
    startup_stm32f40_41xxx.o(RESET) refers to startup_stm32f40_41xxx.o(STACK) for __initial_sp
    startup_stm32f40_41xxx.o(RESET) refers to startup_stm32f40_41xxx.o(.text) for Reset_Handler
    startup_stm32f40_41xxx.o(RESET) refers to stm32f4xx_it.o(.text) for NMI_Handler
    startup_stm32f40_41xxx.o(RESET) refers to ec11.o(.text) for TIM3_IRQHandler
    startup_stm32f40_41xxx.o(RESET) refers to jy62.o(.text) for USART1_IRQHandler
    startup_stm32f40_41xxx.o(RESET) refers to timer.o(.text) for TIM6_DAC_IRQHandler
    startup_stm32f40_41xxx.o(.text) refers to system_stm32f4xx.o(.text) for SystemInit
    startup_stm32f40_41xxx.o(.text) refers to entry.o(.ARM.Collect$$$$00000000) for __main
    stm32f4xx_adc.o(.text) refers to stm32f4xx_rcc.o(.text) for RCC_APB2PeriphResetCmd
    stm32f4xx_can.o(.text) refers to stm32f4xx_rcc.o(.text) for RCC_APB1PeriphResetCmd
    stm32f4xx_cryp.o(.text) refers to stm32f4xx_rcc.o(.text) for RCC_AHB2PeriphResetCmd
    stm32f4xx_cryp_aes.o(.text) refers to stm32f4xx_cryp.o(.text) for CRYP_KeyStructInit
    stm32f4xx_cryp_des.o(.text) refers to stm32f4xx_cryp.o(.text) for CRYP_KeyStructInit
    stm32f4xx_cryp_tdes.o(.text) refers to stm32f4xx_cryp.o(.text) for CRYP_KeyStructInit
    stm32f4xx_dac.o(.text) refers to stm32f4xx_rcc.o(.text) for RCC_APB1PeriphResetCmd
    stm32f4xx_dma2d.o(.text) refers to stm32f4xx_rcc.o(.text) for RCC_AHB1PeriphResetCmd
    stm32f4xx_fsmc.o(.text) refers to stm32f4xx_fsmc.o(.constdata) for FSMC_DefaultTimingStruct
    stm32f4xx_gpio.o(.text) refers to stm32f4xx_rcc.o(.text) for RCC_AHB1PeriphResetCmd
    stm32f4xx_hash.o(.text) refers to stm32f4xx_rcc.o(.text) for RCC_AHB2PeriphResetCmd
    stm32f4xx_hash_md5.o(.text) refers to stm32f4xx_hash.o(.text) for HASH_DeInit
    stm32f4xx_hash_sha1.o(.text) refers to stm32f4xx_hash.o(.text) for HASH_DeInit
    stm32f4xx_i2c.o(.text) refers to stm32f4xx_rcc.o(.text) for RCC_APB1PeriphResetCmd
    stm32f4xx_ltdc.o(.text) refers to stm32f4xx_rcc.o(.text) for RCC_APB2PeriphResetCmd
    stm32f4xx_pwr.o(.text) refers to stm32f4xx_rcc.o(.text) for RCC_APB1PeriphResetCmd
    stm32f4xx_rcc.o(.text) refers to stm32f4xx_rcc.o(.data) for APBAHBPrescTable
    stm32f4xx_rng.o(.text) refers to stm32f4xx_rcc.o(.text) for RCC_AHB2PeriphResetCmd
    stm32f4xx_sai.o(.text) refers to stm32f4xx_rcc.o(.text) for RCC_APB2PeriphResetCmd
    stm32f4xx_sdio.o(.text) refers to stm32f4xx_rcc.o(.text) for RCC_APB2PeriphResetCmd
    stm32f4xx_spi.o(.text) refers to stm32f4xx_rcc.o(.text) for RCC_APB2PeriphResetCmd
    stm32f4xx_syscfg.o(.text) refers to stm32f4xx_rcc.o(.text) for RCC_APB2PeriphResetCmd
    stm32f4xx_tim.o(.text) refers to stm32f4xx_rcc.o(.text) for RCC_APB2PeriphResetCmd
    stm32f4xx_usart.o(.text) refers to stm32f4xx_rcc.o(.text) for RCC_APB2PeriphResetCmd
    stm32f4xx_wwdg.o(.text) refers to stm32f4xx_rcc.o(.text) for RCC_APB1PeriphResetCmd
    delay.o(.text) refers to misc.o(.text) for SysTick_CLKSourceConfig
    delay.o(.text) refers to delay.o(.data) for fac_us
    beep.o(.text) refers to stm32f4xx_rcc.o(.text) for RCC_AHB1PeriphClockCmd
    beep.o(.text) refers to stm32f4xx_gpio.o(.text) for GPIO_Init
    key.o(.text) refers to stm32f4xx_rcc.o(.text) for RCC_AHB1PeriphClockCmd
    key.o(.text) refers to stm32f4xx_gpio.o(.text) for GPIO_Init
    key.o(.text) refers to delay.o(.text) for delay_ms
    key.o(.text) refers to key.o(.data) for key_up
    oled.o(.text) refers to stm32f4xx_gpio.o(.text) for GPIO_SetBits
    oled.o(.text) refers to oled.o(.bss) for OLED_GRAM
    oled.o(.text) refers to oled.o(.constdata) for asc2_0806
    oled.o(.text) refers to stm32f4xx_rcc.o(.text) for RCC_AHB1PeriphClockCmd
    oled.o(.text) refers to delay.o(.text) for delay_ms
    led.o(.text) refers to stm32f4xx_rcc.o(.text) for RCC_AHB1PeriphClockCmd
    led.o(.text) refers to stm32f4xx_gpio.o(.text) for GPIO_Init
    ec11.o(.text) refers to stm32f4xx_rcc.o(.text) for RCC_APB1PeriphClockCmd
[...]
    power.o(.text) refers to d2f.o(.text) for __aeabi_d2f
    power.o(.text) refers to power.o(.bss) for kf
    rocker.o(.text) refers to stm32f4xx_rcc.o(.text) for RCC_AHB1PeriphClockCmd
    rocker.o(.text) refers to stm32f4xx_gpio.o(.text) for GPIO_Init
    rocker.o(.text) refers to stm32f4xx_adc.o(.text) for ADC_CommonInit
    rocker.o(.text) refers to delay.o(.text) for delay_ms
    rocker.o(.text) refers to oled.o(.text) for OLED_ShowNum
    rocker.o(.text) refers to rocker.o(.data) for adcx1
    kalman.o(.text) refers to dadd.o(.text) for __aeabi_dadd
    kalman.o(.text) refers to ddiv.o(.text) for __aeabi_ddiv
    kalman.o(.text) refers to dmul.o(.text) for __aeabi_dmul
    timer.o(.text) refers to stm32f4xx_rcc.o(.text) for RCC_APB1PeriphClockCmd
    timer.o(.text) refers to stm32f4xx_tim.o(.text) for TIM_TimeBaseInit
    timer.o(.text) refers to misc.o(.text) for NVIC_Init
    timer.o(.text) refers to oled.o(.text) for OLED_ShowNum
    timer.o(.text) refers to ec11.o(.data) for EC11_Num1
    spi.o(.text) refers to stm32f4xx_spi.o(.text) for SPI_I2S_GetFlagStatus
    spi.o(.text) refers to stm32f4xx_rcc.o(.text) for RCC_AHB1PeriphClockCmd
    spi.o(.text) refers to stm32f4xx_gpio.o(.text) for GPIO_Init
    24l01.o(.text) refers to stm32f4xx_spi.o(.text) for SPI_Cmd
    24l01.o(.text) refers to spi.o(.text) for SPI1_ReadWriteByte
    24l01.o(.text) refers to stm32f4xx_rcc.o(.text) for RCC_AHB1PeriphClockCmd
    24l01.o(.text) refers to stm32f4xx_gpio.o(.text) for GPIO_Init
    24l01.o(.text) refers to oled.o(.text) for OLED_ShowString
    24l01.o(.text) refers to delay.o(.text) for delay_ms
    24l01.o(.text) refers to 24l01.o(.constdata) for TX_ADDRESS
    entry.o(.ARM.Collect$$$$00000000) refers (Special) to entry10a.o(.ARM.Collect$$$$0000000D) for __rt_final_cpp
    entry.o(.ARM.Collect$$$$00000000) refers (Special) to entry11a.o(.ARM.Collect$$$$0000000F) for __rt_final_exit
    entry.o(.ARM.Collect$$$$00000000) refers (Special) to entry7b.o(.ARM.Collect$$$$00000008) for _main_clock
    entry.o(.ARM.Collect$$$$00000000) refers (Special) to entry8b.o(.ARM.Collect$$$$0000000A) for _main_cpp_init
    entry.o(.ARM.Collect$$$$00000000) refers (Special) to entry9a.o(.ARM.Collect$$$$0000000B) for _main_init
    entry.o(.ARM.Collect$$$$00000000) refers (Special) to entry5.o(.ARM.Collect$$$$00000004) for _main_scatterload
    entry.o(.ARM.Collect$$$$00000000) refers (Special) to entry2.o(.ARM.Collect$$$$00000001) for _main_stk
    dadd.o(.text) refers (Special) to iusefp.o(.text) for __I$use$fp
    dadd.o(.text) refers to llshl.o(.text) for __aeabi_llsl
    dadd.o(.text) refers to llsshr.o(.text) for __aeabi_lasr
    dadd.o(.text) refers to depilogue.o(.text) for _double_epilogue
    dmul.o(.text) refers (Special) to iusefp.o(.text) for __I$use$fp
    dmul.o(.text) refers to depilogue.o(.text) for _double_epilogue
    ddiv.o(.text) refers (Special) to iusefp.o(.text) for __I$use$fp
    ddiv.o(.text) refers to depilogue.o(.text) for _double_round
    dfltui.o(.text) refers (Special) to iusefp.o(.text) for __I$use$fp
    dfltui.o(.text) refers to depilogue.o(.text) for _double_epilogue
    dfixi.o(.text) refers (Special) to iusefp.o(.text) for __I$use$fp
    dfixi.o(.text) refers to llushr.o(.text) for __aeabi_llsr
    f2d.o(.text) refers (Special) to iusefp.o(.text) for __I$use$fp
    d2f.o(.text) refers (Special) to iusefp.o(.text) for __I$use$fp
    d2f.o(.text) refers to fepilogue.o(.text) for _float_round
    entry2.o(.ARM.Collect$$$$00000001) refers to entry2.o(.ARM.Collect$$$$00002712) for __lit__00000000
    entry2.o(.ARM.Collect$$$$00002712) refers to startup_stm32f40_41xxx.o(STACK) for __initial_sp
    entry2.o(__vectab_stack_and_reset_area) refers to startup_stm32f40_41xxx.o(STACK) for __initial_sp
    entry2.o(__vectab_stack_and_reset_area) refers to entry.o(.ARM.Collect$$$$00000000) for __main
    entry5.o(.ARM.Collect$$$$00000004) refers to init.o(.text) for __scatterload
    entry9a.o(.ARM.Collect$$$$0000000B) refers to main.o(.text) for main
    entry9b.o(.ARM.Collect$$$$0000000C) refers to main.o(.text) for main
    depilogue.o(.text) refers to llshl.o(.text) for __aeabi_llsl
    depilogue.o(.text) refers to llushr.o(.text) for __aeabi_llsr
    init.o(.text) refers to entry5.o(.ARM.Collect$$$$00000004) for __main_after_scatterload


==============================================================================

Removing Unused input sections from the image.

    Removing main.o(.rev16_text), (4 bytes).
    Removing main.o(.revsh_text), (4 bytes).
    Removing main.o(.data), (8 bytes).
    Removing stm32f4xx_it.o(.rev16_text), (4 bytes).
    Removing stm32f4xx_it.o(.revsh_text), (4 bytes).
    Removing system_stm32f4xx.o(.rev16_text), (4 bytes).
    Removing system_stm32f4xx.o(.revsh_text), (4 bytes).
    Removing startup_stm32f40_41xxx.o(HEAP), (512 bytes).
    Removing misc.o(.rev16_text), (4 bytes).
    Removing misc.o(.revsh_text), (4 bytes).
    Removing stm32f4xx_adc.o(.rev16_text), (4 bytes).
    Removing stm32f4xx_adc.o(.revsh_text), (4 bytes).
    Removing stm32f4xx_can.o(.rev16_text), (4 bytes).
    Removing stm32f4xx_can.o(.revsh_text), (4 bytes).
    Removing stm32f4xx_can.o(.text), (2544 bytes).
    Removing stm32f4xx_crc.o(.rev16_text), (4 bytes).
    Removing stm32f4xx_crc.o(.revsh_text), (4 bytes).
    Removing stm32f4xx_crc.o(.text), (72 bytes).
    Removing stm32f4xx_cryp.o(.rev16_text), (4 bytes).
    Removing stm32f4xx_cryp.o(.revsh_text), (4 bytes).
    Removing stm32f4xx_cryp.o(.text), (856 bytes).
    Removing stm32f4xx_cryp_aes.o(.rev16_text), (4 bytes).
    Removing stm32f4xx_cryp_aes.o(.revsh_text), (4 bytes).
    Removing stm32f4xx_cryp_aes.o(.text), (4586 bytes).
    Removing stm32f4xx_cryp_des.o(.rev16_text), (4 bytes).
    Removing stm32f4xx_cryp_des.o(.revsh_text), (4 bytes).
    Removing stm32f4xx_cryp_des.o(.text), (472 bytes).
    Removing stm32f4xx_cryp_tdes.o(.rev16_text), (4 bytes).
    Removing stm32f4xx_cryp_tdes.o(.revsh_text), (4 bytes).
    Removing stm32f4xx_cryp_tdes.o(.text), (536 bytes).
    Removing stm32f4xx_dac.o(.rev16_text), (4 bytes).
    Removing stm32f4xx_dac.o(.revsh_text), (4 bytes).
    Removing stm32f4xx_dac.o(.text), (528 bytes).
    Removing stm32f4xx_dbgmcu.o(.rev16_text), (4 bytes).
    Removing stm32f4xx_dbgmcu.o(.revsh_text), (4 bytes).
    Removing stm32f4xx_dbgmcu.o(.text), (100 bytes).
    Removing stm32f4xx_dcmi.o(.rev16_text), (4 bytes).
    Removing stm32f4xx_dcmi.o(.revsh_text), (4 bytes).
    Removing stm32f4xx_dcmi.o(.text), (396 bytes).
    Removing stm32f4xx_dma2d.o(.rev16_text), (4 bytes).
    Removing stm32f4xx_dma2d.o(.revsh_text), (4 bytes).
    Removing stm32f4xx_dma2d.o(.text), (948 bytes).
    Removing stm32f4xx_dma.o(.rev16_text), (4 bytes).
    Removing stm32f4xx_dma.o(.revsh_text), (4 bytes).
    Removing stm32f4xx_dma.o(.text), (936 bytes).
    Removing stm32f4xx_exti.o(.rev16_text), (4 bytes).
    Removing stm32f4xx_exti.o(.revsh_text), (4 bytes).
    Removing stm32f4xx_exti.o(.text), (272 bytes).
    Removing stm32f4xx_flash.o(.rev16_text), (4 bytes).
    Removing stm32f4xx_flash.o(.revsh_text), (4 bytes).
    Removing stm32f4xx_flash.o(.text), (1684 bytes).
    Removing stm32f4xx_flash_ramfunc.o(.rev16_text), (4 bytes).
    Removing stm32f4xx_flash_ramfunc.o(.revsh_text), (4 bytes).
    Removing stm32f4xx_flash_ramfunc.o(.text), (64 bytes).
    Removing stm32f4xx_fsmc.o(.rev16_text), (4 bytes).
    Removing stm32f4xx_fsmc.o(.revsh_text), (4 bytes).
    Removing stm32f4xx_fsmc.o(.text), (1480 bytes).
    Removing stm32f4xx_fsmc.o(.constdata), (28 bytes).
    Removing stm32f4xx_gpio.o(.rev16_text), (4 bytes).
    Removing stm32f4xx_gpio.o(.revsh_text), (4 bytes).
    Removing stm32f4xx_hash.o(.rev16_text), (4 bytes).
    Removing stm32f4xx_hash.o(.revsh_text), (4 bytes).
    Removing stm32f4xx_hash.o(.text), (552 bytes).
    Removing stm32f4xx_hash_md5.o(.rev16_text), (4 bytes).
    Removing stm32f4xx_hash_md5.o(.revsh_text), (4 bytes).
    Removing stm32f4xx_hash_md5.o(.text), (534 bytes).
    Removing stm32f4xx_hash_sha1.o(.rev16_text), (4 bytes).
    Removing stm32f4xx_hash_sha1.o(.revsh_text), (4 bytes).
    Removing stm32f4xx_hash_sha1.o(.text), (548 bytes).
    Removing stm32f4xx_i2c.o(.rev16_text), (4 bytes).
    Removing stm32f4xx_i2c.o(.revsh_text), (4 bytes).
    Removing stm32f4xx_i2c.o(.text), (1110 bytes).
    Removing stm32f4xx_iwdg.o(.rev16_text), (4 bytes).
    Removing stm32f4xx_iwdg.o(.revsh_text), (4 bytes).
    Removing stm32f4xx_iwdg.o(.text), (64 bytes).
    Removing stm32f4xx_ltdc.o(.rev16_text), (4 bytes).
    Removing stm32f4xx_ltdc.o(.revsh_text), (4 bytes).
    Removing stm32f4xx_ltdc.o(.text), (1672 bytes).
    Removing stm32f4xx_pwr.o(.rev16_text), (4 bytes).
    Removing stm32f4xx_pwr.o(.revsh_text), (4 bytes).
    Removing stm32f4xx_pwr.o(.text), (364 bytes).
    Removing stm32f4xx_rcc.o(.rev16_text), (4 bytes).
    Removing stm32f4xx_rcc.o(.revsh_text), (4 bytes).
    Removing stm32f4xx_rng.o(.rev16_text), (4 bytes).
    Removing stm32f4xx_rng.o(.revsh_text), (4 bytes).
    Removing stm32f4xx_rng.o(.text), (160 bytes).
    Removing stm32f4xx_rtc.o(.rev16_text), (4 bytes).
    Removing stm32f4xx_rtc.o(.revsh_text), (4 bytes).
    Removing stm32f4xx_rtc.o(.text), (3432 bytes).
    Removing stm32f4xx_sai.o(.rev16_text), (4 bytes).
    Removing stm32f4xx_sai.o(.revsh_text), (4 bytes).
    Removing stm32f4xx_sai.o(.text), (524 bytes).
    Removing stm32f4xx_sdio.o(.rev16_text), (4 bytes).
    Removing stm32f4xx_sdio.o(.revsh_text), (4 bytes).
    Removing stm32f4xx_sdio.o(.text), (476 bytes).
    Removing stm32f4xx_spi.o(.rev16_text), (4 bytes).
    Removing stm32f4xx_spi.o(.revsh_text), (4 bytes).
    Removing stm32f4xx_syscfg.o(.rev16_text), (4 bytes).
    Removing stm32f4xx_syscfg.o(.revsh_text), (4 bytes).
    Removing stm32f4xx_syscfg.o(.text), (148 bytes).
    Removing stm32f4xx_tim.o(.rev16_text), (4 bytes).
    Removing stm32f4xx_tim.o(.revsh_text), (4 bytes).
    Removing stm32f4xx_usart.o(.rev16_text), (4 bytes).
    Removing stm32f4xx_usart.o(.revsh_text), (4 bytes).
    Removing stm32f4xx_wwdg.o(.rev16_text), (4 bytes).
    Removing stm32f4xx_wwdg.o(.revsh_text), (4 bytes).
    Removing stm32f4xx_wwdg.o(.text), (144 bytes).
    Removing delay.o(.rev16_text), (4 bytes).
    Removing delay.o(.revsh_text), (4 bytes).
    Removing sys.o(.rev16_text), (4 bytes).
    Removing sys.o(.revsh_text), (4 bytes).
    Removing sys.o(.emb_text), (16 bytes).
    Removing beep.o(.rev16_text), (4 bytes).
    Removing beep.o(.revsh_text), (4 bytes).
    Removing beep.o(.text), (56 bytes).
    Removing key.o(.rev16_text), (4 bytes).
    Removing key.o(.revsh_text), (4 bytes).
    Removing oled.o(.rev16_text), (4 bytes).
    Removing oled.o(.revsh_text), (4 bytes).
    Removing led.o(.rev16_text), (4 bytes).
    Removing led.o(.revsh_text), (4 bytes).
    Removing led.o(.text), (56 bytes).
    Removing ec11.o(.rev16_text), (4 bytes).
    Removing ec11.o(.revsh_text), (4 bytes).
    Removing jy62.o(.rev16_text), (4 bytes).
    Removing jy62.o(.revsh_text), (4 bytes).
    Removing power.o(.rev16_text), (4 bytes).
    Removing power.o(.revsh_text), (4 bytes).
    Removing rocker.o(.rev16_text), (4 bytes).
    Removing rocker.o(.revsh_text), (4 bytes).
    Removing tfcard.o(.rev16_text), (4 bytes).
    Removing tfcard.o(.revsh_text), (4 bytes).
    Removing kalman.o(.rev16_text), (4 bytes).
    Removing kalman.o(.revsh_text), (4 bytes).
    Removing timer.o(.rev16_text), (4 bytes).
    Removing timer.o(.revsh_text), (4 bytes).
    Removing timer.o(.data), (6 bytes).
    Removing spi.o(.rev16_text), (4 bytes).
    Removing spi.o(.revsh_text), (4 bytes).
    Removing 24l01.o(.rev16_text), (4 bytes).
    Removing 24l01.o(.revsh_text), (4 bytes).

141 unused section(s) (total 26308 bytes) removed from the image.

==============================================================================

Image Symbol Table

    Local Symbols

    Symbol Name                              Value     Ov Type        Size  Object(Section)

    ../clib/microlib/init/entry.s            0x00000000   Number         0  entry.o ABSOLUTE
    ../clib/microlib/init/entry.s            0x00000000   Number         0  entry8b.o ABSOLUTE
    ../clib/microlib/init/entry.s            0x00000000   Number         0  entry11a.o ABSOLUTE
    ../clib/microlib/init/entry.s            0x00000000   Number         0  entry10b.o ABSOLUTE
    ../clib/microlib/init/entry.s            0x00000000   Number         0  entry7b.o ABSOLUTE
    ../clib/microlib/init/entry.s            0x00000000   Number         0  entry8a.o ABSOLUTE
    ../clib/microlib/init/entry.s            0x00000000   Number         0  entry2.o ABSOLUTE
    ../clib/microlib/init/entry.s            0x00000000   Number         0  entry9b.o ABSOLUTE
    ../clib/microlib/init/entry.s            0x00000000   Number         0  entry9a.o ABSOLUTE
    ../clib/microlib/init/entry.s            0x00000000   Number         0  entry7a.o ABSOLUTE
    ../clib/microlib/init/entry.s            0x00000000   Number         0  entry10a.o ABSOLUTE
    ../clib/microlib/init/entry.s            0x00000000   Number         0  entry5.o ABSOLUTE
    ../clib/microlib/init/entry.s            0x00000000   Number         0  entry11b.o ABSOLUTE
    ../clib/microlib/longlong.c              0x00000000   Number         0  llsshr.o ABSOLUTE
    ../clib/microlib/longlong.c              0x00000000   Number         0  llushr.o ABSOLUTE
    ../clib/microlib/longlong.c              0x00000000   Number         0  llshl.o ABSOLUTE
    ../clib/microlib/stubs.s                 0x00000000   Number         0  iusefp.o ABSOLUTE
    ../fplib/microlib/d2f.c                  0x00000000   Number         0  d2f.o ABSOLUTE
    ../fplib/microlib/f2d.c                  0x00000000   Number         0  f2d.o ABSOLUTE
    ../fplib/microlib/fpadd.c                0x00000000   Number         0  dadd.o ABSOLUTE
    ../fplib/microlib/fpdiv.c                0x00000000   Number         0  ddiv.o ABSOLUTE
    ../fplib/microlib/fpepilogue.c           0x00000000   Number         0  fepilogue.o ABSOLUTE
    ../fplib/microlib/fpepilogue.c           0x00000000   Number         0  depilogue.o ABSOLUTE
    ../fplib/microlib/fpfix.c                0x00000000   Number         0  dfixi.o ABSOLUTE
    ../fplib/microlib/fpflt.c                0x00000000   Number         0  dfltui.o ABSOLUTE
    ../fplib/microlib/fpmul.c                0x00000000   Number         0  dmul.o ABSOLUTE
    ..\CORE\startup_stm32f40_41xxx.s         0x00000000   Number         0  startup_stm32f40_41xxx.o ABSOLUTE
    ..\FWLIB\src\misc.c                      0x00000000   Number         0  misc.o ABSOLUTE
    ..\FWLIB\src\stm32f4xx_adc.c             0x00000000   Number         0  stm32f4xx_adc.o ABSOLUTE
    ..\FWLIB\src\stm32f4xx_can.c             0x00000000   Number         0  stm32f4xx_can.o ABSOLUTE
    ..\FWLIB\src\stm32f4xx_crc.c             0x00000000   Number         0  stm32f4xx_crc.o ABSOLUTE
    ..\FWLIB\src\stm32f4xx_cryp.c            0x00000000   Number         0  stm32f4xx_cryp.o ABSOLUTE
    ..\FWLIB\src\stm32f4xx_cryp_aes.c        0x00000000   Number         0  stm32f4xx_cryp_aes.o ABSOLUTE
    ..\FWLIB\src\stm32f4xx_cryp_des.c        0x00000000   Number         0  stm32f4xx_cryp_des.o ABSOLUTE
    ..\FWLIB\src\stm32f4xx_cryp_tdes.c       0x00000000   Number         0  stm32f4xx_cryp_tdes.o ABSOLUTE
    ..\FWLIB\src\stm32f4xx_dac.c             0x00000000   Number         0  stm32f4xx_dac.o ABSOLUTE
    ..\FWLIB\src\stm32f4xx_dbgmcu.c          0x00000000   Number         0  stm32f4xx_dbgmcu.o ABSOLUTE
    ..\FWLIB\src\stm32f4xx_dcmi.c            0x00000000   Number         0  stm32f4xx_dcmi.o ABSOLUTE
    ..\FWLIB\src\stm32f4xx_dma.c             0x00000000   Number         0  stm32f4xx_dma.o ABSOLUTE
    ..\FWLIB\src\stm32f4xx_dma2d.c           0x00000000   Number         0  stm32f4xx_dma2d.o ABSOLUTE
    ..\FWLIB\src\stm32f4xx_exti.c            0x00000000   Number         0  stm32f4xx_exti.o ABSOLUTE
    ..\FWLIB\src\stm32f4xx_flash.c           0x00000000   Number         0  stm32f4xx_flash.o ABSOLUTE
    ..\FWLIB\src\stm32f4xx_flash_ramfunc.c   0x00000000   Number         0  stm32f4xx_flash_ramfunc.o ABSOLUTE
    ..\FWLIB\src\stm32f4xx_fsmc.c            0x00000000   Number         0  stm32f4xx_fsmc.o ABSOLUTE
    ..\FWLIB\src\stm32f4xx_gpio.c            0x00000000   Number         0  stm32f4xx_gpio.o ABSOLUTE
    ..\FWLIB\src\stm32f4xx_hash.c            0x00000000   Number         0  stm32f4xx_hash.o ABSOLUTE
    ..\FWLIB\src\stm32f4xx_hash_md5.c        0x00000000   Number         0  stm32f4xx_hash_md5.o ABSOLUTE
    ..\FWLIB\src\stm32f4xx_hash_sha1.c       0x00000000   Number         0  stm32f4xx_hash_sha1.o ABSOLUTE
    ..\FWLIB\src\stm32f4xx_i2c.c             0x00000000   Number         0  stm32f4xx_i2c.o ABSOLUTE
    ..\FWLIB\src\stm32f4xx_iwdg.c            0x00000000   Number         0  stm32f4xx_iwdg.o ABSOLUTE
    ..\FWLIB\src\stm32f4xx_ltdc.c            0x00000000   Number         0  stm32f4xx_ltdc.o ABSOLUTE
    ..\FWLIB\src\stm32f4xx_pwr.c             0x00000000   Number         0  stm32f4xx_pwr.o ABSOLUTE
    ..\FWLIB\src\stm32f4xx_rcc.c             0x00000000   Number         0  stm32f4xx_rcc.o ABSOLUTE
    ..\FWLIB\src\stm32f4xx_rng.c             0x00000000   Number         0  stm32f4xx_rng.o ABSOLUTE
    ..\FWLIB\src\stm32f4xx_rtc.c             0x00000000   Number         0  stm32f4xx_rtc.o ABSOLUTE
    ..\FWLIB\src\stm32f4xx_sai.c             0x00000000   Number         0  stm32f4xx_sai.o ABSOLUTE
    ..\FWLIB\src\stm32f4xx_sdio.c            0x00000000   Number         0  stm32f4xx_sdio.o ABSOLUTE
    ..\FWLIB\src\stm32f4xx_spi.c             0x00000000   Number         0  stm32f4xx_spi.o ABSOLUTE
    ..\FWLIB\src\stm32f4xx_syscfg.c          0x00000000   Number         0  stm32f4xx_syscfg.o ABSOLUTE
    ..\FWLIB\src\stm32f4xx_tim.c             0x00000000   Number         0  stm32f4xx_tim.o ABSOLUTE
    ..\FWLIB\src\stm32f4xx_usart.c           0x00000000   Number         0  stm32f4xx_usart.o ABSOLUTE
    ..\FWLIB\src\stm32f4xx_wwdg.c            0x00000000   Number         0  stm32f4xx_wwdg.o ABSOLUTE
    ..\HARDWARE\EC11\ec11.c                  0x00000000   Number         0  ec11.o ABSOLUTE
    ..\HARDWARE\JY62\jy62.c                  0x00000000   Number         0  jy62.o ABSOLUTE
    ..\HARDWARE\KALMAN\kalman.c              0x00000000   Number         0  kalman.o ABSOLUTE
    ..\HARDWARE\LED\led.c                    0x00000000   Number         0  led.o ABSOLUTE
    ..\HARDWARE\NRF24L01\24l01.c             0x00000000   Number         0  24l01.o ABSOLUTE
    ..\HARDWARE\NRF24L01\spi.c               0x00000000   Number         0  spi.o ABSOLUTE
    ..\HARDWARE\POWER\power.c                0x00000000   Number         0  power.o ABSOLUTE
    ..\HARDWARE\ROCKER\rocker.c              0x00000000   Number         0  rocker.o ABSOLUTE
    ..\HARDWARE\TFCARD\tfcard.c              0x00000000   Number         0  tfcard.o ABSOLUTE
    ..\HARDWARE\TIMER\timer.c                0x00000000   Number         0  timer.o ABSOLUTE
    ..\HARDWARE\beep\beep.c                  0x00000000   Number         0  beep.o ABSOLUTE
    ..\HARDWARE\key\key.c                    0x00000000   Number         0  key.o ABSOLUTE
    ..\HARDWARE\oled\oled.c                  0x00000000   Number         0  oled.o ABSOLUTE
    ..\SYSTEM\delay\delay.c                  0x00000000   Number         0  delay.o ABSOLUTE
    ..\SYSTEM\sys\sys.c                      0x00000000   Number         0  sys.o ABSOLUTE
    ..\\FWLIB\\src\\misc.c                   0x00000000   Number         0  misc.o ABSOLUTE
    ..\\FWLIB\\src\\stm32f4xx_adc.c          0x00000000   Number         0  stm32f4xx_adc.o ABSOLUTE
    ..\\FWLIB\\src\\stm32f4xx_can.c          0x00000000   Number         0  stm32f4xx_can.o ABSOLUTE
    ..\\FWLIB\\src\\stm32f4xx_crc.c          0x00000000   Number         0  stm32f4xx_crc.o ABSOLUTE
    ..\\FWLIB\\src\\stm32f4xx_cryp.c         0x00000000   Number         0  stm32f4xx_cryp.o ABSOLUTE
    ..\\FWLIB\\src\\stm32f4xx_cryp_aes.c     0x00000000   Number         0  stm32f4xx_cryp_aes.o ABSOLUTE
    ..\\FWLIB\\src\\stm32f4xx_cryp_des.c     0x00000000   Number         0  stm32f4xx_cryp_des.o ABSOLUTE
    ..\\FWLIB\\src\\stm32f4xx_cryp_tdes.c    0x00000000   Number         0  stm32f4xx_cryp_tdes.o ABSOLUTE
    ..\\FWLIB\\src\\stm32f4xx_dac.c          0x00000000   Number         0  stm32f4xx_dac.o ABSOLUTE
    ..\\FWLIB\\src\\stm32f4xx_dbgmcu.c       0x00000000   Number         0  stm32f4xx_dbgmcu.o ABSOLUTE
    ..\\FWLIB\\src\\stm32f4xx_dcmi.c         0x00000000   Number         0  stm32f4xx_dcmi.o ABSOLUTE
    ..\\FWLIB\\src\\stm32f4xx_dma.c          0x00000000   Number         0  stm32f4xx_dma.o ABSOLUTE
    ..\\FWLIB\\src\\stm32f4xx_dma2d.c        0x00000000   Number         0  stm32f4xx_dma2d.o ABSOLUTE
    ..\\FWLIB\\src\\stm32f4xx_exti.c         0x00000000   Number         0  stm32f4xx_exti.o ABSOLUTE
    ..\\FWLIB\\src\\stm32f4xx_flash.c        0x00000000   Number         0  stm32f4xx_flash.o ABSOLUTE
    ..\\FWLIB\\src\\stm32f4xx_flash_ramfunc.c 0x00000000   Number         0  stm32f4xx_flash_ramfunc.o ABSOLUTE
    ..\\FWLIB\\src\\stm32f4xx_fsmc.c         0x00000000   Number         0  stm32f4xx_fsmc.o ABSOLUTE
    ..\\FWLIB\\src\\stm32f4xx_gpio.c         0x00000000   Number         0  stm32f4xx_gpio.o ABSOLUTE
    ..\\FWLIB\\src\\stm32f4xx_hash.c         0x00000000   Number         0  stm32f4xx_hash.o ABSOLUTE
    ..\\FWLIB\\src\\stm32f4xx_hash_md5.c     0x00000000   Number         0  stm32f4xx_hash_md5.o ABSOLUTE
    ..\\FWLIB\\src\\stm32f4xx_hash_sha1.c    0x00000000   Number         0  stm32f4xx_hash_sha1.o ABSOLUTE
    ..\\FWLIB\\src\\stm32f4xx_i2c.c          0x00000000   Number         0  stm32f4xx_i2c.o ABSOLUTE
    ..\\FWLIB\\src\\stm32f4xx_iwdg.c         0x00000000   Number         0  stm32f4xx_iwdg.o ABSOLUTE
    ..\\FWLIB\\src\\stm32f4xx_ltdc.c         0x00000000   Number         0  stm32f4xx_ltdc.o ABSOLUTE
    ..\\FWLIB\\src\\stm32f4xx_pwr.c          0x00000000   Number         0  stm32f4xx_pwr.o ABSOLUTE
    ..\\FWLIB\\src\\stm32f4xx_rcc.c          0x00000000   Number         0  stm32f4xx_rcc.o ABSOLUTE
    ..\\FWLIB\\src\\stm32f4xx_rng.c          0x00000000   Number         0  stm32f4xx_rng.o ABSOLUTE
    ..\\FWLIB\\src\\stm32f4xx_rtc.c          0x00000000   Number         0  stm32f4xx_rtc.o ABSOLUTE
    ..\\FWLIB\\src\\stm32f4xx_sai.c          0x00000000   Number         0  stm32f4xx_sai.o ABSOLUTE
    ..\\FWLIB\\src\\stm32f4xx_sdio.c         0x00000000   Number         0  stm32f4xx_sdio.o ABSOLUTE
    ..\\FWLIB\\src\\stm32f4xx_spi.c          0x00000000   Number         0  stm32f4xx_spi.o ABSOLUTE
    ..\\FWLIB\\src\\stm32f4xx_syscfg.c       0x00000000   Number         0  stm32f4xx_syscfg.o ABSOLUTE
    ..\\FWLIB\\src\\stm32f4xx_tim.c          0x00000000   Number         0  stm32f4xx_tim.o ABSOLUTE
    ..\\FWLIB\\src\\stm32f4xx_usart.c        0x00000000   Number         0  stm32f4xx_usart.o ABSOLUTE
    ..\\FWLIB\\src\\stm32f4xx_wwdg.c         0x00000000   Number         0  stm32f4xx_wwdg.o ABSOLUTE
    ..\\HARDWARE\\EC11\\ec11.c               0x00000000   Number         0  ec11.o ABSOLUTE
    ..\\HARDWARE\\JY62\\jy62.c               0x00000000   Number         0  jy62.o ABSOLUTE
    ..\\HARDWARE\\KALMAN\\kalman.c           0x00000000   Number         0  kalman.o ABSOLUTE
    ..\\HARDWARE\\LED\\led.c                 0x00000000   Number         0  led.o ABSOLUTE
    ..\\HARDWARE\\NRF24L01\\24l01.c          0x00000000   Number         0  24l01.o ABSOLUTE
    ..\\HARDWARE\\NRF24L01\\spi.c            0x00000000   Number         0  spi.o ABSOLUTE
    ..\\HARDWARE\\POWER\\power.c             0x00000000   Number         0  power.o ABSOLUTE
    ..\\HARDWARE\\ROCKER\\rocker.c           0x00000000   Number         0  rocker.o ABSOLUTE
    ..\\HARDWARE\\TFCARD\\tfcard.c           0x00000000   Number         0  tfcard.o ABSOLUTE
    ..\\HARDWARE\\TIMER\\timer.c             0x00000000   Number         0  timer.o ABSOLUTE
    ..\\HARDWARE\\beep\\beep.c               0x00000000   Number         0  beep.o ABSOLUTE
    ..\\HARDWARE\\key\\key.c                 0x00000000   Number         0  key.o ABSOLUTE
    ..\\HARDWARE\\oled\\oled.c               0x00000000   Number         0  oled.o ABSOLUTE
    ..\\SYSTEM\\delay\\delay.c               0x00000000   Number         0  delay.o ABSOLUTE
    ..\\SYSTEM\\sys\\sys.c                   0x00000000   Number         0  sys.o ABSOLUTE
    dc.s                                     0x00000000   Number         0  dc.o ABSOLUTE
    handlers.s                               0x00000000   Number         0  handlers.o ABSOLUTE
    init.s                                   0x00000000   Number         0  init.o ABSOLUTE
    main.c                                   0x00000000   Number         0  main.o ABSOLUTE
    main.c                                   0x00000000   Number         0  main.o ABSOLUTE
    stm32f4xx_it.c                           0x00000000   Number         0  stm32f4xx_it.o ABSOLUTE
    stm32f4xx_it.c                           0x00000000   Number         0  stm32f4xx_it.o ABSOLUTE
    system_stm32f4xx.c                       0x00000000   Number         0  system_stm32f4xx.o ABSOLUTE
    system_stm32f4xx.c                       0x00000000   Number         0  system_stm32f4xx.o ABSOLUTE
    RESET                                    0x08000000   Section      392  startup_stm32f40_41xxx.o(RESET)
    .ARM.Collect$$$$00000000                 0x08000188   Section        0  entry.o(.ARM.Collect$$$$00000000)
    .ARM.Collect$$$$00000001                 0x08000188   Section        4  entry2.o(.ARM.Collect$$$$00000001)
    .ARM.Collect$$$$00000004                 0x0800018c   Section        4  entry5.o(.ARM.Collect$$$$00000004)
    .ARM.Collect$$$$00000008                 0x08000190   Section        0  entry7b.o(.ARM.Collect$$$$00000008)
    .ARM.Collect$$$$0000000A                 0x08000190   Section        0  entry8b.o(.ARM.Collect$$$$0000000A)
    .ARM.Collect$$$$0000000B                 0x08000190   Section        8  entry9a.o(.ARM.Collect$$$$0000000B)
    .ARM.Collect$$$$0000000D                 0x08000198   Section        0  entry10a.o(.ARM.Collect$$$$0000000D)
    .ARM.Collect$$$$0000000F                 0x08000198   Section        0  entry11a.o(.ARM.Collect$$$$0000000F)
    .ARM.Collect$$$$00002712                 0x08000198   Section        4  entry2.o(.ARM.Collect$$$$00002712)
    __lit__00000000                          0x08000198   Data           4  entry2.o(.ARM.Collect$$$$00002712)
    .text                                    0x0800019c   Section        0  main.o(.text)
    .text                                    0x0800026c   Section        0  stm32f4xx_it.o(.text)
    .text                                    0x08000288   Section        0  system_stm32f4xx.o(.text)
    SetSysClock                              0x08000289   Thumb Code   220  system_stm32f4xx.o(.text)
    .text                                    0x08000498   Section       36  startup_stm32f40_41xxx.o(.text)
    $v0                                      0x08000498   Number         0  startup_stm32f40_41xxx.o(.text)
    .text                                    0x080004bc   Section        0  misc.o(.text)
    .text                                    0x0800059c   Section        0  stm32f4xx_adc.o(.text)
    .text                                    0x08000a00   Section        0  stm32f4xx_gpio.o(.text)
    .text                                    0x08000c94   Section        0  stm32f4xx_rcc.o(.text)
    .text                                    0x080012f0   Section        0  stm32f4xx_spi.o(.text)
    .text                                    0x08001770   Section        0  stm32f4xx_tim.o(.text)
    TI4_Config                               0x08001f0f   Thumb Code    80  stm32f4xx_tim.o(.text)
    TI3_Config                               0x08001f71   Thumb Code    72  stm32f4xx_tim.o(.text)
    TI2_Config                               0x08001fd3   Thumb Code    90  stm32f4xx_tim.o(.text)
    TI1_Config                               0x0800203f   Thumb Code    58  stm32f4xx_tim.o(.text)
    .text                                    0x08002414   Section        0  stm32f4xx_usart.o(.text)
    .text                                    0x08002868   Section        0  delay.o(.text)
    .text                                    0x0800296c   Section        0  key.o(.text)
    .text                                    0x08002b60   Section        0  oled.o(.text)
    .text                                    0x080037cc   Section        0  ec11.o(.text)
    .text                                    0x08003af0   Section        0  jy62.o(.text)
    .text                                    0x08003d38   Section        0  power.o(.text)
    Get_Adc                                  0x08003dcb   Thumb Code    44  power.o(.text)
    .text                                    0x08003f48   Section        0  rocker.o(.text)
    Get_Adc                                  0x08003fd9   Thumb Code    44  rocker.o(.text)
    Get_Adc_Average                          0x08004005   Thumb Code    46  rocker.o(.text)
    .text                                    0x08004128   Section        0  kalman.o(.text)
    .text                                    0x0800425c   Section        0  timer.o(.text)
    .text                                    0x08004350   Section        0  spi.o(.text)
    .text                                    0x08004468   Section        0  24l01.o(.text)
    .text                                    0x080047dc   Section        0  dadd.o(.text)
    .text                                    0x0800492a   Section        0  dmul.o(.text)
    .text                                    0x08004a0e   Section        0  ddiv.o(.text)
    .text                                    0x08004aec   Section        0  dfltui.o(.text)
    .text                                    0x08004b06   Section        0  dfixi.o(.text)
    .text                                    0x08004b44   Section        0  f2d.o(.text)
    .text                                    0x08004b6a   Section        0  d2f.o(.text)
    .text                                    0x08004ba2   Section        0  llshl.o(.text)
    .text                                    0x08004bc0   Section        0  llushr.o(.text)
    .text                                    0x08004be0   Section        0  llsshr.o(.text)
    .text                                    0x08004c04   Section        0  iusefp.o(.text)
    .text                                    0x08004c04   Section        0  fepilogue.o(.text)
    .text                                    0x08004c72   Section        0  depilogue.o(.text)
    .text                                    0x08004d2c   Section       36  init.o(.text)
    i.__scatterload_copy                     0x08004d50   Section       14  handlers.o(i.__scatterload_copy)
    i.__scatterload_null                     0x08004d5e   Section        2  handlers.o(i.__scatterload_null)
    i.__scatterload_zeroinit                 0x08004d60   Section       14  handlers.o(i.__scatterload_zeroinit)
    .constdata                               0x08004d6e   Section     7856  oled.o(.constdata)
    .constdata                               0x08006c1e   Section       10  24l01.o(.constdata)
    .data                                    0x20000000   Section       20  system_stm32f4xx.o(.data)
    .data                                    0x20000014   Section       16  stm32f4xx_rcc.o(.data)
    APBAHBPrescTable                         0x20000014   Data          16  stm32f4xx_rcc.o(.data)
    .data                                    0x20000024   Section        4  delay.o(.data)
    fac_us                                   0x20000024   Data           1  delay.o(.data)
    fac_ms                                   0x20000026   Data           2  delay.o(.data)
    .data                                    0x20000028   Section        2  key.o(.data)
    key_up                                   0x20000029   Data           1  key.o(.data)
    .data                                    0x2000002a   Section        8  ec11.o(.data)
    EC11_A1_Last                             0x2000002a   Data           1  ec11.o(.data)
    EC11_B1_Last                             0x2000002b   Data           1  ec11.o(.data)
    EC11_KEY1_Last                           0x2000002c   Data           1  ec11.o(.data)
    EC11_A2_Last                             0x2000002d   Data           1  ec11.o(.data)
    EC11_B2_Last                             0x2000002e   Data           1  ec11.o(.data)
    EC11_KEY2_Last                           0x2000002f   Data           1  ec11.o(.data)
    .data                                    0x20000034   Section       16  jy62.o(.data)
    RxCounter                                0x20000034   Data           4  jy62.o(.data)
    .data                                    0x20000044   Section       16  rocker.o(.data)
    .bss                                     0x20000054   Section     1152  oled.o(.bss)
    .bss                                     0x200004d4   Section       11  jy62.o(.bss)
    RxBuffer                                 0x200004d4   Data          11  jy62.o(.bss)
    .bss                                     0x200004e0   Section       40  power.o(.bss)
    .bss                                     0x20000508   Section       33  24l01.o(.bss)
    STACK                                    0x20000530   Section     1024  startup_stm32f40_41xxx.o(STACK)

    Global Symbols

    Symbol Name                              Value     Ov Type        Size  Object(Section)

    BuildAttributes$$THM_ISAv4$E$P$D$K$B$S$7EM$VFPi3$EXTD16$VFPS$VFMA$PE$A:L22UL41UL21$X:L11$S22US41US21$IEEE1$IW$USESV6$~STKCKD$USESV7$~SHL$OTIME$ROPI$EBA8$MICROLIB$REQ8$PRES8$EABIv2 0x00000000   Number         0  anon$$obj.o ABSOLUTE
    __ARM_use_no_argv                        0x00000000   Number         0  main.o ABSOLUTE
    __cpp_initialize__aeabi_                  - Undefined Weak Reference
    __cxa_finalize                            - Undefined Weak Reference
    __decompress                              - Undefined Weak Reference
    _clock_init                               - Undefined Weak Reference
    _microlib_exit                            - Undefined Weak Reference
    __Vectors_Size                           0x00000188   Number         0  startup_stm32f40_41xxx.o ABSOLUTE
    __Vectors                                0x08000000   Data           4  startup_stm32f40_41xxx.o(RESET)
    __Vectors_End                            0x08000188   Data           0  startup_stm32f40_41xxx.o(RESET)
    __main                                   0x08000189   Thumb Code     0  entry.o(.ARM.Collect$$$$00000000)
    _main_stk                                0x08000189   Thumb Code     0  entry2.o(.ARM.Collect$$$$00000001)
    _main_scatterload                        0x0800018d   Thumb Code     0  entry5.o(.ARM.Collect$$$$00000004)
    __main_after_scatterload                 0x08000191   Thumb Code     0  entry5.o(.ARM.Collect$$$$00000004)
    _main_clock                              0x08000191   Thumb Code     0  entry7b.o(.ARM.Collect$$$$00000008)
    _main_cpp_init                           0x08000191   Thumb Code     0  entry8b.o(.ARM.Collect$$$$0000000A)
    _main_init                               0x08000191   Thumb Code     0  entry9a.o(.ARM.Collect$$$$0000000B)
    __rt_final_cpp                           0x08000199   Thumb Code     0  entry10a.o(.ARM.Collect$$$$0000000D)
    __rt_final_exit                          0x08000199   Thumb Code     0  entry11a.o(.ARM.Collect$$$$0000000F)
    main                                     0x0800019d   Thumb Code   178  main.o(.text)
    NMI_Handler                              0x0800026d   Thumb Code     2  stm32f4xx_it.o(.text)
    HardFault_Handler                        0x0800026f   Thumb Code     4  stm32f4xx_it.o(.text)
    MemManage_Handler                        0x08000273   Thumb Code     4  stm32f4xx_it.o(.text)
    BusFault_Handler                         0x08000277   Thumb Code     4  stm32f4xx_it.o(.text)
    UsageFault_Handler                       0x0800027b   Thumb Code     4  stm32f4xx_it.o(.text)
    SVC_Handler                              0x0800027f   Thumb Code     2  stm32f4xx_it.o(.text)
    DebugMon_Handler                         0x08000281   Thumb Code     2  stm32f4xx_it.o(.text)
    PendSV_Handler                           0x08000283   Thumb Code     2  stm32f4xx_it.o(.text)
    SysTick_Handler                          0x08000285   Thumb Code     2  stm32f4xx_it.o(.text)
    SystemInit                               0x08000365   Thumb Code    88  system_stm32f4xx.o(.text)
    SystemCoreClockUpdate                    0x080003bd   Thumb Code   174  system_stm32f4xx.o(.text)
    Reset_Handler                            0x08000499   Thumb Code     8  startup_stm32f40_41xxx.o(.text)
    ADC_IRQHandler                           0x080004b3   Thumb Code     0  startup_stm32f40_41xxx.o(.text)
    CAN1_RX0_IRQHandler                      0x080004b3   Thumb Code     0  startup_stm32f40_41xxx.o(.text)
    CAN1_RX1_IRQHandler                      0x080004b3   Thumb Code     0  startup_stm32f40_41xxx.o(.text)
    CAN1_SCE_IRQHandler                      0x080004b3   Thumb Code     0  startup_stm32f40_41xxx.o(.text)
    CAN1_TX_IRQHandler                       0x080004b3   Thumb Code     0  startup_stm32f40_41xxx.o(.text)
    CAN2_RX0_IRQHandler                      0x080004b3   Thumb Code     0  startup_stm32f40_41xxx.o(.text)
    CAN2_RX1_IRQHandler                      0x080004b3   Thumb Code     0  startup_stm32f40_41xxx.o(.text)
    CAN2_SCE_IRQHandler                      0x080004b3   Thumb Code     0  startup_stm32f40_41xxx.o(.text)
    CAN2_TX_IRQHandler                       0x080004b3   Thumb Code     0  startup_stm32f40_41xxx.o(.text)
    CRYP_IRQHandler                          0x080004b3   Thumb Code     0  startup_stm32f40_41xxx.o(.text)
    DCMI_IRQHandler                          0x080004b3   Thumb Code     0  startup_stm32f40_41xxx.o(.text)
    DMA1_Stream0_IRQHandler                  0x080004b3   Thumb Code     0  startup_stm32f40_41xxx.o(.text)
    DMA1_Stream1_IRQHandler                  0x080004b3   Thumb Code     0  startup_stm32f40_41xxx.o(.text)
    DMA1_Stream2_IRQHandler                  0x080004b3   Thumb Code     0  startup_stm32f40_41xxx.o(.text)
    DMA1_Stream3_IRQHandler                  0x080004b3   Thumb Code     0  startup_stm32f40_41xxx.o(.text)
    DMA1_Stream4_IRQHandler                  0x080004b3   Thumb Code     0  startup_stm32f40_41xxx.o(.text)
    DMA1_Stream5_IRQHandler                  0x080004b3   Thumb Code     0  startup_stm32f40_41xxx.o(.text)
    DMA1_Stream6_IRQHandler                  0x080004b3   Thumb Code     0  startup_stm32f40_41xxx.o(.text)
    DMA1_Stream7_IRQHandler                  0x080004b3   Thumb Code     0  startup_stm32f40_41xxx.o(.text)
    DMA2_Stream0_IRQHandler                  0x080004b3   Thumb Code     0  startup_stm32f40_41xxx.o(.text)
    DMA2_Stream1_IRQHandler                  0x080004b3   Thumb Code     0  startup_stm32f40_41xxx.o(.text)
    DMA2_Stream2_IRQHandler                  0x080004b3   Thumb Code     0  startup_stm32f40_41xxx.o(.text)
    DMA2_Stream3_IRQHandler                  0x080004b3   Thumb Code     0  startup_stm32f40_41xxx.o(.text)
    DMA2_Stream4_IRQHandler                  0x080004b3   Thumb Code     0  startup_stm32f40_41xxx.o(.text)
    DMA2_Stream5_IRQHandler                  0x080004b3   Thumb Code     0  startup_stm32f40_41xxx.o(.text)
    DMA2_Stream6_IRQHandler                  0x080004b3   Thumb Code     0  startup_stm32f40_41xxx.o(.text)
    DMA2_Stream7_IRQHandler                  0x080004b3   Thumb Code     0  startup_stm32f40_41xxx.o(.text)
    ETH_IRQHandler                           0x080004b3   Thumb Code     0  startup_stm32f40_41xxx.o(.text)
    ETH_WKUP_IRQHandler                      0x080004b3   Thumb Code     0  startup_stm32f40_41xxx.o(.text)
    EXTI0_IRQHandler                         0x080004b3   Thumb Code     0  startup_stm32f40_41xxx.o(.text)
    EXTI15_10_IRQHandler                     0x080004b3   Thumb Code     0  startup_stm32f40_41xxx.o(.text)
    EXTI1_IRQHandler                         0x080004b3   Thumb Code     0  startup_stm32f40_41xxx.o(.text)
    EXTI2_IRQHandler                         0x080004b3   Thumb Code     0  startup_stm32f40_41xxx.o(.text)
    EXTI3_IRQHandler                         0x080004b3   Thumb Code     0  startup_stm32f40_41xxx.o(.text)
    EXTI4_IRQHandler                         0x080004b3   Thumb Code     0  startup_stm32f40_41xxx.o(.text)
    EXTI9_5_IRQHandler                       0x080004b3   Thumb Code     0  startup_stm32f40_41xxx.o(.text)
    FLASH_IRQHandler                         0x080004b3   Thumb Code     0  startup_stm32f40_41xxx.o(.text)
    FPU_IRQHandler                           0x080004b3   Thumb Code     0  startup_stm32f40_41xxx.o(.text)
    FSMC_IRQHandler                          0x080004b3   Thumb Code     0  startup_stm32f40_41xxx.o(.text)
    HASH_RNG_IRQHandler                      0x080004b3   Thumb Code     0  startup_stm32f40_41xxx.o(.text)
    I2C1_ER_IRQHandler                       0x080004b3   Thumb Code     0  startup_stm32f40_41xxx.o(.text)
    I2C1_EV_IRQHandler                       0x080004b3   Thumb Code     0  startup_stm32f40_41xxx.o(.text)
    I2C2_ER_IRQHandler                       0x080004b3   Thumb Code     0  startup_stm32f40_41xxx.o(.text)
    I2C2_EV_IRQHandler                       0x080004b3   Thumb Code     0  startup_stm32f40_41xxx.o(.text)
    I2C3_ER_IRQHandler                       0x080004b3   Thumb Code     0  startup_stm32f40_41xxx.o(.text)
    I2C3_EV_IRQHandler                       0x080004b3   Thumb Code     0  startup_stm32f40_41xxx.o(.text)
    OTG_FS_IRQHandler                        0x080004b3   Thumb Code     0  startup_stm32f40_41xxx.o(.text)
    OTG_FS_WKUP_IRQHandler                   0x080004b3   Thumb Code     0  startup_stm32f40_41xxx.o(.text)
    OTG_HS_EP1_IN_IRQHandler                 0x080004b3   Thumb Code     0  startup_stm32f40_41xxx.o(.text)
    OTG_HS_EP1_OUT_IRQHandler                0x080004b3   Thumb Code     0  startup_stm32f40_41xxx.o(.text)
    OTG_HS_IRQHandler                        0x080004b3   Thumb Code     0  startup_stm32f40_41xxx.o(.text)
    OTG_HS_WKUP_IRQHandler                   0x080004b3   Thumb Code     0  startup_stm32f40_41xxx.o(.text)
    PVD_IRQHandler                           0x080004b3   Thumb Code     0  startup_stm32f40_41xxx.o(.text)
    RCC_IRQHandler                           0x080004b3   Thumb Code     0  startup_stm32f40_41xxx.o(.text)
    RTC_Alarm_IRQHandler                     0x080004b3   Thumb Code     0  startup_stm32f40_41xxx.o(.text)
    RTC_WKUP_IRQHandler                      0x080004b3   Thumb Code     0  startup_stm32f40_41xxx.o(.text)
    SDIO_IRQHandler                          0x080004b3   Thumb Code     0  startup_stm32f40_41xxx.o(.text)
    SPI1_IRQHandler                          0x080004b3   Thumb Code     0  startup_stm32f40_41xxx.o(.text)
    SPI2_IRQHandler                          0x080004b3   Thumb Code     0  startup_stm32f40_41xxx.o(.text)
    SPI3_IRQHandler                          0x080004b3   Thumb Code     0  startup_stm32f40_41xxx.o(.text)
    TAMP_STAMP_IRQHandler                    0x080004b3   Thumb Code     0  startup_stm32f40_41xxx.o(.text)
    TIM1_BRK_TIM9_IRQHandler                 0x080004b3   Thumb Code     0  startup_stm32f40_41xxx.o(.text)
    TIM1_CC_IRQHandler                       0x080004b3   Thumb Code     0  startup_stm32f40_41xxx.o(.text)
    TIM1_TRG_COM_TIM11_IRQHandler            0x080004b3   Thumb Code     0  startup_stm32f40_41xxx.o(.text)
    TIM1_UP_TIM10_IRQHandler                 0x080004b3   Thumb Code     0  startup_stm32f40_41xxx.o(.text)
    TIM2_IRQHandler                          0x080004b3   Thumb Code     0  startup_stm32f40_41xxx.o(.text)
    TIM5_IRQHandler                          0x080004b3   Thumb Code     0  startup_stm32f40_41xxx.o(.text)
    TIM8_BRK_TIM12_IRQHandler                0x080004b3   Thumb Code     0  startup_stm32f40_41xxx.o(.text)
    TIM8_CC_IRQHandler                       0x080004b3   Thumb Code     0  startup_stm32f40_41xxx.o(.text)
    TIM8_TRG_COM_TIM14_IRQHandler            0x080004b3   Thumb Code     0  startup_stm32f40_41xxx.o(.text)
    TIM8_UP_TIM13_IRQHandler                 0x080004b3   Thumb Code     0  startup_stm32f40_41xxx.o(.text)
    UART4_IRQHandler                         0x080004b3   Thumb Code     0  startup_stm32f40_41xxx.o(.text)
    UART5_IRQHandler                         0x080004b3   Thumb Code     0  startup_stm32f40_41xxx.o(.text)
    USART2_IRQHandler                        0x080004b3   Thumb Code     0  startup_stm32f40_41xxx.o(.text)
    USART3_IRQHandler                        0x080004b3   Thumb Code     0  startup_stm32f40_41xxx.o(.text)
    USART6_IRQHandler                        0x080004b3   Thumb Code     0  startup_stm32f40_41xxx.o(.text)
    WWDG_IRQHandler                          0x080004b3   Thumb Code     0  startup_stm32f40_41xxx.o(.text)
    NVIC_PriorityGroupConfig                 0x080004bd   Thumb Code    10  misc.o(.text)
    NVIC_Init                                0x080004c7   Thumb Code   106  misc.o(.text)
    NVIC_SetVectorTable                      0x08000531   Thumb Code    14  misc.o(.text)
    NVIC_SystemLPConfig                      0x0800053f   Thumb Code    34  misc.o(.text)
    SysTick_CLKSourceConfig                  0x08000561   Thumb Code    40  misc.o(.text)
    ADC_DeInit                               0x0800059d   Thumb Code    22  stm32f4xx_adc.o(.text)
    ADC_Init                                 0x080005b3   Thumb Code    74  stm32f4xx_adc.o(.text)
    ADC_StructInit                           0x080005fd   Thumb Code    20  stm32f4xx_adc.o(.text)
    ADC_CommonInit                           0x08000611   Thumb Code    34  stm32f4xx_adc.o(.text)
    ADC_CommonStructInit                     0x08000633   Thumb Code    12  stm32f4xx_adc.o(.text)
    ADC_Cmd                                  0x0800063f   Thumb Code    22  stm32f4xx_adc.o(.text)
    ADC_AnalogWatchdogCmd                    0x08000655   Thumb Code    16  stm32f4xx_adc.o(.text)
    ADC_AnalogWatchdogThresholdsConfig       0x08000665   Thumb Code     6  stm32f4xx_adc.o(.text)
    ADC_AnalogWatchdogSingleChannelConfig    0x0800066b   Thumb Code    16  stm32f4xx_adc.o(.text)
    ADC_TempSensorVrefintCmd                 0x0800067b   Thumb Code    34  stm32f4xx_adc.o(.text)
    ADC_VBATCmd                              0x0800069d   Thumb Code    34  stm32f4xx_adc.o(.text)
    ADC_RegularChannelConfig                 0x080006bf   Thumb Code   184  stm32f4xx_adc.o(.text)
    ADC_SoftwareStartConv                    0x08000777   Thumb Code    10  stm32f4xx_adc.o(.text)
    ADC_GetSoftwareStartConvStatus           0x08000781   Thumb Code    20  stm32f4xx_adc.o(.text)
    ADC_EOCOnEachRegularChannelCmd           0x08000795   Thumb Code    22  stm32f4xx_adc.o(.text)
    ADC_ContinuousModeCmd                    0x080007ab   Thumb Code    22  stm32f4xx_adc.o(.text)
    ADC_DiscModeChannelCountConfig           0x080007c1   Thumb Code    24  stm32f4xx_adc.o(.text)
    ADC_DiscModeCmd                          0x080007d9   Thumb Code    22  stm32f4xx_adc.o(.text)
    ADC_GetConversionValue                   0x080007ef   Thumb Code     8  stm32f4xx_adc.o(.text)
    ADC_GetMultiModeConversionValue          0x080007f7   Thumb Code     8  stm32f4xx_adc.o(.text)
    ADC_DMACmd                               0x080007ff   Thumb Code    22  stm32f4xx_adc.o(.text)
    ADC_DMARequestAfterLastTransferCmd       0x08000815   Thumb Code    22  stm32f4xx_adc.o(.text)
    ADC_MultiModeDMARequestAfterLastTransferCmd 0x0800082b   Thumb Code    34  stm32f4xx_adc.o(.text)
    ADC_InjectedChannelConfig                0x0800084d   Thumb Code   130  stm32f4xx_adc.o(.text)
    ADC_InjectedSequencerLengthConfig        0x080008cf   Thumb Code    24  stm32f4xx_adc.o(.text)
    ADC_SetInjectedOffset                    0x080008e7   Thumb Code    20  stm32f4xx_adc.o(.text)
    ADC_ExternalTrigInjectedConvConfig       0x080008fb   Thumb Code    16  stm32f4xx_adc.o(.text)
    ADC_ExternalTrigInjectedConvEdgeConfig   0x0800090b   Thumb Code    16  stm32f4xx_adc.o(.text)
    ADC_SoftwareStartInjectedConv            0x0800091b   Thumb Code    10  stm32f4xx_adc.o(.text)
    ADC_GetSoftwareStartInjectedConvCmdStatus 0x08000925   Thumb Code    20  stm32f4xx_adc.o(.text)
    ADC_AutoInjectedConvCmd                  0x08000939   Thumb Code    22  stm32f4xx_adc.o(.text)
    ADC_InjectedDiscModeCmd                  0x0800094f   Thumb Code    22  stm32f4xx_adc.o(.text)
    ADC_GetInjectedConversionValue           0x08000965   Thumb Code    28  stm32f4xx_adc.o(.text)
    ADC_ITConfig                             0x08000981   Thumb Code    56  stm32f4xx_adc.o(.text)
    ADC_GetFlagStatus                        0x080009b9   Thumb Code    18  stm32f4xx_adc.o(.text)
    ADC_ClearFlag                            0x080009cb   Thumb Code     6  stm32f4xx_adc.o(.text)
    ADC_GetITStatus                          0x080009d1   Thumb Code    38  stm32f4xx_adc.o(.text)
    ADC_ClearITPendingBit                    0x080009f7   Thumb Code    10  stm32f4xx_adc.o(.text)
    GPIO_DeInit                              0x08000a01   Thumb Code   268  stm32f4xx_gpio.o(.text)
    GPIO_Init                                0x08000b0d   Thumb Code   144  stm32f4xx_gpio.o(.text)
    GPIO_StructInit                          0x08000b9d   Thumb Code    18  stm32f4xx_gpio.o(.text)
    GPIO_PinLockConfig                       0x08000baf   Thumb Code    34  stm32f4xx_gpio.o(.text)
    GPIO_ReadInputDataBit                    0x08000bd1   Thumb Code    18  stm32f4xx_gpio.o(.text)
    GPIO_ReadInputData                       0x08000be3   Thumb Code     8  stm32f4xx_gpio.o(.text)
    GPIO_ReadOutputDataBit                   0x08000beb   Thumb Code    18  stm32f4xx_gpio.o(.text)
    GPIO_ReadOutputData                      0x08000bfd   Thumb Code     8  stm32f4xx_gpio.o(.text)
    GPIO_SetBits                             0x08000c05   Thumb Code     4  stm32f4xx_gpio.o(.text)
    GPIO_ResetBits                           0x08000c09   Thumb Code     4  stm32f4xx_gpio.o(.text)
    GPIO_WriteBit                            0x08000c0d   Thumb Code    10  stm32f4xx_gpio.o(.text)
    GPIO_Write                               0x08000c17   Thumb Code     4  stm32f4xx_gpio.o(.text)
    GPIO_ToggleBits                          0x08000c1b   Thumb Code     8  stm32f4xx_gpio.o(.text)
    GPIO_PinAFConfig                         0x08000c23   Thumb Code    70  stm32f4xx_gpio.o(.text)
    RCC_DeInit                               0x08000c95   Thumb Code    82  stm32f4xx_rcc.o(.text)
    RCC_HSEConfig                            0x08000ce7   Thumb Code    14  stm32f4xx_rcc.o(.text)
    RCC_GetFlagStatus                        0x08000cf5   Thumb Code    60  stm32f4xx_rcc.o(.text)
    RCC_WaitForHSEStartUp                    0x08000d31   Thumb Code    56  stm32f4xx_rcc.o(.text)
    RCC_AdjustHSICalibrationValue            0x08000d69   Thumb Code    20  stm32f4xx_rcc.o(.text)
    RCC_HSICmd                               0x08000d7d   Thumb Code     6  stm32f4xx_rcc.o(.text)
    RCC_LSEConfig                            0x08000d83   Thumb Code    46  stm32f4xx_rcc.o(.text)
    RCC_LSICmd                               0x08000db1   Thumb Code     6  stm32f4xx_rcc.o(.text)
    RCC_PLLConfig                            0x08000db7   Thumb Code    32  stm32f4xx_rcc.o(.text)
    RCC_PLLCmd                               0x08000dd7   Thumb Code     6  stm32f4xx_rcc.o(.text)
    RCC_PLLI2SConfig                         0x08000ddd   Thumb Code    14  stm32f4xx_rcc.o(.text)
    RCC_PLLI2SCmd                            0x08000deb   Thumb Code     6  stm32f4xx_rcc.o(.text)
    RCC_PLLSAIConfig                         0x08000df1   Thumb Code    20  stm32f4xx_rcc.o(.text)
    RCC_PLLSAICmd                            0x08000e05   Thumb Code     6  stm32f4xx_rcc.o(.text)
    RCC_ClockSecuritySystemCmd               0x08000e0b   Thumb Code     6  stm32f4xx_rcc.o(.text)
    RCC_MCO1Config                           0x08000e11   Thumb Code    28  stm32f4xx_rcc.o(.text)
    RCC_MCO2Config                           0x08000e2d   Thumb Code    28  stm32f4xx_rcc.o(.text)
    RCC_SYSCLKConfig                         0x08000e49   Thumb Code    20  stm32f4xx_rcc.o(.text)
    RCC_GetSYSCLKSource                      0x08000e5d   Thumb Code    12  stm32f4xx_rcc.o(.text)
    RCC_HCLKConfig                           0x08000e69   Thumb Code    20  stm32f4xx_rcc.o(.text)
    RCC_PCLK1Config                          0x08000e7d   Thumb Code    20  stm32f4xx_rcc.o(.text)
    RCC_PCLK2Config                          0x08000e91   Thumb Code    22  stm32f4xx_rcc.o(.text)
    RCC_GetClocksFreq                        0x08000ea7   Thumb Code   222  stm32f4xx_rcc.o(.text)
    RCC_RTCCLKConfig                         0x08000f85   Thumb Code    54  stm32f4xx_rcc.o(.text)
    RCC_RTCCLKCmd                            0x08000fbb   Thumb Code     8  stm32f4xx_rcc.o(.text)
    RCC_BackupResetCmd                       0x08000fc3   Thumb Code     8  stm32f4xx_rcc.o(.text)
    RCC_I2SCLKConfig                         0x08000fcb   Thumb Code     6  stm32f4xx_rcc.o(.text)
    RCC_SAIPLLI2SClkDivConfig                0x08000fd1   Thumb Code    26  stm32f4xx_rcc.o(.text)
    RCC_SAIPLLSAIClkDivConfig                0x08000feb   Thumb Code    28  stm32f4xx_rcc.o(.text)
    RCC_SAIBlockACLKConfig                   0x08001007   Thumb Code    20  stm32f4xx_rcc.o(.text)
    RCC_SAIBlockBCLKConfig                   0x0800101b   Thumb Code    20  stm32f4xx_rcc.o(.text)
    RCC_LTDCCLKDivConfig                     0x0800102f   Thumb Code    20  stm32f4xx_rcc.o(.text)
    RCC_TIMCLKPresConfig                     0x08001043   Thumb Code     6  stm32f4xx_rcc.o(.text)
    RCC_AHB1PeriphClockCmd                   0x08001049   Thumb Code    34  stm32f4xx_rcc.o(.text)
    RCC_AHB2PeriphClockCmd                   0x0800106b   Thumb Code    78  stm32f4xx_rcc.o(.text)
    RCC_AHB3PeriphClockCmd                   0x080010b9   Thumb Code    34  stm32f4xx_rcc.o(.text)
    RCC_APB1PeriphClockCmd                   0x080010db   Thumb Code    34  stm32f4xx_rcc.o(.text)
    RCC_APB2PeriphClockCmd                   0x080010fd   Thumb Code    34  stm32f4xx_rcc.o(.text)
    RCC_AHB1PeriphResetCmd                   0x0800111f   Thumb Code    34  stm32f4xx_rcc.o(.text)
    RCC_AHB2PeriphResetCmd                   0x08001141   Thumb Code    34  stm32f4xx_rcc.o(.text)
    RCC_AHB3PeriphResetCmd                   0x08001163   Thumb Code    34  stm32f4xx_rcc.o(.text)
    RCC_APB1PeriphResetCmd                   0x08001185   Thumb Code    34  stm32f4xx_rcc.o(.text)
    RCC_APB2PeriphResetCmd                   0x080011a7   Thumb Code    34  stm32f4xx_rcc.o(.text)
    RCC_AHB1PeriphClockLPModeCmd             0x080011c9   Thumb Code    34  stm32f4xx_rcc.o(.text)
    RCC_AHB2PeriphClockLPModeCmd             0x080011eb   Thumb Code    34  stm32f4xx_rcc.o(.text)
    RCC_AHB3PeriphClockLPModeCmd             0x0800120d   Thumb Code    34  stm32f4xx_rcc.o(.text)
    RCC_APB1PeriphClockLPModeCmd             0x0800122f   Thumb Code    34  stm32f4xx_rcc.o(.text)
    RCC_APB2PeriphClockLPModeCmd             0x08001251   Thumb Code    34  stm32f4xx_rcc.o(.text)
    RCC_LSEModeConfig                        0x08001273   Thumb Code    40  stm32f4xx_rcc.o(.text)
    RCC_ITConfig                             0x0800129b   Thumb Code    34  stm32f4xx_rcc.o(.text)
    RCC_ClearFlag                            0x080012bd   Thumb Code    18  stm32f4xx_rcc.o(.text)
    RCC_GetITStatus                          0x080012cf   Thumb Code    22  stm32f4xx_rcc.o(.text)
    RCC_ClearITPendingBit                    0x080012e5   Thumb Code     8  stm32f4xx_rcc.o(.text)
    SPI_I2S_DeInit                           0x080012f1   Thumb Code   152  stm32f4xx_spi.o(.text)
    SPI_Init                                 0x08001389   Thumb Code    60  stm32f4xx_spi.o(.text)
    I2S_Init                                 0x080013c5   Thumb Code   396  stm32f4xx_spi.o(.text)
    SPI_StructInit                           0x08001551   Thumb Code    24  stm32f4xx_spi.o(.text)
    I2S_StructInit                           0x08001569   Thumb Code    20  stm32f4xx_spi.o(.text)
    SPI_Cmd                                  0x0800157d   Thumb Code    24  stm32f4xx_spi.o(.text)
    I2S_Cmd                                  0x08001595   Thumb Code    24  stm32f4xx_spi.o(.text)
    SPI_DataSizeConfig                       0x080015ad   Thumb Code    18  stm32f4xx_spi.o(.text)
    SPI_BiDirectionalLineConfig              0x080015bf   Thumb Code    28  stm32f4xx_spi.o(.text)
    SPI_NSSInternalSoftwareConfig            0x080015db   Thumb Code    30  stm32f4xx_spi.o(.text)
    SPI_SSOutputCmd                          0x080015f9   Thumb Code    24  stm32f4xx_spi.o(.text)
    SPI_TIModeCmd                            0x08001611   Thumb Code    24  stm32f4xx_spi.o(.text)
    I2S_FullDuplexConfig                     0x08001629   Thumb Code    80  stm32f4xx_spi.o(.text)
    SPI_I2S_ReceiveData                      0x08001679   Thumb Code     6  stm32f4xx_spi.o(.text)
    SPI_I2S_SendData                         0x0800167f   Thumb Code     4  stm32f4xx_spi.o(.text)
    SPI_CalculateCRC                         0x08001683   Thumb Code    24  stm32f4xx_spi.o(.text)
    SPI_TransmitCRC                          0x0800169b   Thumb Code    10  stm32f4xx_spi.o(.text)
    SPI_GetCRC                               0x080016a5   Thumb Code    16  stm32f4xx_spi.o(.text)
    SPI_GetCRCPolynomial                     0x080016b5   Thumb Code     6  stm32f4xx_spi.o(.text)
    SPI_I2S_DMACmd                           0x080016bb   Thumb Code    18  stm32f4xx_spi.o(.text)
    SPI_I2S_ITConfig                         0x080016cd   Thumb Code    68  stm32f4xx_spi.o(.text)
    SPI_I2S_GetFlagStatus                    0x08001711   Thumb Code    18  stm32f4xx_spi.o(.text)
    SPI_I2S_ClearFlag                        0x08001723   Thumb Code     6  stm32f4xx_spi.o(.text)
    SPI_I2S_GetITStatus                      0x08001729   Thumb Code    52  stm32f4xx_spi.o(.text)
    SPI_I2S_ClearITPendingBit                0x0800175d   Thumb Code    20  stm32f4xx_spi.o(.text)
    TIM_DeInit                               0x08001771   Thumb Code   346  stm32f4xx_tim.o(.text)
    TIM_TimeBaseInit                         0x080018cb   Thumb Code   104  stm32f4xx_tim.o(.text)
    TIM_TimeBaseStructInit                   0x08001933   Thumb Code    18  stm32f4xx_tim.o(.text)
    TIM_PrescalerConfig                      0x08001945   Thumb Code     6  stm32f4xx_tim.o(.text)
    TIM_CounterModeConfig                    0x0800194b   Thumb Code    18  stm32f4xx_tim.o(.text)
    TIM_SetCounter                           0x0800195d   Thumb Code     4  stm32f4xx_tim.o(.text)
    TIM_SetAutoreload                        0x08001961   Thumb Code     4  stm32f4xx_tim.o(.text)
    TIM_GetCounter                           0x08001965   Thumb Code     6  stm32f4xx_tim.o(.text)
    TIM_GetPrescaler                         0x0800196b   Thumb Code     6  stm32f4xx_tim.o(.text)
    TIM_UpdateDisableConfig                  0x08001971   Thumb Code    24  stm32f4xx_tim.o(.text)
    TIM_UpdateRequestConfig                  0x08001989   Thumb Code    24  stm32f4xx_tim.o(.text)
    TIM_ARRPreloadConfig                     0x080019a1   Thumb Code    24  stm32f4xx_tim.o(.text)
    TIM_SelectOnePulseMode                   0x080019b9   Thumb Code    18  stm32f4xx_tim.o(.text)
    TIM_SetClockDivision                     0x080019cb   Thumb Code    18  stm32f4xx_tim.o(.text)
    TIM_Cmd                                  0x080019dd   Thumb Code    24  stm32f4xx_tim.o(.text)
    TIM_OC1Init                              0x080019f5   Thumb Code   114  stm32f4xx_tim.o(.text)
    TIM_OC2Init                              0x08001a67   Thumb Code   154  stm32f4xx_tim.o(.text)
    TIM_OC3Init                              0x08001b01   Thumb Code   204  stm32f4xx_tim.o(.text)
    TIM_OC4Init                              0x08001bcd   Thumb Code   112  stm32f4xx_tim.o(.text)
    TIM_OCStructInit                         0x08001c3d   Thumb Code    20  stm32f4xx_tim.o(.text)
    TIM_SelectOCxM                           0x08001c51   Thumb Code    86  stm32f4xx_tim.o(.text)
    TIM_SetCompare1                          0x08001ca7   Thumb Code     4  stm32f4xx_tim.o(.text)
    TIM_SetCompare2                          0x08001cab   Thumb Code     4  stm32f4xx_tim.o(.text)
    TIM_SetCompare3                          0x08001caf   Thumb Code     4  stm32f4xx_tim.o(.text)
    TIM_SetCompare4                          0x08001cb3   Thumb Code     4  stm32f4xx_tim.o(.text)
    TIM_ForcedOC1Config                      0x08001cb7   Thumb Code    18  stm32f4xx_tim.o(.text)
    TIM_ForcedOC2Config                      0x08001cc9   Thumb Code    26  stm32f4xx_tim.o(.text)
    TIM_ForcedOC3Config                      0x08001ce3   Thumb Code    18  stm32f4xx_tim.o(.text)
    TIM_ForcedOC4Config                      0x08001cf5   Thumb Code    26  stm32f4xx_tim.o(.text)
    TIM_OC1PreloadConfig                     0x08001d0f   Thumb Code    18  stm32f4xx_tim.o(.text)
    TIM_OC2PreloadConfig                     0x08001d21   Thumb Code    26  stm32f4xx_tim.o(.text)
    TIM_OC3PreloadConfig                     0x08001d3b   Thumb Code    18  stm32f4xx_tim.o(.text)
    TIM_OC4PreloadConfig                     0x08001d4d   Thumb Code    26  stm32f4xx_tim.o(.text)
    TIM_OC1FastConfig                        0x08001d67   Thumb Code    18  stm32f4xx_tim.o(.text)
    TIM_OC2FastConfig                        0x08001d79   Thumb Code    26  stm32f4xx_tim.o(.text)
    TIM_OC3FastConfig                        0x08001d93   Thumb Code    18  stm32f4xx_tim.o(.text)
    TIM_OC4FastConfig                        0x08001da5   Thumb Code    26  stm32f4xx_tim.o(.text)
    TIM_ClearOC1Ref                          0x08001dbf   Thumb Code    18  stm32f4xx_tim.o(.text)
    TIM_ClearOC2Ref                          0x08001dd1   Thumb Code    24  stm32f4xx_tim.o(.text)
    TIM_ClearOC3Ref                          0x08001de9   Thumb Code    18  stm32f4xx_tim.o(.text)
    TIM_ClearOC4Ref                          0x08001dfb   Thumb Code    24  stm32f4xx_tim.o(.text)
    TIM_OC1PolarityConfig                    0x08001e13   Thumb Code    18  stm32f4xx_tim.o(.text)
    TIM_OC1NPolarityConfig                   0x08001e25   Thumb Code    18  stm32f4xx_tim.o(.text)
    TIM_OC2PolarityConfig                    0x08001e37   Thumb Code    26  stm32f4xx_tim.o(.text)
    TIM_OC2NPolarityConfig                   0x08001e51   Thumb Code    26  stm32f4xx_tim.o(.text)
    TIM_OC3PolarityConfig                    0x08001e6b   Thumb Code    26  stm32f4xx_tim.o(.text)
    TIM_OC3NPolarityConfig                   0x08001e85   Thumb Code    26  stm32f4xx_tim.o(.text)
    TIM_OC4PolarityConfig                    0x08001e9f   Thumb Code    26  stm32f4xx_tim.o(.text)
    TIM_CCxCmd                               0x08001eb9   Thumb Code    30  stm32f4xx_tim.o(.text)
    TIM_CCxNCmd                              0x08001ed7   Thumb Code    30  stm32f4xx_tim.o(.text)
    TIM_SetIC4Prescaler                      0x08001ef5   Thumb Code    26  stm32f4xx_tim.o(.text)
    TIM_SetIC3Prescaler                      0x08001f5f   Thumb Code    18  stm32f4xx_tim.o(.text)
    TIM_SetIC2Prescaler                      0x08001fb9   Thumb Code    26  stm32f4xx_tim.o(.text)
    TIM_SetIC1Prescaler                      0x0800202d   Thumb Code    18  stm32f4xx_tim.o(.text)
    TIM_ICInit                               0x08002079   Thumb Code   110  stm32f4xx_tim.o(.text)
    TIM_ICStructInit                         0x080020e7   Thumb Code    18  stm32f4xx_tim.o(.text)
    TIM_PWMIConfig                           0x080020f9   Thumb Code   124  stm32f4xx_tim.o(.text)
    TIM_GetCapture1                          0x08002175   Thumb Code     6  stm32f4xx_tim.o(.text)
    TIM_GetCapture2                          0x0800217b   Thumb Code     6  stm32f4xx_tim.o(.text)
    TIM_GetCapture3                          0x08002181   Thumb Code     6  stm32f4xx_tim.o(.text)
    TIM_GetCapture4                          0x08002187   Thumb Code     6  stm32f4xx_tim.o(.text)
    TIM_BDTRConfig                           0x0800218d   Thumb Code    32  stm32f4xx_tim.o(.text)
    TIM_BDTRStructInit                       0x080021ad   Thumb Code    18  stm32f4xx_tim.o(.text)
    TIM_CtrlPWMOutputs                       0x080021bf   Thumb Code    30  stm32f4xx_tim.o(.text)
    TIM_SelectCOM                            0x080021dd   Thumb Code    24  stm32f4xx_tim.o(.text)
    TIM_CCPreloadControl                     0x080021f5   Thumb Code    24  stm32f4xx_tim.o(.text)
    TIM_ITConfig                             0x0800220d   Thumb Code    18  stm32f4xx_tim.o(.text)
    TIM_GenerateEvent                        0x0800221f   Thumb Code     4  stm32f4xx_tim.o(.text)
    TIM_GetFlagStatus                        0x08002223   Thumb Code    18  stm32f4xx_tim.o(.text)
    TIM_ClearFlag                            0x08002235   Thumb Code     6  stm32f4xx_tim.o(.text)
    TIM_GetITStatus                          0x0800223b   Thumb Code    34  stm32f4xx_tim.o(.text)
    TIM_ClearITPendingBit                    0x0800225d   Thumb Code     6  stm32f4xx_tim.o(.text)
    TIM_DMAConfig                            0x08002263   Thumb Code    10  stm32f4xx_tim.o(.text)
    TIM_DMACmd                               0x0800226d   Thumb Code    18  stm32f4xx_tim.o(.text)
    TIM_SelectCCDMA                          0x0800227f   Thumb Code    24  stm32f4xx_tim.o(.text)
    TIM_InternalClockConfig                  0x08002297   Thumb Code    12  stm32f4xx_tim.o(.text)
    TIM_SelectInputTrigger                   0x080022a3   Thumb Code    18  stm32f4xx_tim.o(.text)
    TIM_ITRxExternalClockConfig              0x080022b5   Thumb Code    24  stm32f4xx_tim.o(.text)
    TIM_TIxExternalClockConfig               0x080022cd   Thumb Code    62  stm32f4xx_tim.o(.text)
    TIM_ETRConfig                            0x0800230b   Thumb Code    28  stm32f4xx_tim.o(.text)
    TIM_ETRClockMode1Config                  0x08002327   Thumb Code    54  stm32f4xx_tim.o(.text)
    TIM_ETRClockMode2Config                  0x0800235d   Thumb Code    32  stm32f4xx_tim.o(.text)
    TIM_SelectOutputTrigger                  0x0800237d   Thumb Code    18  stm32f4xx_tim.o(.text)
    TIM_SelectSlaveMode                      0x0800238f   Thumb Code    18  stm32f4xx_tim.o(.text)
    TIM_SelectMasterSlaveMode                0x080023a1   Thumb Code    18  stm32f4xx_tim.o(.text)
    TIM_EncoderInterfaceConfig               0x080023b3   Thumb Code    66  stm32f4xx_tim.o(.text)
    TIM_SelectHallSensor                     0x080023f5   Thumb Code    24  stm32f4xx_tim.o(.text)
    TIM_RemapConfig                          0x0800240d   Thumb Code     6  stm32f4xx_tim.o(.text)
    USART_DeInit                             0x08002415   Thumb Code   206  stm32f4xx_usart.o(.text)
    USART_Init                               0x080024e3   Thumb Code   204  stm32f4xx_usart.o(.text)
    USART_StructInit                         0x080025af   Thumb Code    24  stm32f4xx_usart.o(.text)
    USART_ClockInit                          0x080025c7   Thumb Code    32  stm32f4xx_usart.o(.text)
    USART_ClockStructInit                    0x080025e7   Thumb Code    12  stm32f4xx_usart.o(.text)
    USART_Cmd                                0x080025f3   Thumb Code    24  stm32f4xx_usart.o(.text)
    USART_SetPrescaler                       0x0800260b   Thumb Code    16  stm32f4xx_usart.o(.text)
    USART_OverSampling8Cmd                   0x0800261b   Thumb Code    22  stm32f4xx_usart.o(.text)
    USART_OneBitMethodCmd                    0x08002631   Thumb Code    24  stm32f4xx_usart.o(.text)
    USART_SendData                           0x08002649   Thumb Code     8  stm32f4xx_usart.o(.text)
    USART_ReceiveData                        0x08002651   Thumb Code    10  stm32f4xx_usart.o(.text)
    USART_SetAddress                         0x0800265b   Thumb Code    18  stm32f4xx_usart.o(.text)
    USART_ReceiverWakeUpCmd                  0x0800266d   Thumb Code    24  stm32f4xx_usart.o(.text)
    USART_WakeUpConfig                       0x08002685   Thumb Code    18  stm32f4xx_usart.o(.text)
    USART_LINBreakDetectLengthConfig         0x08002697   Thumb Code    18  stm32f4xx_usart.o(.text)
    USART_LINCmd                             0x080026a9   Thumb Code    24  stm32f4xx_usart.o(.text)
    USART_SendBreak                          0x080026c1   Thumb Code    10  stm32f4xx_usart.o(.text)
    USART_HalfDuplexCmd                      0x080026cb   Thumb Code    24  stm32f4xx_usart.o(.text)
    USART_SetGuardTime                       0x080026e3   Thumb Code    16  stm32f4xx_usart.o(.text)
    USART_SmartCardCmd                       0x080026f3   Thumb Code    24  stm32f4xx_usart.o(.text)
    USART_SmartCardNACKCmd                   0x0800270b   Thumb Code    24  stm32f4xx_usart.o(.text)
    USART_IrDAConfig                         0x08002723   Thumb Code    18  stm32f4xx_usart.o(.text)
    USART_IrDACmd                            0x08002735   Thumb Code    24  stm32f4xx_usart.o(.text)
    USART_DMACmd                             0x0800274d   Thumb Code    18  stm32f4xx_usart.o(.text)
    USART_ITConfig                           0x0800275f   Thumb Code    74  stm32f4xx_usart.o(.text)
    USART_GetFlagStatus                      0x080027a9   Thumb Code    26  stm32f4xx_usart.o(.text)
    USART_ClearFlag                          0x080027c3   Thumb Code    18  stm32f4xx_usart.o(.text)
    USART_GetITStatus                        0x080027d5   Thumb Code   118  stm32f4xx_usart.o(.text)
    USART_ClearITPendingBit                  0x0800284b   Thumb Code    30  stm32f4xx_usart.o(.text)
    delay_init                               0x08002869   Thumb Code    52  delay.o(.text)
    delay_us                                 0x0800289d   Thumb Code    72  delay.o(.text)
    delay_xms                                0x080028e5   Thumb Code    72  delay.o(.text)
    delay_ms                                 0x0800292d   Thumb Code    56  delay.o(.text)
    KEY_Init                                 0x0800296d   Thumb Code    86  key.o(.text)
    KEY_Scan                                 0x080029c3   Thumb Code   386  key.o(.text)
    OLED_WR_Byte                             0x08002b61   Thumb Code   126  oled.o(.text)
    OLED_ColorTurn                           0x08002bdf   Thumb Code    28  oled.o(.text)
    OLED_DisplayTurn                         0x08002bfb   Thumb Code    44  oled.o(.text)
    OLED_DisPlay_On                          0x08002c27   Thumb Code    28  oled.o(.text)
    OLED_DisPlay_Off                         0x08002c43   Thumb Code    28  oled.o(.text)
    OLED_Refresh                             0x08002c5f   Thumb Code    70  oled.o(.text)
    OLED_Clear                               0x08002ca5   Thumb Code    42  oled.o(.text)
    OLED_DrawPoint                           0x08002ccf   Thumb Code   114  oled.o(.text)
    OLED_DrawLine                            0x08002d41   Thumb Code   172  oled.o(.text)
    OLED_DrawCircle                          0x08002ded   Thumb Code   168  oled.o(.text)
    OLED_ShowChar                            0x08002e95   Thumb Code   326  oled.o(.text)
    OLED_ShowString                          0x08002fdb   Thumb Code    74  oled.o(.text)
    OLED_Pow                                 0x08003025   Thumb Code    22  oled.o(.text)
    OLED_ShowNum                             0x0800303b   Thumb Code   140  oled.o(.text)
    OLED_ShowIntNum                          0x080030c7   Thumb Code    90  oled.o(.text)
    OLED_Show3FNum                           0x08003121   Thumb Code   676  oled.o(.text)
    OLED_ShowChinese                         0x080033c5   Thumb Code   276  oled.o(.text)
    OLED_ScrollDisplay                       0x080034d9   Thumb Code   168  oled.o(.text)
    OLED_ShowPicture                         0x08003581   Thumb Code   214  oled.o(.text)
    OLED_Init                                0x08003657   Thumb Code   362  oled.o(.text)
    EC11_KEY1_click_do                       0x080037cd   Thumb Code     2  ec11.o(.text)
    EC11_KEY2_click_do                       0x080037cf   Thumb Code     2  ec11.o(.text)
    TIM3_Int_Init                            0x080037d1   Thumb Code    86  ec11.o(.text)
    TIM4_Int_Init                            0x08003827   Thumb Code    86  ec11.o(.text)
    Encoder_EC11_Scan1                       0x0800387d   Thumb Code    94  ec11.o(.text)
    EC11_Hander1                             0x080038db   Thumb Code    44  ec11.o(.text)
    TIM3_IRQHandler                          0x08003907   Thumb Code    32  ec11.o(.text)
    Encoder_EC11_Scan2                       0x08003927   Thumb Code    94  ec11.o(.text)
    EC11_Hander2                             0x08003985   Thumb Code    44  ec11.o(.text)
    TIM4_IRQHandler                          0x080039b1   Thumb Code    32  ec11.o(.text)
    EC11_Init                                0x080039d1   Thumb Code   208  ec11.o(.text)
    MPU_UART1_init                           0x08003af1   Thumb Code   162  jy62.o(.text)
    UART1_Put_Char                           0x08003b93   Thumb Code    36  jy62.o(.text)
    UART1_Put_String                         0x08003bb7   Thumb Code    46  jy62.o(.text)
    fputc                                    0x08003be5   Thumb Code    22  jy62.o(.text)
    Data_process                             0x08003bfb   Thumb Code   212  jy62.o(.text)
    USART1_IRQHandler                        0x08003ccf   Thumb Code    46  jy62.o(.text)
    show_angle                               0x08003cfd   Thumb Code    30  jy62.o(.text)
    POWER_Init                               0x08003d39   Thumb Code   146  power.o(.text)
    Get_voltage                              0x08003df7   Thumb Code    62  power.o(.text)
    show_voltage                             0x08003e35   Thumb Code   224  power.o(.text)
    ROCKER_Init                              0x08003f49   Thumb Code   144  rocker.o(.text)
    Get_rocker_xy                            0x08004033   Thumb Code    92  rocker.o(.text)
    show_rocker_xy                           0x0800408f   Thumb Code   126  rocker.o(.text)
    KalmanFilter_Init                        0x08004129   Thumb Code    26  kalman.o(.text)
    KalmanFilter_Update                      0x08004143   Thumb Code   266  kalman.o(.text)
    TIM6_init                                0x0800425d   Thumb Code    84  timer.o(.text)
    TIM6_DAC_IRQHandler                      0x080042b1   Thumb Code    20  timer.o(.text)
    TIM7_init                                0x080042c5   Thumb Code    84  timer.o(.text)
    TIM7_IRQHandler                          0x08004319   Thumb Code    44  timer.o(.text)
    SPI1_ReadWriteByte                       0x08004351   Thumb Code    50  spi.o(.text)
    SPI1_Init                                0x08004383   Thumb Code   186  spi.o(.text)
    SPI1_SetSpeed                            0x0800443d   Thumb Code    36  spi.o(.text)
    NRF24L01_SPI_Init                        0x08004469   Thumb Code    86  24l01.o(.text)
    NRF24L01_Write_Reg                       0x080044bf   Thumb Code    38  24l01.o(.text)
    NRF24L01_Write_Buf                       0x080044e5   Thumb Code    56  24l01.o(.text)
    NRF24L01_TX_Mode                         0x0800451d   Thumb Code    96  24l01.o(.text)
    NRF24L01_Read_Buf                        0x0800457d   Thumb Code    56  24l01.o(.text)
    NRF24L01_Check                           0x080045b5   Thumb Code    72  24l01.o(.text)
    NRF24L01_Init                            0x080045fd   Thumb Code   158  24l01.o(.text)
    NRF24L01_Read_Reg                        0x0800469b   Thumb Code    36  24l01.o(.text)
    NRF24L01_TxPacket                        0x080046bf   Thumb Code   102  24l01.o(.text)
    NRF24L01_RxPacket                        0x08004725   Thumb Code    58  24l01.o(.text)
    NRF24L01_RX_Mode                         0x0800475f   Thumb Code    78  24l01.o(.text)
    __aeabi_dadd                             0x080047dd   Thumb Code   322  dadd.o(.text)
    __aeabi_dsub                             0x0800491f   Thumb Code     6  dadd.o(.text)
    __aeabi_drsub                            0x08004925   Thumb Code     6  dadd.o(.text)
    __aeabi_dmul                             0x0800492b   Thumb Code   228  dmul.o(.text)
    __aeabi_ddiv                             0x08004a0f   Thumb Code   222  ddiv.o(.text)
    __aeabi_ui2d                             0x08004aed   Thumb Code    26  dfltui.o(.text)
    __aeabi_d2iz                             0x08004b07   Thumb Code    62  dfixi.o(.text)
    __aeabi_f2d                              0x08004b45   Thumb Code    38  f2d.o(.text)
    __aeabi_d2f                              0x08004b6b   Thumb Code    56  d2f.o(.text)
    __aeabi_llsl                             0x08004ba3   Thumb Code    30  llshl.o(.text)
    _ll_shift_l                              0x08004ba3   Thumb Code     0  llshl.o(.text)
    __aeabi_llsr                             0x08004bc1   Thumb Code    32  llushr.o(.text)
    _ll_ushift_r                             0x08004bc1   Thumb Code     0  llushr.o(.text)
    __aeabi_lasr                             0x08004be1   Thumb Code    36  llsshr.o(.text)
    _ll_sshift_r                             0x08004be1   Thumb Code     0  llsshr.o(.text)
    __I$use$fp                               0x08004c05   Thumb Code     0  iusefp.o(.text)
    _float_round                             0x08004c05   Thumb Code    18  fepilogue.o(.text)
    _float_epilogue                          0x08004c17   Thumb Code    92  fepilogue.o(.text)
    _double_round                            0x08004c73   Thumb Code    30  depilogue.o(.text)
    _double_epilogue                         0x08004c91   Thumb Code   156  depilogue.o(.text)
    __scatterload                            0x08004d2d   Thumb Code    28  init.o(.text)
    __scatterload_rt2                        0x08004d2d   Thumb Code     0  init.o(.text)
    __scatterload_copy                       0x08004d51   Thumb Code    14  handlers.o(i.__scatterload_copy)
    __scatterload_null                       0x08004d5f   Thumb Code     2  handlers.o(i.__scatterload_null)
    __scatterload_zeroinit                   0x08004d61   Thumb Code    14  handlers.o(i.__scatterload_zeroinit)
    asc2_0806                                0x08004d6e   Data         552  oled.o(.constdata)
    asc2_1206                                0x08004f96   Data        1140  oled.o(.constdata)
    asc2_1608                                0x0800540a   Data        1520  oled.o(.constdata)
    asc2_2412                                0x080059fa   Data        3420  oled.o(.constdata)
    Hzk1                                     0x08006756   Data         512  oled.o(.constdata)
    Hzk2                                     0x08006956   Data          72  oled.o(.constdata)
    Hzk3                                     0x0800699e   Data         128  oled.o(.constdata)
    Hzk4                                     0x08006a1e   Data         512  oled.o(.constdata)
    TX_ADDRESS                               0x08006c1e   Data           5  24l01.o(.constdata)
    RX_ADDRESS                               0x08006c23   Data           5  24l01.o(.constdata)
    Region$$Table$$Base                      0x08006c28   Number         0  anon$$obj.o(Region$$Table)
    Region$$Table$$Limit                     0x08006c48   Number         0  anon$$obj.o(Region$$Table)
    SystemCoreClock                          0x20000000   Data           4  system_stm32f4xx.o(.data)
    AHBPrescTable                            0x20000004   Data          16  system_stm32f4xx.o(.data)
    key_value                                0x20000028   Data           1  key.o(.data)
    EC11_Num1                                0x20000030   Data           1  ec11.o(.data)
    EC11_Num2                                0x20000031   Data           1  ec11.o(.data)
    roll                                     0x20000038   Data           4  jy62.o(.data)
    pitch                                    0x2000003c   Data           4  jy62.o(.data)
    yaw                                      0x20000040   Data           4  jy62.o(.data)
    adcx1                                    0x20000044   Data           4  rocker.o(.data)
    adcy1                                    0x20000048   Data           4  rocker.o(.data)
    adcx2                                    0x2000004c   Data           4  rocker.o(.data)
    adcy2                                    0x20000050   Data           4  rocker.o(.data)
    OLED_GRAM                                0x20000054   Data        1152  oled.o(.bss)
    kf                                       0x200004e0   Data          40  power.o(.bss)
    tmp_buf                                  0x20000508   Data          33  24l01.o(.bss)
    __initial_sp                             0x20000930   Data           0  startup_stm32f40_41xxx.o(STACK)



==============================================================================

Memory Map of the image

  Image Entry point : 0x08000189

  Load Region LR_IROM1 (Base: 0x08000000, Size: 0x00006c9c, Max: 0x00100000, ABSOLUTE)

    Execution Region ER_IROM1 (Exec base: 0x08000000, Load base: 0x08000000, Size: 0x00006c48, Max: 0x00100000, ABSOLUTE)

    Exec Addr    Load Addr    Size         Type   Attr      Idx    E Section Name        Object

    0x08000000   0x08000000   0x00000188   Data   RO          268    RESET               startup_stm32f40_41xxx.o
    0x08000188   0x08000188   0x00000000   Code   RO         1345  * .ARM.Collect$$$$00000000  mc_w.l(entry.o)
    0x08000188   0x08000188   0x00000004   Code   RO         1362    .ARM.Collect$$$$00000001  mc_w.l(entry2.o)
    0x0800018c   0x0800018c   0x00000004   Code   RO         1365    .ARM.Collect$$$$00000004  mc_w.l(entry5.o)
    0x08000190   0x08000190   0x00000000   Code   RO         1367    .ARM.Collect$$$$00000008  mc_w.l(entry7b.o)
    0x08000190   0x08000190   0x00000000   Code   RO         1369    .ARM.Collect$$$$0000000A  mc_w.l(entry8b.o)
    0x08000190   0x08000190   0x00000008   Code   RO         1370    .ARM.Collect$$$$0000000B  mc_w.l(entry9a.o)
    0x08000198   0x08000198   0x00000000   Code   RO         1372    .ARM.Collect$$$$0000000D  mc_w.l(entry10a.o)
    0x08000198   0x08000198   0x00000000   Code   RO         1374    .ARM.Collect$$$$0000000F  mc_w.l(entry11a.o)
    0x08000198   0x08000198   0x00000004   Code   RO         1363    .ARM.Collect$$$$00002712  mc_w.l(entry2.o)
    0x0800019c   0x0800019c   0x000000d0   Code   RO            3    .text               main.o
    0x0800026c   0x0800026c   0x0000001a   Code   RO          193    .text               stm32f4xx_it.o
    0x08000286   0x08000286   0x00000002   PAD
    0x08000288   0x08000288   0x00000210   Code   RO          242    .text               system_stm32f4xx.o
    0x08000498   0x08000498   0x00000024   Code   RO          269    .text               startup_stm32f40_41xxx.o
    0x080004bc   0x080004bc   0x000000e0   Code   RO          275    .text               misc.o
    0x0800059c   0x0800059c   0x00000464   Code   RO          295    .text               stm32f4xx_adc.o
    0x08000a00   0x08000a00   0x00000294   Code   RO          624    .text               stm32f4xx_gpio.o
    0x08000c94   0x08000c94   0x0000065c   Code   RO          787    .text               stm32f4xx_rcc.o
    0x080012f0   0x080012f0   0x00000480   Code   RO          892    .text               stm32f4xx_spi.o
    0x08001770   0x08001770   0x00000ca2   Code   RO          932    .text               stm32f4xx_tim.o
    0x08002412   0x08002412   0x00000002   PAD
    0x08002414   0x08002414   0x00000454   Code   RO          952    .text               stm32f4xx_usart.o
    0x08002868   0x08002868   0x00000104   Code   RO          992    .text               delay.o
    0x0800296c   0x0800296c   0x000001f4   Code   RO         1055    .text               key.o
    0x08002b60   0x08002b60   0x00000c6c   Code   RO         1081    .text               oled.o
    0x080037cc   0x080037cc   0x00000324   Code   RO         1131    .text               ec11.o
    0x08003af0   0x08003af0   0x00000248   Code   RO         1157    .text               jy62.o
    0x08003d38   0x08003d38   0x00000210   Code   RO         1191    .text               power.o
    0x08003f48   0x08003f48   0x000001e0   Code   RO         1214    .text               rocker.o
    0x08004128   0x08004128   0x00000134   Code   RO         1254    .text               kalman.o
    0x0800425c   0x0800425c   0x000000f4   Code   RO         1274    .text               timer.o
    0x08004350   0x08004350   0x00000118   Code   RO         1300    .text               spi.o
    0x08004468   0x08004468   0x00000374   Code   RO         1320    .text               24l01.o
    0x080047dc   0x080047dc   0x0000014e   Code   RO         1348    .text               mf_w.l(dadd.o)
    0x0800492a   0x0800492a   0x000000e4   Code   RO         1350    .text               mf_w.l(dmul.o)
    0x08004a0e   0x08004a0e   0x000000de   Code   RO         1352    .text               mf_w.l(ddiv.o)
    0x08004aec   0x08004aec   0x0000001a   Code   RO         1354    .text               mf_w.l(dfltui.o)
    0x08004b06   0x08004b06   0x0000003e   Code   RO         1356    .text               mf_w.l(dfixi.o)
    0x08004b44   0x08004b44   0x00000026   Code   RO         1358    .text               mf_w.l(f2d.o)
    0x08004b6a   0x08004b6a   0x00000038   Code   RO         1360    .text               mf_w.l(d2f.o)
    0x08004ba2   0x08004ba2   0x0000001e   Code   RO         1376    .text               mc_w.l(llshl.o)
    0x08004bc0   0x08004bc0   0x00000020   Code   RO         1378    .text               mc_w.l(llushr.o)
    0x08004be0   0x08004be0   0x00000024   Code   RO         1380    .text               mc_w.l(llsshr.o)
    0x08004c04   0x08004c04   0x00000000   Code   RO         1382    .text               mc_w.l(iusefp.o)
    0x08004c04   0x08004c04   0x0000006e   Code   RO         1383    .text               mf_w.l(fepilogue.o)
    0x08004c72   0x08004c72   0x000000ba   Code   RO         1385    .text               mf_w.l(depilogue.o)
    0x08004d2c   0x08004d2c   0x00000024   Code   RO         1387    .text               mc_w.l(init.o)
    0x08004d50   0x08004d50   0x0000000e   Code   RO         1391    i.__scatterload_copy  mc_w.l(handlers.o)
    0x08004d5e   0x08004d5e   0x00000002   Code   RO         1392    i.__scatterload_null  mc_w.l(handlers.o)
    0x08004d60   0x08004d60   0x0000000e   Code   RO         1393    i.__scatterload_zeroinit  mc_w.l(handlers.o)
    0x08004d6e   0x08004d6e   0x00001eb0   Data   RO         1083    .constdata          oled.o
    0x08006c1e   0x08006c1e   0x0000000a   Data   RO         1322    .constdata          24l01.o
    0x08006c28   0x08006c28   0x00000020   Data   RO         1389    Region$$Table       anon$$obj.o


    Execution Region RW_IRAM1 (Exec base: 0x20000000, Load base: 0x08006c48, Size: 0x00000930, Max: 0x00020000, ABSOLUTE)

    Exec Addr    Load Addr    Size         Type   Attr      Idx    E Section Name        Object

    0x20000000   0x08006c48   0x00000014   Data   RW          243    .data               system_stm32f4xx.o
    0x20000014   0x08006c5c   0x00000010   Data   RW          788    .data               stm32f4xx_rcc.o
    0x20000024   0x08006c6c   0x00000004   Data   RW          993    .data               delay.o
    0x20000028   0x08006c70   0x00000002   Data   RW         1056    .data               key.o
    0x2000002a   0x08006c72   0x00000008   Data   RW         1132    .data               ec11.o
    0x20000032   0x08006c7a   0x00000002   PAD
    0x20000034   0x08006c7c   0x00000010   Data   RW         1159    .data               jy62.o
    0x20000044   0x08006c8c   0x00000010   Data   RW         1215    .data               rocker.o
    0x20000054        -       0x00000480   Zero   RW         1082    .bss                oled.o
    0x200004d4        -       0x0000000b   Zero   RW         1158    .bss                jy62.o
    0x200004df   0x08006c9c   0x00000001   PAD
    0x200004e0        -       0x00000028   Zero   RW         1192    .bss                power.o
    0x20000508        -       0x00000021   Zero   RW         1321    .bss                24l01.o
    0x20000529   0x08006c9c   0x00000007   PAD
    0x20000530        -       0x00000400   Zero   RW          266    STACK               startup_stm32f40_41xxx.o


==============================================================================

Image component sizes


      Code (inc. data)   RO Data    RW Data    ZI Data      Debug   Object Name

       884         48         10          0         33       4081   24l01.o
       260          8          0          4          0       1565   delay.o
       804         80          0          8          0       3260   ec11.o
       584         30          0         16         11       4026   jy62.o
       308         16          0          0          0       1476   kalman.o
       500         28          0          2          0       1380   key.o
       208         30          0          0          0     304883   main.o
       224         20          0          0          0       1901   misc.o
      3180         70       7856          0       1152      10047   oled.o
       528         52          0          0         40       1763   power.o
       480         28          0         16          0       2013   rocker.o
       280          8          0          0          0       1129   spi.o
        36          8        392          0       1024        868   startup_stm32f40_41xxx.o
      1124         24          0          0          0      10770   stm32f4xx_adc.o
       660         44          0          0          0       4241   stm32f4xx_gpio.o
        26          0          0          0          0       1262   stm32f4xx_it.o
      1628         52          0         16          0      13160   stm32f4xx_rcc.o
      1152         36          0          0          0       6989   stm32f4xx_spi.o
      3234         60          0          0          0      23096   stm32f4xx_tim.o
      1108         34          0          0          0       7964   stm32f4xx_usart.o
       528         46          0         20          0       1903   system_stm32f4xx.o
       244         12          0          0          0       1310   timer.o

    ----------------------------------------------------------------------
     17984        734       8290         84       2268     409087   Object Totals
         0          0         32          0          0          0   (incl. Generated)
         4          0          0          2          8          0   (incl. Padding)

    ----------------------------------------------------------------------

      Code (inc. data)   RO Data    RW Data    ZI Data      Debug   Library Member Name

         0          0          0          0          0          0   entry.o
         0          0          0          0          0          0   entry10a.o
         0          0          0          0          0          0   entry11a.o
         8          4          0          0          0          0   entry2.o
         4          0          0          0          0          0   entry5.o
         0          0          0          0          0          0   entry7b.o
         0          0          0          0          0          0   entry8b.o
         8          4          0          0          0          0   entry9a.o
        30          0          0          0          0          0   handlers.o
        36          8          0          0          0         68   init.o
         0          0          0          0          0          0   iusefp.o
        30          0          0          0          0         68   llshl.o
        36          0          0          0          0         68   llsshr.o
        32          0          0          0          0         68   llushr.o
        56          0          0          0          0         88   d2f.o
       334          0          0          0          0        148   dadd.o
       222          0          0          0          0        100   ddiv.o
       186          0          0          0          0        176   depilogue.o
        62          0          0          0          0         80   dfixi.o
        26          0          0          0          0         76   dfltui.o
       228          0          0          0          0         96   dmul.o
        38          0          0          0          0         68   f2d.o
       110          0          0          0          0        168   fepilogue.o

    ----------------------------------------------------------------------
      1446         16          0          0          0       1272   Library Totals
         0          0          0          0          0          0   (incl. Padding)

    ----------------------------------------------------------------------

      Code (inc. data)   RO Data    RW Data    ZI Data      Debug   Library Name

       184         16          0          0          0        272   mc_w.l
      1262          0          0          0          0       1000   mf_w.l

    ----------------------------------------------------------------------
      1446         16          0          0          0       1272   Library Totals

    ----------------------------------------------------------------------

==============================================================================


      Code (inc. data)   RO Data    RW Data    ZI Data      Debug   

     19430        750       8290         84       2268     405943   Grand Totals
     19430        750       8290         84       2268     405943   ELF Image Totals
     19430        750       8290         84          0          0   ROM Totals

==============================================================================

    Total RO  Size (Code + RO Data)                27720 (  27.07kB)
    Total RW  Size (RW Data + ZI Data)              2352 (   2.30kB)
    Total ROM Size (Code + RO Data + RW Data)      27804 (  27.15kB)

==============================================================================

